Component: Arm Compiler for Embedded 6.22 Tool: armlink [5ee90200]

==============================================================================

Section Cross References

    principal.o(.text.main) refers to myplateau.o(.text.initPlateau) for initPlateau
    principal.o(.text.main) refers to myusart.o(.text.UART1_Init) for UART1_Init
    principal.o(.text.main) refers to myds1307.o(.text.DS1307_Init) for DS1307_Init
    principal.o(.text.main) refers to mygpio.o(.text.MyGPIO_Init) for MyGPIO_Init
    principal.o(.text.main) refers to myadc.o(.text.configadc) for configadc
    principal.o(.text.main) refers to myadc.o(.text.convert_cont) for convert_cont
    principal.o(.text.main) refers to myspi.o(i.MySPI_Init) for MySPI_Init
    principal.o(.text.main) refers to myspi.o(i.MySPI_Clear_NSS) for MySPI_Clear_NSS
    principal.o(.text.main) refers to myspi.o(i.MySPI_Send) for MySPI_Send
    principal.o(.text.main) refers to myspi.o(i.MySPI_Set_NSS) for MySPI_Set_NSS
    principal.o(.text.main) refers to myencoder.o(.text.Encoder_GPIO_Init) for Encoder_GPIO_Init
    principal.o(.text.main) refers to myencoder.o(.text.Encoder_Timer_Init) for Encoder_Timer_Init
    principal.o(.text.main) refers to mygpio.o(.text.MyGPIO_Read) for MyGPIO_Read
    principal.o(.text.main) refers to mytimer.o(.text.MyTimer_Base_Init) for MyTimer_Base_Init
    principal.o(.text.main) refers to mytimer.o(.text.MyTimer_PWM) for MyTimer_PWM
    principal.o(.text.main) refers to myspi.o(i.MySPI_Read) for MySPI_Read
    principal.o(.text.main) refers to fflt_clz.o(x$fpl$fflt) for __aeabi_i2f
    principal.o(.text.main) refers to fdiv.o(x$fpl$fdiv) for __aeabi_fdiv
    principal.o(.text.main) refers to atanf.o(i.atanf) for atanf
    principal.o(.text.main) refers to fmul.o(x$fpl$fmul) for __aeabi_fmul
    principal.o(.text.main) refers to f2d.o(x$fpl$f2d) for __aeabi_f2d
    principal.o(.text.main) refers to ddiv.o(x$fpl$ddiv) for __aeabi_ddiv
    principal.o(.text.main) refers to daddsub_clz.o(x$fpl$dadd) for __aeabi_dadd
    principal.o(.text.main) refers to d2f.o(x$fpl$d2f) for __aeabi_d2f
    principal.o(.text.main) refers to fcmp.o(x$fpl$fcmp) for __aeabi_fcmplt
    principal.o(.text.main) refers to faddsub_clz.o(x$fpl$fadd) for __aeabi_fadd
    principal.o(.text.main) refers to myencoder.o(.text.MyTimer_Encoder_Read) for MyTimer_Encoder_Read
    principal.o(.text.main) refers to myencoder.o(.text.MyTimer_Encoder_Reset) for MyTimer_Encoder_Reset
    principal.o(.text.main) refers to mytimer.o(.text.MyTimer_SetDutyCycle) for MyTimer_SetDutyCycle
    principal.o(.text.main) refers to myds1307.o(.text.DS1307_GetTime) for DS1307_GetTime
    principal.o(.text.main) refers to dflt_clz.o(x$fpl$dfltu) for __aeabi_ui2d
    principal.o(.text.main) refers to dmul.o(x$fpl$dmul) for __aeabi_dmul
    principal.o(.text.main) refers to dfix.o(x$fpl$dfix) for __aeabi_d2iz
    principal.o(.text.main) refers to ffix.o(x$fpl$ffix) for __aeabi_f2iz
    principal.o(.text.main) refers to myusart.o(.text.UART1_SendData) for UART1_SendData
    principal.o(.ARM.exidx.text.main) refers to principal.o(.text.main) for [Anonymous Symbol]
    gpio.o(.text.GPIO) refers to mygpio.o(.text.MyGPIO_Init) for MyGPIO_Init
    gpio.o(.text.GPIO) refers to mygpio.o(.text.MyGPIO_Read) for MyGPIO_Read
    gpio.o(.text.GPIO) refers to mygpio.o(.text.MyGPIO_Set) for MyGPIO_Set
    gpio.o(.text.GPIO) refers to mygpio.o(.text.MyGPIO_Reset) for MyGPIO_Reset
    gpio.o(.ARM.exidx.text.GPIO) refers to gpio.o(.text.GPIO) for [Anonymous Symbol]
    timer.o(.ARM.exidx.text.delay) refers to timer.o(.text.delay) for [Anonymous Symbol]
    timer.o(.text.Timer) refers to mygpio.o(.text.MyGPIO_Init) for MyGPIO_Init
    timer.o(.text.Timer) refers to mytimer.o(.text.MyTimer_Base_Init) for MyTimer_Base_Init
    timer.o(.text.Timer) refers to mytimer.o(.text.MyTimer_PWM) for MyTimer_PWM
    timer.o(.text.Timer) refers to mytimer.o(.text.MyTimer_SetDutyCycle) for MyTimer_SetDutyCycle
    timer.o(.text.Timer) refers to timer.o(.text.delay) for delay
    timer.o(.ARM.exidx.text.Timer) refers to timer.o(.text.Timer) for [Anonymous Symbol]
    adc.o(.text.ADC) refers to mygpio.o(.text.MyGPIO_Init) for MyGPIO_Init
    adc.o(.text.ADC) refers to myadc.o(.text.configadc) for configadc
    adc.o(.text.ADC) refers to myadc.o(.text.convert_cont) for convert_cont
    adc.o(.text.ADC) refers to mytimer.o(.text.MyTimer_Base_Init) for MyTimer_Base_Init
    adc.o(.text.ADC) refers to mytimer.o(.text.MyTimer_PWM) for MyTimer_PWM
    adc.o(.text.ADC) refers to mytimer.o(.text.MyTimer_SetDutyCycle) for MyTimer_SetDutyCycle
    adc.o(.ARM.exidx.text.ADC) refers to adc.o(.text.ADC) for [Anonymous Symbol]
    myadc.o(.ARM.exidx.text.configadc) refers to myadc.o(.text.configadc) for [Anonymous Symbol]
    myadc.o(.ARM.exidx.text.convert_single) refers to myadc.o(.text.convert_single) for [Anonymous Symbol]
    myadc.o(.ARM.exidx.text.convert_cont) refers to myadc.o(.text.convert_cont) for [Anonymous Symbol]
[...]
    .ARM.Collect$$libinit$$00000030          0x0800023a   Section        0  libinit2.o(.ARM.Collect$$libinit$$00000030)
    .ARM.Collect$$libinit$$00000032          0x0800023a   Section        0  libinit2.o(.ARM.Collect$$libinit$$00000032)
    .ARM.Collect$$libinit$$00000034          0x0800023a   Section        0  libinit2.o(.ARM.Collect$$libinit$$00000034)
    .ARM.Collect$$libinit$$00000035          0x0800023a   Section        2  libinit2.o(.ARM.Collect$$libinit$$00000035)
    .ARM.Collect$$libshutdown$$00000000      0x0800023c   Section        2  libshutdown.o(.ARM.Collect$$libshutdown$$00000000)
    .ARM.Collect$$libshutdown$$00000002      0x0800023e   Section        0  libshutdown2.o(.ARM.Collect$$libshutdown$$00000002)
    .ARM.Collect$$libshutdown$$00000004      0x0800023e   Section        0  libshutdown2.o(.ARM.Collect$$libshutdown$$00000004)
    .ARM.Collect$$libshutdown$$00000007      0x0800023e   Section        0  libshutdown2.o(.ARM.Collect$$libshutdown$$00000007)
    .ARM.Collect$$libshutdown$$0000000A      0x0800023e   Section        0  libshutdown2.o(.ARM.Collect$$libshutdown$$0000000A)
    .ARM.Collect$$libshutdown$$0000000C      0x0800023e   Section        0  libshutdown2.o(.ARM.Collect$$libshutdown$$0000000C)
    .ARM.Collect$$libshutdown$$0000000F      0x0800023e   Section        0  libshutdown2.o(.ARM.Collect$$libshutdown$$0000000F)
    .ARM.Collect$$libshutdown$$00000010      0x0800023e   Section        2  libshutdown2.o(.ARM.Collect$$libshutdown$$00000010)
    .ARM.Collect$$rtentry$$00000000          0x08000240   Section        0  __rtentry.o(.ARM.Collect$$rtentry$$00000000)
    .ARM.Collect$$rtentry$$00000002          0x08000240   Section        0  __rtentry2.o(.ARM.Collect$$rtentry$$00000002)
    .ARM.Collect$$rtentry$$00000004          0x08000240   Section        6  __rtentry4.o(.ARM.Collect$$rtentry$$00000004)
    .ARM.Collect$$rtentry$$00000009          0x08000246   Section        0  __rtentry2.o(.ARM.Collect$$rtentry$$00000009)
    .ARM.Collect$$rtentry$$0000000A          0x08000246   Section        4  __rtentry2.o(.ARM.Collect$$rtentry$$0000000A)
    .ARM.Collect$$rtentry$$0000000C          0x0800024a   Section        0  __rtentry2.o(.ARM.Collect$$rtentry$$0000000C)
    .ARM.Collect$$rtentry$$0000000D          0x0800024a   Section        8  __rtentry2.o(.ARM.Collect$$rtentry$$0000000D)
    .ARM.Collect$$rtexit$$00000000           0x08000252   Section        2  rtexit.o(.ARM.Collect$$rtexit$$00000000)
    .ARM.Collect$$rtexit$$00000002           0x08000254   Section        0  rtexit2.o(.ARM.Collect$$rtexit$$00000002)
    .ARM.Collect$$rtexit$$00000003           0x08000254   Section        4  rtexit2.o(.ARM.Collect$$rtexit$$00000003)
    .ARM.Collect$$rtexit$$00000004           0x08000258   Section        6  rtexit2.o(.ARM.Collect$$rtexit$$00000004)
    .text                                    0x08000260   Section       64  startup_stm32f10x_md.o(.text)
    .text                                    0x080002a0   Section        0  snprintf.o(.text)
    .text                                    0x080002e0   Section        0  heapauxi.o(.text)
    .text                                    0x080002e6   Section        0  _printf_pad.o(.text)
    .text                                    0x08000334   Section        0  _printf_truncate.o(.text)
    .text                                    0x08000358   Section        0  _printf_str.o(.text)
    .text                                    0x080003ac   Section        0  _printf_dec.o(.text)
    .text                                    0x08000424   Section        0  _printf_charcount.o(.text)
    _printf_input_char                       0x0800044d   Thumb Code    10  _printf_char_common.o(.text)
    .text                                    0x0800044c   Section        0  _printf_char_common.o(.text)
    .text                                    0x0800047c   Section        0  _snputc.o(.text)
    .text                                    0x0800048c   Section        0  _printf_wctomb.o(.text)
    .text                                    0x08000548   Section        0  _printf_longlong_dec.o(.text)
    _printf_longlong_oct_internal            0x080005c5   Thumb Code     0  _printf_oct_int_ll.o(.text)
    .text                                    0x080005c4   Section        0  _printf_oct_int_ll.o(.text)
    _printf_hex_common                       0x08000635   Thumb Code     0  _printf_hex_int_ll_ptr.o(.text)
    .text                                    0x08000634   Section        0  _printf_hex_int_ll_ptr.o(.text)
    .text                                    0x080006c8   Section        0  __printf_flags_ss_wp.o(.text)
    .text                                    0x08000850   Section      138  lludiv10.o(.text)
    .text                                    0x080008da   Section        0  _printf_intcommon.o(.text)
    _fp_digits                               0x0800098d   Thumb Code   432  _printf_fp_dec.o(.text)
    .text                                    0x0800098c   Section        0  _printf_fp_dec.o(.text)
    .text                                    0x08000da8   Section        0  _printf_fp_hex.o(.text)
    .text                                    0x080010a4   Section        0  _printf_char.o(.text)
    .text                                    0x080010d0   Section        0  _printf_wchar.o(.text)
    .text                                    0x080010fc   Section        0  _c16rtomb.o(.text)
    .text                                    0x08001144   Section       74  sys_stackheap_outer.o(.text)
    .text                                    0x08001190   Section       16  rt_ctype_table.o(.text)
    .text                                    0x080011a0   Section        8  rt_locale_intlibspace.o(.text)
    .text                                    0x080011a8   Section        0  _printf_fp_infnan.o(.text)
    .text                                    0x08001228   Section        0  bigflt0.o(.text)
    .text                                    0x0800130c   Section        0  exit.o(.text)
    .text                                    0x08001320   Section        8  libspace.o(.text)
    .text                                    0x08001328   Section      128  strcmpv7m.o(.text)
    .text                                    0x080013a8   Section        0  sys_exit.o(.text)
    .text                                    0x080013b4   Section        2  use_no_semi.o(.text)
    .text                                    0x080013b6   Section        0  indicate_semi.o(.text)
    BCD_to_Decimal                           0x080013b9   Thumb Code    30  myds1307.o(.text.BCD_to_Decimal)
    [Anonymous Symbol]                       0x080013b8   Section        0  myds1307.o(.text.BCD_to_Decimal)
    [Anonymous Symbol]                       0x080013d8   Section        0  myds1307.o(.text.DS1307_GetTime)
    [Anonymous Symbol]                       0x08001454   Section        0  myds1307.o(.text.DS1307_Init)
    [Anonymous Symbol]                       0x08001494   Section        0  myencoder.o(.text.Encoder_GPIO_Init)
    [Anonymous Symbol]                       0x080014d4   Section        0  myencoder.o(.text.Encoder_Timer_Init)
    [Anonymous Symbol]                       0x08001544   Section        0  mygpio.o(.text.MyGPIO_Init)
    [Anonymous Symbol]                       0x08001660   Section        0  mygpio.o(.text.MyGPIO_Read)
    [Anonymous Symbol]                       0x0800168c   Section        0  mygpio.o(.text.MyGPIO_Reset)
    [Anonymous Symbol]                       0x080016a4   Section        0  mygpio.o(.text.MyGPIO_Set)
    [Anonymous Symbol]                       0x080016bc   Section        0  mytimer.o(.text.MyTimer_Base_Init)
    [Anonymous Symbol]                       0x080017bc   Section        0  myencoder.o(.text.MyTimer_Encoder_Read)
    [Anonymous Symbol]                       0x080017cc   Section        0  myencoder.o(.text.MyTimer_Encoder_Reset)
    [Anonymous Symbol]                       0x080017d8   Section        0  mytimer.o(.text.MyTimer_PWM)
    [Anonymous Symbol]                       0x080018b4   Section        0  mytimer.o(.text.MyTimer_SetDutyCycle)
    SetSysClock                              0x0800192d   Thumb Code     8  system_stm32f10x.o(.text.SetSysClock)
    [Anonymous Symbol]                       0x0800192c   Section        0  system_stm32f10x.o(.text.SetSysClock)
    SetSysClockTo72                          0x08001935   Thumb Code   290  system_stm32f10x.o(.text.SetSysClockTo72)
    [Anonymous Symbol]                       0x08001934   Section        0  system_stm32f10x.o(.text.SetSysClockTo72)
    [Anonymous Symbol]                       0x08001a58   Section        0  system_stm32f10x.o(.text.SystemInit)
    [Anonymous Symbol]                       0x08001ac0   Section        0  mytimer.o(.text.TIM1_UP_IRQHandler)
    [Anonymous Symbol]                       0x08001af0   Section        0  mytimer.o(.text.TIM2_IRQHandler)
    [Anonymous Symbol]                       0x08001b20   Section        0  mytimer.o(.text.TIM3_IRQHandler)
    [Anonymous Symbol]                       0x08001b50   Section        0  mytimer.o(.text.TIM4_IRQHandler)
    [Anonymous Symbol]                       0x08001b80   Section        0  myusart.o(.text.UART1_Init)
    [Anonymous Symbol]                       0x08001c1c   Section        0  myusart.o(.text.UART1_SendChar)
    [Anonymous Symbol]                       0x08001c4c   Section        0  myusart.o(.text.UART1_SendData)
    [Anonymous Symbol]                       0x08001cf4   Section        0  myusart.o(.text.UART1_SendString)
    [Anonymous Symbol]                       0x08001d18   Section        0  myplateau.o(.text.USART1_IRQHandler)
    __NVIC_EnableIRQ                         0x08001d55   Thumb Code    48  myusart.o(.text.__NVIC_EnableIRQ)
    [Anonymous Symbol]                       0x08001d54   Section        0  myusart.o(.text.__NVIC_EnableIRQ)
    [Anonymous Symbol]                       0x08001d84   Section        0  myadc.o(.text.configadc)
    [Anonymous Symbol]                       0x08001dfc   Section        0  myadc.o(.text.convert_cont)
    [Anonymous Symbol]                       0x08001e4c   Section        0  myplateau.o(.text.initPlateau)
    [Anonymous Symbol]                       0x08001ec8   Section        0  principal.o(.text.main)
    [Anonymous Symbol]                       0x08002278   Section        0  myplateau.o(.text.updateBoatDirectionAndSpeed)
    CL$$btod_d2e                             0x08002338   Section       62  btod.o(CL$$btod_d2e)
    CL$$btod_d2e_denorm_low                  0x08002376   Section       70  btod.o(CL$$btod_d2e_denorm_low)
    CL$$btod_d2e_norm_op1                    0x080023bc   Section       96  btod.o(CL$$btod_d2e_norm_op1)
    CL$$btod_div_common                      0x0800241c   Section      824  btod.o(CL$$btod_div_common)
    CL$$btod_e2e                             0x08002754   Section      220  btod.o(CL$$btod_e2e)
    CL$$btod_ediv                            0x08002830   Section       42  btod.o(CL$$btod_ediv)
    CL$$btod_emul                            0x0800285a   Section       42  btod.o(CL$$btod_emul)
    CL$$btod_mult_common                     0x08002884   Section      580  btod.o(CL$$btod_mult_common)
    i.I2C1_ER_IRQHandler                     0x08002ac8   Section        0  myi2c.o(i.I2C1_ER_IRQHandler)
    i.I2C2_ER_IRQHandler                     0x08002b28   Section        0  myi2c.o(i.I2C2_ER_IRQHandler)
    i.MyI2C_GetString                        0x08002b88   Section        0  myi2c.o(i.MyI2C_GetString)
    i.MyI2C_Init                             0x08002c78   Section        0  myi2c.o(i.MyI2C_Init)
    i.MyI2C_PutString                        0x08003074   Section        0  myi2c.o(i.MyI2C_PutString)
    i.MySPI_Clear_NSS                        0x08003110   Section        0  myspi.o(i.MySPI_Clear_NSS)
    i.MySPI_Init                             0x08003140   Section        0  myspi.o(i.MySPI_Init)
    i.MySPI_Read                             0x08003334   Section        0  myspi.o(i.MySPI_Read)
    i.MySPI_Send                             0x08003388   Section        0  myspi.o(i.MySPI_Send)
    i.MySPI_Set_NSS                          0x080033d8   Section        0  myspi.o(i.MySPI_Set_NSS)
    i.__ARM_fpclassify                       0x08003404   Section        0  fpclassify.o(i.__ARM_fpclassify)
    i.__ARM_fpclassifyf                      0x0800342c   Section        0  fpclassifyf.o(i.__ARM_fpclassifyf)
    __NVIC_EnableIRQ                         0x08003453   Thumb Code    34  myi2c.o(i.__NVIC_EnableIRQ)
    i.__NVIC_EnableIRQ                       0x08003452   Section        0  myi2c.o(i.__NVIC_EnableIRQ)
    __NVIC_SetPriority                       0x08003475   Thumb Code    32  myi2c.o(i.__NVIC_SetPriority)
    i.__NVIC_SetPriority                     0x08003474   Section        0  myi2c.o(i.__NVIC_SetPriority)
    i.__mathlib_flt_infnan                   0x0800349c   Section        0  funder.o(i.__mathlib_flt_infnan)
    i.__mathlib_flt_underflow                0x080034a2   Section        0  funder.o(i.__mathlib_flt_underflow)
    i._is_digit                              0x080034ac   Section        0  __printf_wp.o(i._is_digit)
    i.atanf                                  0x080034bc   Section        0  atanf.o(i.atanf)
    locale$$code                             0x08003638   Section       44  lc_numeric_c.o(locale$$code)
    locale$$code                             0x08003664   Section       44  lc_ctype_c.o(locale$$code)
    x$fpl$d2f                                0x08003690   Section       98  d2f.o(x$fpl$d2f)
    x$fpl$dadd                               0x080036f4   Section      336  daddsub_clz.o(x$fpl$dadd)
    _dadd1                                   0x08003705   Thumb Code     0  daddsub_clz.o(x$fpl$dadd)
    x$fpl$ddiv                               0x08003844   Section      696  ddiv.o(x$fpl$ddiv)
    ddiv_entry                               0x0800384b   Thumb Code     0  ddiv.o(x$fpl$ddiv)
    x$fpl$dfix                               0x08003afc   Section       94  dfix.o(x$fpl$dfix)
    x$fpl$dfltu                              0x08003b5a   Section       38  dflt_clz.o(x$fpl$dfltu)
    x$fpl$dmul                               0x08003b80   Section      340  dmul.o(x$fpl$dmul)
    x$fpl$dnaninf                            0x08003cd4   Section      156  dnaninf.o(x$fpl$dnaninf)
    x$fpl$dretinf                            0x08003d70   Section       12  dretinf.o(x$fpl$dretinf)
    x$fpl$dsub                               0x08003d7c   Section      476  daddsub_clz.o(x$fpl$dsub)
    _dsub1                                   0x08003d8d   Thumb Code     0  daddsub_clz.o(x$fpl$dsub)
    x$fpl$f2d                                0x08003f58   Section       86  f2d.o(x$fpl$f2d)
    x$fpl$fadd                               0x08003fb0   Section      196  faddsub_clz.o(x$fpl$fadd)
    _fadd1                                   0x08003fbf   Thumb Code     0  faddsub_clz.o(x$fpl$fadd)
    x$fpl$fcheck1                            0x08004074   Section       12  fcheck1.o(x$fpl$fcheck1)
    x$fpl$fcmp                               0x08004080   Section       84  fcmp.o(x$fpl$fcmp)
    x$fpl$fcmpinf                            0x080040d4   Section       24  fcmpi.o(x$fpl$fcmpinf)
    _fdiv1                                   0x080040ed   Thumb Code     0  fdiv.o(x$fpl$fdiv)
    x$fpl$fdiv                               0x080040ec   Section      388  fdiv.o(x$fpl$fdiv)
    x$fpl$feqf                               0x08004270   Section      104  feqf.o(x$fpl$feqf)
    x$fpl$ffix                               0x080042d8   Section       54  ffix.o(x$fpl$ffix)
    x$fpl$fflt                               0x08004310   Section       48  fflt_clz.o(x$fpl$fflt)
    x$fpl$fgeqf                              0x08004340   Section      104  fgeqf.o(x$fpl$fgeqf)
    x$fpl$fleqf                              0x080043a8   Section      104  fleqf.o(x$fpl$fleqf)
    x$fpl$fmul                               0x08004410   Section      258  fmul.o(x$fpl$fmul)
    x$fpl$fnaninf                            0x08004512   Section      140  fnaninf.o(x$fpl$fnaninf)
    x$fpl$fretinf                            0x0800459e   Section       10  fretinf.o(x$fpl$fretinf)
    x$fpl$fsub                               0x080045a8   Section      234  faddsub_clz.o(x$fpl$fsub)
    _fsub1                                   0x080045b7   Thumb Code     0  faddsub_clz.o(x$fpl$fsub)
    x$fpl$printf1                            0x08004692   Section        4  printf1.o(x$fpl$printf1)
    x$fpl$printf2                            0x08004696   Section        4  printf2.o(x$fpl$printf2)
    x$fpl$retnan                             0x0800469a   Section      100  retnan.o(x$fpl$retnan)
    x$fpl$scalbnf                            0x080046fe   Section       76  scalbnf.o(x$fpl$scalbnf)
    x$fpl$trapveneer                         0x0800474a   Section       48  trapv.o(x$fpl$trapveneer)
    x$fpl$usenofp                            0x0800477a   Section        0  usenofp.o(x$fpl$usenofp)
    initial_mbstate                          0x0800477c   Data           8  _printf_wctomb.o(.constdata)
    .constdata                               0x0800477c   Section        8  _printf_wctomb.o(.constdata)
    uc_hextab                                0x08004784   Data          20  _printf_hex_int_ll_ptr.o(.constdata)
    .constdata                               0x08004784   Section       40  _printf_hex_int_ll_ptr.o(.constdata)
    lc_hextab                                0x08004798   Data          20  _printf_hex_int_ll_ptr.o(.constdata)
    maptable                                 0x080047ac   Data          17  __printf_flags_ss_wp.o(.constdata)
    .constdata                               0x080047ac   Section       17  __printf_flags_ss_wp.o(.constdata)
    lc_hextab                                0x080047bd   Data          19  _printf_fp_hex.o(.constdata)
    .constdata                               0x080047bd   Section       38  _printf_fp_hex.o(.constdata)
    uc_hextab                                0x080047d0   Data          19  _printf_fp_hex.o(.constdata)
    tenpwrs_x                                0x080047e4   Data          60  bigflt0.o(.constdata)
    .constdata                               0x080047e4   Section      148  bigflt0.o(.constdata)
    tenpwrs_i                                0x08004820   Data          64  bigflt0.o(.constdata)
    [Anonymous Symbol]                       0x08004878   Section        0  myusart.o(.rodata.str1.1)
    .L.str.1                                 0x08004882   Data          30  myusart.o(.rodata.str1.1)
    .L.str                                   0x080048a0   Data          29  myusart.o(.rodata.str1.1)
    .L.str.2                                 0x080048b3   Data          10  myusart.o(.rodata.str1.1)
    locale$$data                             0x080048e0   Section       28  lc_numeric_c.o(locale$$data)
    __lcnum_c_name                           0x080048e4   Data           2  lc_numeric_c.o(locale$$data)
    __lcnum_c_start                          0x080048ec   Data           0  lc_numeric_c.o(locale$$data)
    __lcnum_c_point                          0x080048f8   Data           0  lc_numeric_c.o(locale$$data)
    __lcnum_c_thousands                      0x080048fa   Data           0  lc_numeric_c.o(locale$$data)
    __lcnum_c_grouping                       0x080048fb   Data           0  lc_numeric_c.o(locale$$data)
    __lcnum_c_end                            0x080048fc   Data           0  lc_numeric_c.o(locale$$data)
    locale$$data                             0x080048fc   Section      272  lc_ctype_c.o(locale$$data)
    __lcctype_c_name                         0x08004900   Data           2  lc_ctype_c.o(locale$$data)
    __lcctype_c_start                        0x08004908   Data           0  lc_ctype_c.o(locale$$data)
    __lcctype_c_end                          0x08004a0c   Data           0  lc_ctype_c.o(locale$$data)
    I2C1_Err                                 0x20000000   Data           1  myi2c.o(.data)
    .data                                    0x20000000   Section       20  myi2c.o(.data)
    I2C2_Err                                 0x20000001   Data           1  myi2c.o(.data)
    PtrFct                                   0x20000010   Data           4  myi2c.o(.data)
    .data                                    0x20000014   Section        4  myspi.o(.data)
    .bss                                     0x20000018   Section       96  libspace.o(.bss)
    Timer_Callback                           0x20000078   Data           4  mytimer.o(.bss.Timer_Callback)
    [Anonymous Symbol]                       0x20000078   Section        0  mytimer.o(.bss.Timer_Callback)
    func_Callback                            0x2000007c   Data           4  myds1307.o(.bss.func_Callback)
    [Anonymous Symbol]                       0x2000007c   Section        0  myds1307.o(.bss.func_Callback)
    Heap_Mem                                 0x20000088   Data         512  startup_stm32f10x_md.o(HEAP)
    HEAP                                     0x20000088   Section      512  startup_stm32f10x_md.o(HEAP)
    Stack_Mem                                0x20000288   Data        1024  startup_stm32f10x_md.o(STACK)
    STACK                                    0x20000288   Section     1024  startup_stm32f10x_md.o(STACK)
    __initial_sp                             0x20000688   Data           0  startup_stm32f10x_md.o(STACK)

    Global Symbols

    Symbol Name                              Value     Ov Type        Size  Object(Section)

    BuildAttributes$$THM_ISAv4$P$D$K$B$S$PE$A:L22UL41UL21$X:L11$S22US41US21$IEEE1$IW$~IW$USESV6$~STKCKD$USESV7$~SHL$OTIME$ROPI$IEEEX$EBA8$UX$STANDARDLIB$REQ8$PRES8$EABIv2 0x00000000   Number         0  anon$$obj.o ABSOLUTE
    __fp_init_empty                          0x00000000   Number         0  fpinit_empty.o ABSOLUTE
    _printf_flags                            0x00000000   Number         0  printf_stubs.o ABSOLUTE
    _printf_return_value                     0x00000000   Number         0  printf_stubs.o ABSOLUTE
    _printf_sizespec                         0x00000000   Number         0  printf_stubs.o ABSOLUTE
    _printf_widthprec                        0x00000000   Number         0  printf_stubs.o ABSOLUTE
    __ARM_exceptions_init                     - Undefined Weak Reference
    __alloca_initialize                       - Undefined Weak Reference
    __arm_preinit_                            - Undefined Weak Reference
    __arm_relocate_pie_                       - Undefined Weak Reference
    __cpp_initialize__aeabi_                  - Undefined Weak Reference
    __cxa_finalize                            - Undefined Weak Reference
    __sigvec_lookup                           - Undefined Weak Reference
    _atexit_init                              - Undefined Weak Reference
    _call_atexit_fns                          - Undefined Weak Reference
    _clock_init                               - Undefined Weak Reference
    _fp_trap_init                             - Undefined Weak Reference
    _fp_trap_shutdown                         - Undefined Weak Reference
    _get_lc_collate                           - Undefined Weak Reference
    _get_lc_monetary                          - Undefined Weak Reference
    _get_lc_time                              - Undefined Weak Reference
    _getenv_init                              - Undefined Weak Reference
    _handle_redirection                       - Undefined Weak Reference
    _init_alloc                               - Undefined Weak Reference
    _init_user_alloc                          - Undefined Weak Reference
    _initio                                   - Undefined Weak Reference
    _printf_mbtowc                            - Undefined Weak Reference
    _printf_wc                                - Undefined Weak Reference
    _rand_init                                - Undefined Weak Reference
    _signal_finish                            - Undefined Weak Reference
    _signal_init                              - Undefined Weak Reference
    _terminate_alloc                          - Undefined Weak Reference
    _terminate_user_alloc                     - Undefined Weak Reference
    _terminateio                              - Undefined Weak Reference
    __Vectors_Size                           0x000000ec   Number         0  startup_stm32f10x_md.o ABSOLUTE
    __Vectors                                0x08000000   Data           4  startup_stm32f10x_md.o(RESET)
    __Vectors_End                            0x080000ec   Data           0  startup_stm32f10x_md.o(RESET)
    __main                                   0x080000ed   Thumb Code     8  __main.o(!!!main)
    __scatterload                            0x080000f5   Thumb Code     0  __scatter.o(!!!scatter)
    __scatterload_rt2                        0x080000f5   Thumb Code    84  __scatter.o(!!!scatter)
    __scatterload_rt2_thumb_only             0x080000f5   Thumb Code     0  __scatter.o(!!!scatter)
    __scatterload_loop                       0x080000ff   Thumb Code     0  __scatter.o(!!!scatter)
    __scatterload_copy                       0x08000151   Thumb Code    26  __scatter_copy.o(!!handler_copy)
    __scatterload_null                       0x0800016d   Thumb Code     2  __scatter.o(!!handler_null)
    __scatterload_zeroinit                   0x08000171   Thumb Code    28  __scatter_zi.o(!!handler_zi)
    _printf_n                                0x0800018d   Thumb Code     0  _printf_n.o(.ARM.Collect$$_printf_percent$$00000001)
    _printf_percent                          0x0800018d   Thumb Code     0  _printf_percent.o(.ARM.Collect$$_printf_percent$$00000000)
    _printf_p                                0x08000193   Thumb Code     0  _printf_p.o(.ARM.Collect$$_printf_percent$$00000002)
    _printf_f                                0x08000199   Thumb Code     0  _printf_f.o(.ARM.Collect$$_printf_percent$$00000003)
    _printf_e                                0x0800019f   Thumb Code     0  _printf_e.o(.ARM.Collect$$_printf_percent$$00000004)
    _printf_g                                0x080001a5   Thumb Code     0  _printf_g.o(.ARM.Collect$$_printf_percent$$00000005)
    _printf_a                                0x080001ab   Thumb Code     0  _printf_a.o(.ARM.Collect$$_printf_percent$$00000006)
    _printf_ll                               0x080001b1   Thumb Code     0  _printf_ll.o(.ARM.Collect$$_printf_percent$$00000007)
    _printf_i                                0x080001bb   Thumb Code     0  _printf_i.o(.ARM.Collect$$_printf_percent$$00000008)
    _printf_d                                0x080001c1   Thumb Code     0  _printf_d.o(.ARM.Collect$$_printf_percent$$00000009)
    _printf_u                                0x080001c7   Thumb Code     0  _printf_u.o(.ARM.Collect$$_printf_percent$$0000000A)
    _printf_o                                0x080001cd   Thumb Code     0  _printf_o.o(.ARM.Collect$$_printf_percent$$0000000B)
    _printf_x                                0x080001d3   Thumb Code     0  _printf_x.o(.ARM.Collect$$_printf_percent$$0000000C)
    _printf_lli                              0x080001d9   Thumb Code     0  _printf_lli.o(.ARM.Collect$$_printf_percent$$0000000D)
    _printf_lld                              0x080001df   Thumb Code     0  _printf_lld.o(.ARM.Collect$$_printf_percent$$0000000E)
    _printf_llu                              0x080001e5   Thumb Code     0  _printf_llu.o(.ARM.Collect$$_printf_percent$$0000000F)
    _printf_llo                              0x080001eb   Thumb Code     0  _printf_llo.o(.ARM.Collect$$_printf_percent$$00000010)
    _printf_llx                              0x080001f1   Thumb Code     0  _printf_llx.o(.ARM.Collect$$_printf_percent$$00000011)
    _printf_l                                0x080001f7   Thumb Code     0  _printf_l.o(.ARM.Collect$$_printf_percent$$00000012)
    _printf_c                                0x08000201   Thumb Code     0  _printf_c.o(.ARM.Collect$$_printf_percent$$00000013)
    _printf_s                                0x08000207   Thumb Code     0  _printf_s.o(.ARM.Collect$$_printf_percent$$00000014)
    _printf_lc                               0x0800020d   Thumb Code     0  _printf_lc.o(.ARM.Collect$$_printf_percent$$00000015)
    _printf_ls                               0x08000213   Thumb Code     0  _printf_ls.o(.ARM.Collect$$_printf_percent$$00000016)
    _printf_percent_end                      0x08000219   Thumb Code     0  _printf_percent_end.o(.ARM.Collect$$_printf_percent$$00000017)
    __rt_lib_init                            0x0800021d   Thumb Code     0  libinit.o(.ARM.Collect$$libinit$$00000000)
    __rt_lib_init_fp_1                       0x0800021f   Thumb Code     0  libinit2.o(.ARM.Collect$$libinit$$00000002)
    __rt_lib_init_heap_1                     0x0800021f   Thumb Code     0  libinit2.o(.ARM.Collect$$libinit$$0000000C)
    __rt_lib_init_lc_common                  0x0800021f   Thumb Code     0  libinit2.o(.ARM.Collect$$libinit$$00000011)
    __rt_lib_init_preinit_1                  0x0800021f   Thumb Code     0  libinit2.o(.ARM.Collect$$libinit$$00000006)
    __rt_lib_init_rand_1                     0x0800021f   Thumb Code     0  libinit2.o(.ARM.Collect$$libinit$$00000010)
    __rt_lib_init_relocate_pie_1             0x0800021f   Thumb Code     0  libinit2.o(.ARM.Collect$$libinit$$00000004)
    __rt_lib_init_user_alloc_1               0x0800021f   Thumb Code     0  libinit2.o(.ARM.Collect$$libinit$$0000000E)
    __rt_lib_init_lc_collate_1               0x08000225   Thumb Code     0  libinit2.o(.ARM.Collect$$libinit$$00000013)
    __rt_lib_init_lc_ctype_2                 0x08000225   Thumb Code     0  libinit2.o(.ARM.Collect$$libinit$$00000014)
    __rt_lib_init_lc_ctype_1                 0x08000231   Thumb Code     0  libinit2.o(.ARM.Collect$$libinit$$00000015)
    __rt_lib_init_lc_monetary_1              0x08000231   Thumb Code     0  libinit2.o(.ARM.Collect$$libinit$$00000017)
    __rt_lib_init_lc_numeric_2               0x08000231   Thumb Code     0  libinit2.o(.ARM.Collect$$libinit$$00000018)
    __rt_lib_init_alloca_1                   0x0800023b   Thumb Code     0  libinit2.o(.ARM.Collect$$libinit$$00000030)
    __rt_lib_init_argv_1                     0x0800023b   Thumb Code     0  libinit2.o(.ARM.Collect$$libinit$$0000002E)
    __rt_lib_init_atexit_1                   0x0800023b   Thumb Code     0  libinit2.o(.ARM.Collect$$libinit$$0000001D)
    __rt_lib_init_clock_1                    0x0800023b   Thumb Code     0  libinit2.o(.ARM.Collect$$libinit$$00000023)
    __rt_lib_init_cpp_1                      0x0800023b   Thumb Code     0  libinit2.o(.ARM.Collect$$libinit$$00000034)
    __rt_lib_init_exceptions_1               0x0800023b   Thumb Code     0  libinit2.o(.ARM.Collect$$libinit$$00000032)
    __rt_lib_init_fp_trap_1                  0x0800023b   Thumb Code     0  libinit2.o(.ARM.Collect$$libinit$$00000021)
    __rt_lib_init_getenv_1                   0x0800023b   Thumb Code     0  libinit2.o(.ARM.Collect$$libinit$$00000025)
    __rt_lib_init_lc_numeric_1               0x0800023b   Thumb Code     0  libinit2.o(.ARM.Collect$$libinit$$00000019)
    __rt_lib_init_lc_time_1                  0x0800023b   Thumb Code     0  libinit2.o(.ARM.Collect$$libinit$$0000001B)
    __rt_lib_init_return                     0x0800023b   Thumb Code     0  libinit2.o(.ARM.Collect$$libinit$$00000035)
    __rt_lib_init_signal_1                   0x0800023b   Thumb Code     0  libinit2.o(.ARM.Collect$$libinit$$0000001F)
    __rt_lib_init_stdio_1                    0x0800023b   Thumb Code     0  libinit2.o(.ARM.Collect$$libinit$$00000027)
    __rt_lib_shutdown                        0x0800023d   Thumb Code     0  libshutdown.o(.ARM.Collect$$libshutdown$$00000000)
    __rt_lib_shutdown_cpp_1                  0x0800023f   Thumb Code     0  libshutdown2.o(.ARM.Collect$$libshutdown$$00000002)
    __rt_lib_shutdown_fp_trap_1              0x0800023f   Thumb Code     0  libshutdown2.o(.ARM.Collect$$libshutdown$$00000007)
    __rt_lib_shutdown_heap_1                 0x0800023f   Thumb Code     0  libshutdown2.o(.ARM.Collect$$libshutdown$$0000000F)
    __rt_lib_shutdown_return                 0x0800023f   Thumb Code     0  libshutdown2.o(.ARM.Collect$$libshutdown$$00000010)
    __rt_lib_shutdown_signal_1               0x0800023f   Thumb Code     0  libshutdown2.o(.ARM.Collect$$libshutdown$$0000000A)
    __rt_lib_shutdown_stdio_1                0x0800023f   Thumb Code     0  libshutdown2.o(.ARM.Collect$$libshutdown$$00000004)
    __rt_lib_shutdown_user_alloc_1           0x0800023f   Thumb Code     0  libshutdown2.o(.ARM.Collect$$libshutdown$$0000000C)
    __rt_entry                               0x08000241   Thumb Code     0  __rtentry.o(.ARM.Collect$$rtentry$$00000000)
    __rt_entry_presh_1                       0x08000241   Thumb Code     0  __rtentry2.o(.ARM.Collect$$rtentry$$00000002)
    __rt_entry_sh                            0x08000241   Thumb Code     0  __rtentry4.o(.ARM.Collect$$rtentry$$00000004)
    __rt_entry_li                            0x08000247   Thumb Code     0  __rtentry2.o(.ARM.Collect$$rtentry$$0000000A)
    __rt_entry_postsh_1                      0x08000247   Thumb Code     0  __rtentry2.o(.ARM.Collect$$rtentry$$00000009)
    __rt_entry_main                          0x0800024b   Thumb Code     0  __rtentry2.o(.ARM.Collect$$rtentry$$0000000D)
    __rt_entry_postli_1                      0x0800024b   Thumb Code     0  __rtentry2.o(.ARM.Collect$$rtentry$$0000000C)
    __rt_exit                                0x08000253   Thumb Code     0  rtexit.o(.ARM.Collect$$rtexit$$00000000)
    __rt_exit_ls                             0x08000255   Thumb Code     0  rtexit2.o(.ARM.Collect$$rtexit$$00000003)
    __rt_exit_prels_1                        0x08000255   Thumb Code     0  rtexit2.o(.ARM.Collect$$rtexit$$00000002)
    __rt_exit_exit                           0x08000259   Thumb Code     0  rtexit2.o(.ARM.Collect$$rtexit$$00000004)
    Reset_Handler                            0x08000261   Thumb Code     8  startup_stm32f10x_md.o(.text)
    NMI_Handler                              0x08000269   Thumb Code     2  startup_stm32f10x_md.o(.text)
    HardFault_Handler                        0x0800026b   Thumb Code     2  startup_stm32f10x_md.o(.text)
    MemManage_Handler                        0x0800026d   Thumb Code     2  startup_stm32f10x_md.o(.text)
    BusFault_Handler                         0x0800026f   Thumb Code     2  startup_stm32f10x_md.o(.text)
    UsageFault_Handler                       0x08000271   Thumb Code     2  startup_stm32f10x_md.o(.text)
    SVC_Handler                              0x08000273   Thumb Code     2  startup_stm32f10x_md.o(.text)
    DebugMon_Handler                         0x08000275   Thumb Code     2  startup_stm32f10x_md.o(.text)
    PendSV_Handler                           0x08000277   Thumb Code     2  startup_stm32f10x_md.o(.text)
    SysTick_Handler                          0x08000279   Thumb Code     2  startup_stm32f10x_md.o(.text)
    ADC1_2_IRQHandler                        0x0800027b   Thumb Code     0  startup_stm32f10x_md.o(.text)
    CAN1_RX1_IRQHandler                      0x0800027b   Thumb Code     0  startup_stm32f10x_md.o(.text)
    CAN1_SCE_IRQHandler                      0x0800027b   Thumb Code     0  startup_stm32f10x_md.o(.text)
    DMA1_Channel1_IRQHandler                 0x0800027b   Thumb Code     0  startup_stm32f10x_md.o(.text)
    DMA1_Channel2_IRQHandler                 0x0800027b   Thumb Code     0  startup_stm32f10x_md.o(.text)
    DMA1_Channel3_IRQHandler                 0x0800027b   Thumb Code     0  startup_stm32f10x_md.o(.text)
    DMA1_Channel4_IRQHandler                 0x0800027b   Thumb Code     0  startup_stm32f10x_md.o(.text)
    DMA1_Channel5_IRQHandler                 0x0800027b   Thumb Code     0  startup_stm32f10x_md.o(.text)
    DMA1_Channel6_IRQHandler                 0x0800027b   Thumb Code     0  startup_stm32f10x_md.o(.text)
    DMA1_Channel7_IRQHandler                 0x0800027b   Thumb Code     0  startup_stm32f10x_md.o(.text)
    EXTI0_IRQHandler                         0x0800027b   Thumb Code     0  startup_stm32f10x_md.o(.text)
    EXTI15_10_IRQHandler                     0x0800027b   Thumb Code     0  startup_stm32f10x_md.o(.text)
    EXTI1_IRQHandler                         0x0800027b   Thumb Code     0  startup_stm32f10x_md.o(.text)
    EXTI2_IRQHandler                         0x0800027b   Thumb Code     0  startup_stm32f10x_md.o(.text)
    EXTI3_IRQHandler                         0x0800027b   Thumb Code     0  startup_stm32f10x_md.o(.text)
    EXTI4_IRQHandler                         0x0800027b   Thumb Code     0  startup_stm32f10x_md.o(.text)
    EXTI9_5_IRQHandler                       0x0800027b   Thumb Code     0  startup_stm32f10x_md.o(.text)
    FLASH_IRQHandler                         0x0800027b   Thumb Code     0  startup_stm32f10x_md.o(.text)
    I2C1_EV_IRQHandler                       0x0800027b   Thumb Code     0  startup_stm32f10x_md.o(.text)
    I2C2_EV_IRQHandler                       0x0800027b   Thumb Code     0  startup_stm32f10x_md.o(.text)
    PVD_IRQHandler                           0x0800027b   Thumb Code     0  startup_stm32f10x_md.o(.text)
    RCC_IRQHandler                           0x0800027b   Thumb Code     0  startup_stm32f10x_md.o(.text)
    RTCAlarm_IRQHandler                      0x0800027b   Thumb Code     0  startup_stm32f10x_md.o(.text)
    RTC_IRQHandler                           0x0800027b   Thumb Code     0  startup_stm32f10x_md.o(.text)
    SPI1_IRQHandler                          0x0800027b   Thumb Code     0  startup_stm32f10x_md.o(.text)
    SPI2_IRQHandler                          0x0800027b   Thumb Code     0  startup_stm32f10x_md.o(.text)
    TAMPER_IRQHandler                        0x0800027b   Thumb Code     0  startup_stm32f10x_md.o(.text)
    TIM1_BRK_IRQHandler                      0x0800027b   Thumb Code     0  startup_stm32f10x_md.o(.text)
    TIM1_CC_IRQHandler                       0x0800027b   Thumb Code     0  startup_stm32f10x_md.o(.text)
    TIM1_TRG_COM_IRQHandler                  0x0800027b   Thumb Code     0  startup_stm32f10x_md.o(.text)
    USART2_IRQHandler                        0x0800027b   Thumb Code     0  startup_stm32f10x_md.o(.text)
    USART3_IRQHandler                        0x0800027b   Thumb Code     0  startup_stm32f10x_md.o(.text)
    USBWakeUp_IRQHandler                     0x0800027b   Thumb Code     0  startup_stm32f10x_md.o(.text)
    USB_HP_CAN1_TX_IRQHandler                0x0800027b   Thumb Code     0  startup_stm32f10x_md.o(.text)
    USB_LP_CAN1_RX0_IRQHandler               0x0800027b   Thumb Code     0  startup_stm32f10x_md.o(.text)
    WWDG_IRQHandler                          0x0800027b   Thumb Code     0  startup_stm32f10x_md.o(.text)
    __user_initial_stackheap                 0x0800027d   Thumb Code     0  startup_stm32f10x_md.o(.text)
    snprintf                                 0x080002a1   Thumb Code    58  snprintf.o(.text)
    __use_two_region_memory                  0x080002e1   Thumb Code     2  heapauxi.o(.text)
    __rt_heap_escrow$2region                 0x080002e3   Thumb Code     2  heapauxi.o(.text)
    __rt_heap_expand$2region                 0x080002e5   Thumb Code     2  heapauxi.o(.text)
    _printf_pre_padding                      0x080002e7   Thumb Code    44  _printf_pad.o(.text)
    _printf_post_padding                     0x08000313   Thumb Code    34  _printf_pad.o(.text)
    _printf_truncate_signed                  0x08000335   Thumb Code    18  _printf_truncate.o(.text)
    _printf_truncate_unsigned                0x08000347   Thumb Code    18  _printf_truncate.o(.text)
    _printf_str                              0x08000359   Thumb Code    82  _printf_str.o(.text)
    _printf_int_dec                          0x080003ad   Thumb Code   104  _printf_dec.o(.text)
    _printf_charcount                        0x08000425   Thumb Code    40  _printf_charcount.o(.text)
    _printf_char_common                      0x08000457   Thumb Code    32  _printf_char_common.o(.text)
    _snputc                                  0x0800047d   Thumb Code    16  _snputc.o(.text)
    _printf_wctomb                           0x0800048d   Thumb Code   182  _printf_wctomb.o(.text)
    _printf_longlong_dec                     0x08000549   Thumb Code   108  _printf_longlong_dec.o(.text)
    _printf_longlong_oct                     0x080005c5   Thumb Code    68  _printf_oct_int_ll.o(.text)
    _printf_int_oct                          0x08000609   Thumb Code    24  _printf_oct_int_ll.o(.text)
    _printf_ll_oct                           0x08000621   Thumb Code    12  _printf_oct_int_ll.o(.text)
    _printf_longlong_hex                     0x08000635   Thumb Code    86  _printf_hex_int_ll_ptr.o(.text)
    _printf_int_hex                          0x0800068b   Thumb Code    28  _printf_hex_int_ll_ptr.o(.text)
    _printf_ll_hex                           0x080006a7   Thumb Code    12  _printf_hex_int_ll_ptr.o(.text)
    _printf_hex_ptr                          0x080006b3   Thumb Code    18  _printf_hex_int_ll_ptr.o(.text)
    __printf                                 0x080006c9   Thumb Code   388  __printf_flags_ss_wp.o(.text)
    _ll_udiv10                               0x08000851   Thumb Code   138  lludiv10.o(.text)
    _printf_int_common                       0x080008db   Thumb Code   178  _printf_intcommon.o(.text)
    _printf_fp_dec_real                      0x08000b3d   Thumb Code   620  _printf_fp_dec.o(.text)
    _printf_fp_hex_real                      0x08000da9   Thumb Code   756  _printf_fp_hex.o(.text)
    _printf_cs_common                        0x080010a5   Thumb Code    20  _printf_char.o(.text)
    _printf_char                             0x080010b9   Thumb Code    16  _printf_char.o(.text)
    _printf_string                           0x080010c9   Thumb Code     8  _printf_char.o(.text)
    _printf_lcs_common                       0x080010d1   Thumb Code    20  _printf_wchar.o(.text)
    _printf_wchar                            0x080010e5   Thumb Code    16  _printf_wchar.o(.text)
    _printf_wstring                          0x080010f5   Thumb Code     8  _printf_wchar.o(.text)
    _c16rtomb                                0x080010fd   Thumb Code    72  _c16rtomb.o(.text)
    _wcrtomb                                 0x080010fd   Thumb Code     0  _c16rtomb.o(.text)
    __user_setup_stackheap                   0x08001145   Thumb Code    74  sys_stackheap_outer.o(.text)
    __rt_ctype_table                         0x08001191   Thumb Code    16  rt_ctype_table.o(.text)
    __rt_locale                              0x080011a1   Thumb Code     8  rt_locale_intlibspace.o(.text)
    _printf_fp_infnan                        0x080011a9   Thumb Code   112  _printf_fp_infnan.o(.text)
    _btod_etento                             0x08001229   Thumb Code   224  bigflt0.o(.text)
    exit                                     0x0800130d   Thumb Code    18  exit.o(.text)
    __user_libspace                          0x08001321   Thumb Code     8  libspace.o(.text)
    __user_perproc_libspace                  0x08001321   Thumb Code     0  libspace.o(.text)
    __user_perthread_libspace                0x08001321   Thumb Code     0  libspace.o(.text)
    strcmp                                   0x08001329   Thumb Code   128  strcmpv7m.o(.text)
    _sys_exit                                0x080013a9   Thumb Code     8  sys_exit.o(.text)
    __I$use$semihosting                      0x080013b5   Thumb Code     0  use_no_semi.o(.text)
    __use_no_semihosting_swi                 0x080013b5   Thumb Code     2  use_no_semi.o(.text)
    __semihosting_library_function           0x080013b7   Thumb Code     0  indicate_semi.o(.text)
    DS1307_GetTime                           0x080013d9   Thumb Code   124  myds1307.o(.text.DS1307_GetTime)
    DS1307_Init                              0x08001455   Thumb Code    62  myds1307.o(.text.DS1307_Init)
    Encoder_GPIO_Init                        0x08001495   Thumb Code    62  myencoder.o(.text.Encoder_GPIO_Init)
    Encoder_Timer_Init                       0x080014d5   Thumb Code   112  myencoder.o(.text.Encoder_Timer_Init)
    MyGPIO_Init                              0x08001545   Thumb Code   284  mygpio.o(.text.MyGPIO_Init)
    MyGPIO_Read                              0x08001661   Thumb Code    42  mygpio.o(.text.MyGPIO_Read)
    MyGPIO_Reset                             0x0800168d   Thumb Code    24  mygpio.o(.text.MyGPIO_Reset)
    MyGPIO_Set                               0x080016a5   Thumb Code    24  mygpio.o(.text.MyGPIO_Set)
    MyTimer_Base_Init                        0x080016bd   Thumb Code   254  mytimer.o(.text.MyTimer_Base_Init)
    MyTimer_Encoder_Read                     0x080017bd   Thumb Code    14  myencoder.o(.text.MyTimer_Encoder_Read)
    MyTimer_Encoder_Reset                    0x080017cd   Thumb Code    12  myencoder.o(.text.MyTimer_Encoder_Reset)
    MyTimer_PWM                              0x080017d9   Thumb Code   220  mytimer.o(.text.MyTimer_PWM)
    MyTimer_SetDutyCycle                     0x080018b5   Thumb Code   118  mytimer.o(.text.MyTimer_SetDutyCycle)
    SystemInit                               0x08001a59   Thumb Code   102  system_stm32f10x.o(.text.SystemInit)
    TIM1_UP_IRQHandler                       0x08001ac1   Thumb Code    48  mytimer.o(.text.TIM1_UP_IRQHandler)
    TIM2_IRQHandler                          0x08001af1   Thumb Code    46  mytimer.o(.text.TIM2_IRQHandler)
    TIM3_IRQHandler                          0x08001b21   Thumb Code    48  mytimer.o(.text.TIM3_IRQHandler)
    TIM4_IRQHandler                          0x08001b51   Thumb Code    48  mytimer.o(.text.TIM4_IRQHandler)
    UART1_Init                               0x08001b81   Thumb Code   156  myusart.o(.text.UART1_Init)
    UART1_SendChar                           0x08001c1d   Thumb Code    46  myusart.o(.text.UART1_SendChar)
    UART1_SendData                           0x08001c4d   Thumb Code   166  myusart.o(.text.UART1_SendData)
    UART1_SendString                         0x08001cf5   Thumb Code    34  myusart.o(.text.UART1_SendString)
    USART1_IRQHandler                        0x08001d19   Thumb Code    60  myplateau.o(.text.USART1_IRQHandler)
    configadc                                0x08001d85   Thumb Code   118  myadc.o(.text.configadc)
    convert_cont                             0x08001dfd   Thumb Code    78  myadc.o(.text.convert_cont)
    initPlateau                              0x08001e4d   Thumb Code   124  myplateau.o(.text.initPlateau)
    main                                     0x08001ec9   Thumb Code   944  principal.o(.text.main)
    updateBoatDirectionAndSpeed              0x08002279   Thumb Code   192  myplateau.o(.text.updateBoatDirectionAndSpeed)
    _btod_d2e                                0x08002339   Thumb Code    62  btod.o(CL$$btod_d2e)
    _d2e_denorm_low                          0x08002377   Thumb Code    70  btod.o(CL$$btod_d2e_denorm_low)
    _d2e_norm_op1                            0x080023bd   Thumb Code    96  btod.o(CL$$btod_d2e_norm_op1)
    __btod_div_common                        0x0800241d   Thumb Code   696  btod.o(CL$$btod_div_common)
    _e2e                                     0x08002755   Thumb Code   220  btod.o(CL$$btod_e2e)
    _btod_ediv                               0x08002831   Thumb Code    42  btod.o(CL$$btod_ediv)
    _btod_emul                               0x0800285b   Thumb Code    42  btod.o(CL$$btod_emul)
    __btod_mult_common                       0x08002885   Thumb Code   580  btod.o(CL$$btod_mult_common)
    I2C1_ER_IRQHandler                       0x08002ac9   Thumb Code    82  myi2c.o(i.I2C1_ER_IRQHandler)
    I2C2_ER_IRQHandler                       0x08002b29   Thumb Code    82  myi2c.o(i.I2C2_ER_IRQHandler)
    MyI2C_GetString                          0x08002b89   Thumb Code   226  myi2c.o(i.MyI2C_GetString)
    MyI2C_Init                               0x08002c79   Thumb Code   984  myi2c.o(i.MyI2C_Init)
    MyI2C_PutString                          0x08003075   Thumb Code   144  myi2c.o(i.MyI2C_PutString)
    MySPI_Clear_NSS                          0x08003111   Thumb Code    30  myspi.o(i.MySPI_Clear_NSS)
    MySPI_Init                               0x08003141   Thumb Code   480  myspi.o(i.MySPI_Init)
    MySPI_Read                               0x08003335   Thumb Code    70  myspi.o(i.MySPI_Read)
    MySPI_Send                               0x08003389   Thumb Code    68  myspi.o(i.MySPI_Send)
    MySPI_Set_NSS                            0x080033d9   Thumb Code    28  myspi.o(i.MySPI_Set_NSS)
    __ARM_fpclassify                         0x08003405   Thumb Code    40  fpclassify.o(i.__ARM_fpclassify)
    __ARM_fpclassifyf                        0x0800342d   Thumb Code    38  fpclassifyf.o(i.__ARM_fpclassifyf)
    __mathlib_flt_infnan                     0x0800349d   Thumb Code     6  funder.o(i.__mathlib_flt_infnan)
    __mathlib_flt_underflow                  0x080034a3   Thumb Code    10  funder.o(i.__mathlib_flt_underflow)
    _is_digit                                0x080034ad   Thumb Code    14  __printf_wp.o(i._is_digit)
    atanf                                    0x080034bd   Thumb Code   324  atanf.o(i.atanf)
    _get_lc_numeric                          0x08003639   Thumb Code    44  lc_numeric_c.o(locale$$code)
    _get_lc_ctype                            0x08003665   Thumb Code    44  lc_ctype_c.o(locale$$code)
    __aeabi_d2f                              0x08003691   Thumb Code     0  d2f.o(x$fpl$d2f)
    _d2f                                     0x08003691   Thumb Code    98  d2f.o(x$fpl$d2f)
    __aeabi_dadd                             0x080036f5   Thumb Code     0  daddsub_clz.o(x$fpl$dadd)
    _dadd                                    0x080036f5   Thumb Code   332  daddsub_clz.o(x$fpl$dadd)
    __aeabi_ddiv                             0x08003845   Thumb Code     0  ddiv.o(x$fpl$ddiv)
    _ddiv                                    0x08003845   Thumb Code   560  ddiv.o(x$fpl$ddiv)
    __aeabi_d2iz                             0x08003afd   Thumb Code     0  dfix.o(x$fpl$dfix)
    _dfix                                    0x08003afd   Thumb Code    94  dfix.o(x$fpl$dfix)
    __aeabi_ui2d                             0x08003b5b   Thumb Code     0  dflt_clz.o(x$fpl$dfltu)
    _dfltu                                   0x08003b5b   Thumb Code    38  dflt_clz.o(x$fpl$dfltu)
    __aeabi_dmul                             0x08003b81   Thumb Code     0  dmul.o(x$fpl$dmul)
    _dmul                                    0x08003b81   Thumb Code   332  dmul.o(x$fpl$dmul)
    __fpl_dnaninf                            0x08003cd5   Thumb Code   156  dnaninf.o(x$fpl$dnaninf)
    __fpl_dretinf                            0x08003d71   Thumb Code    12  dretinf.o(x$fpl$dretinf)
    __aeabi_dsub                             0x08003d7d   Thumb Code     0  daddsub_clz.o(x$fpl$dsub)
    _dsub                                    0x08003d7d   Thumb Code   472  daddsub_clz.o(x$fpl$dsub)
    __aeabi_f2d                              0x08003f59   Thumb Code     0  f2d.o(x$fpl$f2d)
    _f2d                                     0x08003f59   Thumb Code    86  f2d.o(x$fpl$f2d)
    __aeabi_fadd                             0x08003fb1   Thumb Code     0  faddsub_clz.o(x$fpl$fadd)
    _fadd                                    0x08003fb1   Thumb Code   196  faddsub_clz.o(x$fpl$fadd)
    __fpl_fcheck_NaN1                        0x08004075   Thumb Code     6  fcheck1.o(x$fpl$fcheck1)
    __aeabi_fcmpeq                           0x08004081   Thumb Code     0  fcmp.o(x$fpl$fcmp)
    _feq                                     0x08004081   Thumb Code    14  fcmp.o(x$fpl$fcmp)
    _fneq                                    0x0800408f   Thumb Code    14  fcmp.o(x$fpl$fcmp)
    __aeabi_fcmpgt                           0x0800409d   Thumb Code     0  fcmp.o(x$fpl$fcmp)
    _fgr                                     0x0800409d   Thumb Code    14  fcmp.o(x$fpl$fcmp)
    __aeabi_fcmpge                           0x080040ab   Thumb Code     0  fcmp.o(x$fpl$fcmp)
    _fgeq                                    0x080040ab   Thumb Code    14  fcmp.o(x$fpl$fcmp)
    __aeabi_fcmple                           0x080040b9   Thumb Code     0  fcmp.o(x$fpl$fcmp)
    _fleq                                    0x080040b9   Thumb Code    14  fcmp.o(x$fpl$fcmp)
    __aeabi_fcmplt                           0x080040c7   Thumb Code     0  fcmp.o(x$fpl$fcmp)
    _fls                                     0x080040c7   Thumb Code    14  fcmp.o(x$fpl$fcmp)
    __fpl_fcmp_Inf                           0x080040d5   Thumb Code    24  fcmpi.o(x$fpl$fcmpinf)
    __aeabi_fdiv                             0x080040ed   Thumb Code     0  fdiv.o(x$fpl$fdiv)
    _fdiv                                    0x080040ed   Thumb Code   384  fdiv.o(x$fpl$fdiv)
    __aeabi_cfcmpeq                          0x08004271   Thumb Code     0  feqf.o(x$fpl$feqf)
    _fcmpeq                                  0x08004271   Thumb Code   104  feqf.o(x$fpl$feqf)
    __aeabi_f2iz                             0x080042d9   Thumb Code     0  ffix.o(x$fpl$ffix)
    _ffix                                    0x080042d9   Thumb Code    54  ffix.o(x$fpl$ffix)
    __aeabi_i2f                              0x08004311   Thumb Code     0  fflt_clz.o(x$fpl$fflt)
    _fflt                                    0x08004311   Thumb Code    48  fflt_clz.o(x$fpl$fflt)
    _fcmpge                                  0x08004341   Thumb Code   104  fgeqf.o(x$fpl$fgeqf)
    __aeabi_cfcmple                          0x080043a9   Thumb Code     0  fleqf.o(x$fpl$fleqf)
    _fcmple                                  0x080043a9   Thumb Code   104  fleqf.o(x$fpl$fleqf)
    __fpl_fcmple_InfNaN                      0x080043fb   Thumb Code     0  fleqf.o(x$fpl$fleqf)
    __aeabi_fmul                             0x08004411   Thumb Code     0  fmul.o(x$fpl$fmul)
    _fmul                                    0x08004411   Thumb Code   258  fmul.o(x$fpl$fmul)
    __fpl_fnaninf                            0x08004513   Thumb Code   140  fnaninf.o(x$fpl$fnaninf)
    __fpl_fretinf                            0x0800459f   Thumb Code    10  fretinf.o(x$fpl$fretinf)
    __aeabi_fsub                             0x080045a9   Thumb Code     0  faddsub_clz.o(x$fpl$fsub)
    _fsub                                    0x080045a9   Thumb Code   234  faddsub_clz.o(x$fpl$fsub)
    _printf_fp_dec                           0x08004693   Thumb Code     4  printf1.o(x$fpl$printf1)
    _printf_fp_hex                           0x08004697   Thumb Code     4  printf2.o(x$fpl$printf2)
    __fpl_return_NaN                         0x0800469b   Thumb Code   100  retnan.o(x$fpl$retnan)
    __ARM_scalbnf                            0x080046ff   Thumb Code    76  scalbnf.o(x$fpl$scalbnf)
    __fpl_cmpreturn                          0x0800474b   Thumb Code    48  trapv.o(x$fpl$trapveneer)
    __I$use$fp                               0x0800477a   Number         0  usenofp.o(x$fpl$usenofp)
    Region$$Table$$Base                      0x080048c0   Number         0  anon$$obj.o(Region$$Table)
    Region$$Table$$Limit                     0x080048e0   Number         0  anon$$obj.o(Region$$Table)
    __ctype                                  0x08004909   Data           0  lc_ctype_c.o(locale$$data)
    SCL                                      0x20000004   Data           4  myi2c.o(.data)
    SDA                                      0x20000008   Data           4  myi2c.o(.data)
    CRLH                                     0x2000000c   Data           4  myi2c.o(.data)
    ActiveSPI                                0x20000014   Data           4  myspi.o(.data)
    __libspace_start                         0x20000018   Data          96  libspace.o(.bss)
    __temporary_stack_top$libspace           0x20000078   Data           0  libspace.o(.bss)
    vitesse                                  0x20000080   Data           4  myplateau.o(.bss.vitesse)



==============================================================================

Memory Map of the image

  Image Entry point : 0x08000261

  Load Region LR_1 (Base: 0x08000000, Size: 0x00004a24, Max: 0xffffffff, ABSOLUTE)

    Execution Region ER_RO (Exec base: 0x08000000, Load base: 0x08000000, Size: 0x00004a0c, Max: 0xffffffff, ABSOLUTE)

    Exec Addr    Load Addr    Size         Type   Attr      Idx    E Section Name        Object

    0x08000000   0x08000000   0x000000ec   Data   RO          169    RESET               startup_stm32f10x_md.o
    0x080000ec   0x080000ec   0x00000008   Code   RO          239  * !!!main             c_w.l(__main.o)
    0x080000f4   0x080000f4   0x0000005c   Code   RO          670    !!!scatter          c_w.l(__scatter.o)
    0x08000150   0x08000150   0x0000001a   Code   RO          674    !!handler_copy      c_w.l(__scatter_copy.o)
    0x0800016a   0x0800016a   0x00000002   PAD
    0x0800016c   0x0800016c   0x00000002   Code   RO          671    !!handler_null      c_w.l(__scatter.o)
    0x0800016e   0x0800016e   0x00000002   PAD
    0x08000170   0x08000170   0x0000001c   Code   RO          676    !!handler_zi        c_w.l(__scatter_zi.o)
    0x0800018c   0x0800018c   0x00000000   Code   RO          377    .ARM.Collect$$_printf_percent$$00000000  c_w.l(_printf_percent.o)
    0x0800018c   0x0800018c   0x00000006   Code   RO          366    .ARM.Collect$$_printf_percent$$00000001  c_w.l(_printf_n.o)
    0x08000192   0x08000192   0x00000006   Code   RO          368    .ARM.Collect$$_printf_percent$$00000002  c_w.l(_printf_p.o)
    0x08000198   0x08000198   0x00000006   Code   RO          373    .ARM.Collect$$_printf_percent$$00000003  c_w.l(_printf_f.o)
    0x0800019e   0x0800019e   0x00000006   Code   RO          374    .ARM.Collect$$_printf_percent$$00000004  c_w.l(_printf_e.o)
    0x080001a4   0x080001a4   0x00000006   Code   RO          375    .ARM.Collect$$_printf_percent$$00000005  c_w.l(_printf_g.o)
    0x080001aa   0x080001aa   0x00000006   Code   RO          376    .ARM.Collect$$_printf_percent$$00000006  c_w.l(_printf_a.o)
    0x080001b0   0x080001b0   0x0000000a   Code   RO          381    .ARM.Collect$$_printf_percent$$00000007  c_w.l(_printf_ll.o)
    0x080001ba   0x080001ba   0x00000006   Code   RO          370    .ARM.Collect$$_printf_percent$$00000008  c_w.l(_printf_i.o)
    0x080001c0   0x080001c0   0x00000006   Code   RO          371    .ARM.Collect$$_printf_percent$$00000009  c_w.l(_printf_d.o)
    0x080001c6   0x080001c6   0x00000006   Code   RO          372    .ARM.Collect$$_printf_percent$$0000000A  c_w.l(_printf_u.o)
    0x080001cc   0x080001cc   0x00000006   Code   RO          369    .ARM.Collect$$_printf_percent$$0000000B  c_w.l(_printf_o.o)
    0x080001d2   0x080001d2   0x00000006   Code   RO          367    .ARM.Collect$$_printf_percent$$0000000C  c_w.l(_printf_x.o)
    0x080001d8   0x080001d8   0x00000006   Code   RO          378    .ARM.Collect$$_printf_percent$$0000000D  c_w.l(_printf_lli.o)
    0x080001de   0x080001de   0x00000006   Code   RO          379    .ARM.Collect$$_printf_percent$$0000000E  c_w.l(_printf_lld.o)
    0x080001e4   0x080001e4   0x00000006   Code   RO          380    .ARM.Collect$$_printf_percent$$0000000F  c_w.l(_printf_llu.o)
    0x080001ea   0x080001ea   0x00000006   Code   RO          385    .ARM.Collect$$_printf_percent$$00000010  c_w.l(_printf_llo.o)
    0x080001f0   0x080001f0   0x00000006   Code   RO          386    .ARM.Collect$$_printf_percent$$00000011  c_w.l(_printf_llx.o)
    0x080001f6   0x080001f6   0x0000000a   Code   RO          382    .ARM.Collect$$_printf_percent$$00000012  c_w.l(_printf_l.o)
    0x08000200   0x08000200   0x00000006   Code   RO          364    .ARM.Collect$$_printf_percent$$00000013  c_w.l(_printf_c.o)
    0x08000206   0x08000206   0x00000006   Code   RO          365    .ARM.Collect$$_printf_percent$$00000014  c_w.l(_printf_s.o)
    0x0800020c   0x0800020c   0x00000006   Code   RO          383    .ARM.Collect$$_printf_percent$$00000015  c_w.l(_printf_lc.o)
    0x08000212   0x08000212   0x00000006   Code   RO          384    .ARM.Collect$$_printf_percent$$00000016  c_w.l(_printf_ls.o)
    0x08000218   0x08000218   0x00000004   Code   RO          458    .ARM.Collect$$_printf_percent$$00000017  c_w.l(_printf_percent_end.o)
    0x0800021c   0x0800021c   0x00000002   Code   RO          513    .ARM.Collect$$libinit$$00000000  c_w.l(libinit.o)
    0x0800021e   0x0800021e   0x00000000   Code   RO          533    .ARM.Collect$$libinit$$00000002  c_w.l(libinit2.o)
    0x0800021e   0x0800021e   0x00000000   Code   RO          535    .ARM.Collect$$libinit$$00000004  c_w.l(libinit2.o)
    0x0800021e   0x0800021e   0x00000000   Code   RO          537    .ARM.Collect$$libinit$$00000006  c_w.l(libinit2.o)
    0x0800021e   0x0800021e   0x00000000   Code   RO          540    .ARM.Collect$$libinit$$0000000C  c_w.l(libinit2.o)
    0x0800021e   0x0800021e   0x00000000   Code   RO          542    .ARM.Collect$$libinit$$0000000E  c_w.l(libinit2.o)
    0x0800021e   0x0800021e   0x00000000   Code   RO          544    .ARM.Collect$$libinit$$00000010  c_w.l(libinit2.o)
    0x0800021e   0x0800021e   0x00000006   Code   RO          545    .ARM.Collect$$libinit$$00000011  c_w.l(libinit2.o)
    0x08000224   0x08000224   0x00000000   Code   RO          547    .ARM.Collect$$libinit$$00000013  c_w.l(libinit2.o)
    0x08000224   0x08000224   0x0000000c   Code   RO          548    .ARM.Collect$$libinit$$00000014  c_w.l(libinit2.o)
    0x08000230   0x08000230   0x00000000   Code   RO          549    .ARM.Collect$$libinit$$00000015  c_w.l(libinit2.o)
    0x08000230   0x08000230   0x00000000   Code   RO          551    .ARM.Collect$$libinit$$00000017  c_w.l(libinit2.o)
    0x08000230   0x08000230   0x0000000a   Code   RO          552    .ARM.Collect$$libinit$$00000018  c_w.l(libinit2.o)
    0x0800023a   0x0800023a   0x00000000   Code   RO          553    .ARM.Collect$$libinit$$00000019  c_w.l(libinit2.o)
    0x0800023a   0x0800023a   0x00000000   Code   RO          555    .ARM.Collect$$libinit$$0000001B  c_w.l(libinit2.o)
    0x0800023a   0x0800023a   0x00000000   Code   RO          557    .ARM.Collect$$libinit$$0000001D  c_w.l(libinit2.o)
    0x0800023a   0x0800023a   0x00000000   Code   RO          559    .ARM.Collect$$libinit$$0000001F  c_w.l(libinit2.o)
    0x0800023a   0x0800023a   0x00000000   Code   RO          561    .ARM.Collect$$libinit$$00000021  c_w.l(libinit2.o)
    0x0800023a   0x0800023a   0x00000000   Code   RO          563    .ARM.Collect$$libinit$$00000023  c_w.l(libinit2.o)
    0x0800023a   0x0800023a   0x00000000   Code   RO          565    .ARM.Collect$$libinit$$00000025  c_w.l(libinit2.o)
    0x0800023a   0x0800023a   0x00000000   Code   RO          567    .ARM.Collect$$libinit$$00000027  c_w.l(libinit2.o)
    0x0800023a   0x0800023a   0x00000000   Code   RO          571    .ARM.Collect$$libinit$$0000002E  c_w.l(libinit2.o)
    0x0800023a   0x0800023a   0x00000000   Code   RO          573    .ARM.Collect$$libinit$$00000030  c_w.l(libinit2.o)
    0x0800023a   0x0800023a   0x00000000   Code   RO          575    .ARM.Collect$$libinit$$00000032  c_w.l(libinit2.o)
    0x0800023a   0x0800023a   0x00000000   Code   RO          577    .ARM.Collect$$libinit$$00000034  c_w.l(libinit2.o)
    0x0800023a   0x0800023a   0x00000002   Code   RO          578    .ARM.Collect$$libinit$$00000035  c_w.l(libinit2.o)
    0x0800023c   0x0800023c   0x00000002   Code   RO          606    .ARM.Collect$$libshutdown$$00000000  c_w.l(libshutdown.o)
    0x0800023e   0x0800023e   0x00000000   Code   RO          621    .ARM.Collect$$libshutdown$$00000002  c_w.l(libshutdown2.o)
    0x0800023e   0x0800023e   0x00000000   Code   RO          623    .ARM.Collect$$libshutdown$$00000004  c_w.l(libshutdown2.o)
    0x0800023e   0x0800023e   0x00000000   Code   RO          626    .ARM.Collect$$libshutdown$$00000007  c_w.l(libshutdown2.o)
    0x0800023e   0x0800023e   0x00000000   Code   RO          629    .ARM.Collect$$libshutdown$$0000000A  c_w.l(libshutdown2.o)
    0x0800023e   0x0800023e   0x00000000   Code   RO          631    .ARM.Collect$$libshutdown$$0000000C  c_w.l(libshutdown2.o)
    0x0800023e   0x0800023e   0x00000000   Code   RO          634    .ARM.Collect$$libshutdown$$0000000F  c_w.l(libshutdown2.o)
    0x0800023e   0x0800023e   0x00000002   Code   RO          635    .ARM.Collect$$libshutdown$$00000010  c_w.l(libshutdown2.o)
    0x08000240   0x08000240   0x00000000   Code   RO          295    .ARM.Collect$$rtentry$$00000000  c_w.l(__rtentry.o)
    0x08000240   0x08000240   0x00000000   Code   RO          427    .ARM.Collect$$rtentry$$00000002  c_w.l(__rtentry2.o)
    0x08000240   0x08000240   0x00000006   Code   RO          439    .ARM.Collect$$rtentry$$00000004  c_w.l(__rtentry4.o)
    0x08000246   0x08000246   0x00000000   Code   RO          429    .ARM.Collect$$rtentry$$00000009  c_w.l(__rtentry2.o)
    0x08000246   0x08000246   0x00000004   Code   RO          430    .ARM.Collect$$rtentry$$0000000A  c_w.l(__rtentry2.o)
    0x0800024a   0x0800024a   0x00000000   Code   RO          432    .ARM.Collect$$rtentry$$0000000C  c_w.l(__rtentry2.o)
    0x0800024a   0x0800024a   0x00000008   Code   RO          433    .ARM.Collect$$rtentry$$0000000D  c_w.l(__rtentry2.o)
    0x08000252   0x08000252   0x00000002   Code   RO          523    .ARM.Collect$$rtexit$$00000000  c_w.l(rtexit.o)
    0x08000254   0x08000254   0x00000000   Code   RO          582    .ARM.Collect$$rtexit$$00000002  c_w.l(rtexit2.o)
    0x08000254   0x08000254   0x00000004   Code   RO          583    .ARM.Collect$$rtexit$$00000003  c_w.l(rtexit2.o)
    0x08000258   0x08000258   0x00000006   Code   RO          584    .ARM.Collect$$rtexit$$00000004  c_w.l(rtexit2.o)
    0x0800025e   0x0800025e   0x00000002   PAD
    0x08000260   0x08000260   0x00000040   Code   RO          170  * .text               startup_stm32f10x_md.o
    0x080002a0   0x080002a0   0x00000040   Code   RO          235    .text               c_w.l(snprintf.o)
    0x080002e0   0x080002e0   0x00000006   Code   RO          237    .text               c_w.l(heapauxi.o)
    0x080002e6   0x080002e6   0x0000004e   Code   RO          298    .text               c_w.l(_printf_pad.o)
    0x08000334   0x08000334   0x00000024   Code   RO          300    .text               c_w.l(_printf_truncate.o)
    0x08000358   0x08000358   0x00000052   Code   RO          302    .text               c_w.l(_printf_str.o)
    0x080003aa   0x080003aa   0x00000002   PAD
    0x080003ac   0x080003ac   0x00000078   Code   RO          304    .text               c_w.l(_printf_dec.o)
    0x08000424   0x08000424   0x00000028   Code   RO          306    .text               c_w.l(_printf_charcount.o)
    0x0800044c   0x0800044c   0x00000030   Code   RO          308    .text               c_w.l(_printf_char_common.o)
    0x0800047c   0x0800047c   0x00000010   Code   RO          310    .text               c_w.l(_snputc.o)
    0x0800048c   0x0800048c   0x000000bc   Code   RO          312    .text               c_w.l(_printf_wctomb.o)
    0x08000548   0x08000548   0x0000007c   Code   RO          315    .text               c_w.l(_printf_longlong_dec.o)
    0x080005c4   0x080005c4   0x00000070   Code   RO          321    .text               c_w.l(_printf_oct_int_ll.o)
    0x08000634   0x08000634   0x00000094   Code   RO          341    .text               c_w.l(_printf_hex_int_ll_ptr.o)
    0x080006c8   0x080006c8   0x00000188   Code   RO          361    .text               c_w.l(__printf_flags_ss_wp.o)
    0x08000850   0x08000850   0x0000008a   Code   RO          441    .text               c_w.l(lludiv10.o)
    0x080008da   0x080008da   0x000000b2   Code   RO          443    .text               c_w.l(_printf_intcommon.o)
    0x0800098c   0x0800098c   0x0000041c   Code   RO          445    .text               c_w.l(_printf_fp_dec.o)
    0x08000da8   0x08000da8   0x000002fc   Code   RO          449    .text               c_w.l(_printf_fp_hex.o)
    0x080010a4   0x080010a4   0x0000002c   Code   RO          454    .text               c_w.l(_printf_char.o)
    0x080010d0   0x080010d0   0x0000002c   Code   RO          456    .text               c_w.l(_printf_wchar.o)
    0x080010fc   0x080010fc   0x00000048   Code   RO          459    .text               c_w.l(_c16rtomb.o)
    0x08001144   0x08001144   0x0000004a   Code   RO          465    .text               c_w.l(sys_stackheap_outer.o)
    0x0800118e   0x0800118e   0x00000002   PAD
    0x08001190   0x08001190   0x00000010   Code   RO          467    .text               c_w.l(rt_ctype_table.o)
    0x080011a0   0x080011a0   0x00000008   Code   RO          472    .text               c_w.l(rt_locale_intlibspace.o)
    0x080011a8   0x080011a8   0x00000080   Code   RO          474    .text               c_w.l(_printf_fp_infnan.o)
    0x08001228   0x08001228   0x000000e4   Code   RO          476    .text               c_w.l(bigflt0.o)
    0x0800130c   0x0800130c   0x00000012   Code   RO          506    .text               c_w.l(exit.o)
    0x0800131e   0x0800131e   0x00000002   PAD
    0x08001320   0x08001320   0x00000008   Code   RO          520    .text               c_w.l(libspace.o)
    0x08001328   0x08001328   0x00000080   Code   RO          530    .text               c_w.l(strcmpv7m.o)
    0x080013a8   0x080013a8   0x0000000c   Code   RO          596    .text               c_w.l(sys_exit.o)
    0x080013b4   0x080013b4   0x00000002   Code   RO          611    .text               c_w.l(use_no_semi.o)
    0x080013b6   0x080013b6   0x00000000   Code   RO          613    .text               c_w.l(indicate_semi.o)
    0x080013b6   0x080013b6   0x00000002   PAD
    0x080013b8   0x080013b8   0x0000001e   Code   RO           59    .text.BCD_to_Decimal  myds1307.o
    0x080013d6   0x080013d6   0x00000002   PAD
    0x080013d8   0x080013d8   0x0000007c   Code   RO           57    .text.DS1307_GetTime  myds1307.o
    0x08001454   0x08001454   0x0000003e   Code   RO           51    .text.DS1307_Init   myds1307.o
    0x08001492   0x08001492   0x00000002   PAD
    0x08001494   0x08001494   0x0000003e   Code   RO           69    .text.Encoder_GPIO_Init  myencoder.o
    0x080014d2   0x080014d2   0x00000002   PAD
    0x080014d4   0x080014d4   0x00000070   Code   RO           71    .text.Encoder_Timer_Init  myencoder.o
    0x08001544   0x08001544   0x0000011c   Code   RO           84    .text.MyGPIO_Init   mygpio.o
    0x08001660   0x08001660   0x0000002a   Code   RO           86    .text.MyGPIO_Read   mygpio.o
    0x0800168a   0x0800168a   0x00000002   PAD
    0x0800168c   0x0800168c   0x00000018   Code   RO           90    .text.MyGPIO_Reset  mygpio.o
    0x080016a4   0x080016a4   0x00000018   Code   RO           88    .text.MyGPIO_Set    mygpio.o
    0x080016bc   0x080016bc   0x000000fe   Code   RO          116    .text.MyTimer_Base_Init  mytimer.o
    0x080017ba   0x080017ba   0x00000002   PAD
    0x080017bc   0x080017bc   0x0000000e   Code   RO           73    .text.MyTimer_Encoder_Read  myencoder.o
    0x080017ca   0x080017ca   0x00000002   PAD
    0x080017cc   0x080017cc   0x0000000c   Code   RO           75    .text.MyTimer_Encoder_Reset  myencoder.o
    0x080017d8   0x080017d8   0x000000dc   Code   RO          134    .text.MyTimer_PWM   mytimer.o
    0x080018b4   0x080018b4   0x00000076   Code   RO          136    .text.MyTimer_SetDutyCycle  mytimer.o
    0x0800192a   0x0800192a   0x00000002   PAD
    0x0800192c   0x0800192c   0x00000008   Code   RO          179    .text.SetSysClock   system_stm32f10x.o
    0x08001934   0x08001934   0x00000122   Code   RO          183    .text.SetSysClockTo72  system_stm32f10x.o
    0x08001a56   0x08001a56   0x00000002   PAD
    0x08001a58   0x08001a58   0x00000066   Code   RO          177    .text.SystemInit    system_stm32f10x.o
    0x08001abe   0x08001abe   0x00000002   PAD
    0x08001ac0   0x08001ac0   0x00000030   Code   RO          118    .text.TIM1_UP_IRQHandler  mytimer.o
    0x08001af0   0x08001af0   0x0000002e   Code   RO          120    .text.TIM2_IRQHandler  mytimer.o
    0x08001b1e   0x08001b1e   0x00000002   PAD
    0x08001b20   0x08001b20   0x00000030   Code   RO          122    .text.TIM3_IRQHandler  mytimer.o
    0x08001b50   0x08001b50   0x00000030   Code   RO          124    .text.TIM4_IRQHandler  mytimer.o
    0x08001b80   0x08001b80   0x0000009c   Code   RO          146    .text.UART1_Init    myusart.o
    0x08001c1c   0x08001c1c   0x0000002e   Code   RO          152    .text.UART1_SendChar  myusart.o
    0x08001c4a   0x08001c4a   0x00000002   PAD
    0x08001c4c   0x08001c4c   0x000000a6   Code   RO          156    .text.UART1_SendData  myusart.o
    0x08001cf2   0x08001cf2   0x00000002   PAD
    0x08001cf4   0x08001cf4   0x00000022   Code   RO          154    .text.UART1_SendString  myusart.o
    0x08001d16   0x08001d16   0x00000002   PAD
    0x08001d18   0x08001d18   0x0000003c   Code   RO          105    .text.USART1_IRQHandler  myplateau.o
    0x08001d54   0x08001d54   0x00000030   Code   RO          148    .text.__NVIC_EnableIRQ  myusart.o
    0x08001d84   0x08001d84   0x00000076   Code   RO           38    .text.configadc     myadc.o
    0x08001dfa   0x08001dfa   0x00000002   PAD
    0x08001dfc   0x08001dfc   0x0000004e   Code   RO           42    .text.convert_cont  myadc.o
    0x08001e4a   0x08001e4a   0x00000002   PAD
    0x08001e4c   0x08001e4c   0x0000007c   Code   RO          101    .text.initPlateau   myplateau.o
    0x08001ec8   0x08001ec8   0x000003b0   Code   RO            2    .text.main          principal.o
    0x08002278   0x08002278   0x000000c0   Code   RO          103    .text.updateBoatDirectionAndSpeed  myplateau.o
    0x08002338   0x08002338   0x0000003e   Code   RO          479    CL$$btod_d2e        c_w.l(btod.o)
    0x08002376   0x08002376   0x00000046   Code   RO          481    CL$$btod_d2e_denorm_low  c_w.l(btod.o)
    0x080023bc   0x080023bc   0x00000060   Code   RO          480    CL$$btod_d2e_norm_op1  c_w.l(btod.o)
    0x0800241c   0x0800241c   0x00000338   Code   RO          489    CL$$btod_div_common  c_w.l(btod.o)
    0x08002754   0x08002754   0x000000dc   Code   RO          486    CL$$btod_e2e        c_w.l(btod.o)
    0x08002830   0x08002830   0x0000002a   Code   RO          483    CL$$btod_ediv       c_w.l(btod.o)
    0x0800285a   0x0800285a   0x0000002a   Code   RO          482    CL$$btod_emul       c_w.l(btod.o)
    0x08002884   0x08002884   0x00000244   Code   RO          488    CL$$btod_mult_common  c_w.l(btod.o)
    0x08002ac8   0x08002ac8   0x00000060   Code   RO          196    i.I2C1_ER_IRQHandler  Lib_Com_Periph_2022.lib(myi2c.o)
    0x08002b28   0x08002b28   0x00000060   Code   RO          197    i.I2C2_ER_IRQHandler  Lib_Com_Periph_2022.lib(myi2c.o)
    0x08002b88   0x08002b88   0x000000f0   Code   RO          198    i.MyI2C_GetString   Lib_Com_Periph_2022.lib(myi2c.o)
    0x08002c78   0x08002c78   0x000003fc   Code   RO          200    i.MyI2C_Init        Lib_Com_Periph_2022.lib(myi2c.o)
    0x08003074   0x08003074   0x0000009c   Code   RO          201    i.MyI2C_PutString   Lib_Com_Periph_2022.lib(myi2c.o)
    0x08003110   0x08003110   0x00000030   Code   RO          219    i.MySPI_Clear_NSS   Lib_Com_Periph_2022.lib(myspi.o)
    0x08003140   0x08003140   0x000001f4   Code   RO          220    i.MySPI_Init        Lib_Com_Periph_2022.lib(myspi.o)
    0x08003334   0x08003334   0x00000054   Code   RO          221    i.MySPI_Read        Lib_Com_Periph_2022.lib(myspi.o)
    0x08003388   0x08003388   0x00000050   Code   RO          222    i.MySPI_Send        Lib_Com_Periph_2022.lib(myspi.o)
    0x080033d8   0x080033d8   0x0000002c   Code   RO          223    i.MySPI_Set_NSS     Lib_Com_Periph_2022.lib(myspi.o)
    0x08003404   0x08003404   0x00000028   Code   RO          518    i.__ARM_fpclassify  m_ws.l(fpclassify.o)
    0x0800342c   0x0800342c   0x00000026   Code   RO          410    i.__ARM_fpclassifyf  m_ws.l(fpclassifyf.o)
    0x08003452   0x08003452   0x00000022   Code   RO          202    i.__NVIC_EnableIRQ  Lib_Com_Periph_2022.lib(myi2c.o)
    0x08003474   0x08003474   0x00000028   Code   RO          203    i.__NVIC_SetPriority  Lib_Com_Periph_2022.lib(myi2c.o)
    0x0800349c   0x0800349c   0x00000006   Code   RO          413    i.__mathlib_flt_infnan  m_ws.l(funder.o)
    0x080034a2   0x080034a2   0x0000000a   Code   RO          418    i.__mathlib_flt_underflow  m_ws.l(funder.o)
    0x080034ac   0x080034ac   0x0000000e   Code   RO          354    i._is_digit         c_w.l(__printf_wp.o)
    0x080034ba   0x080034ba   0x00000002   PAD
    0x080034bc   0x080034bc   0x0000017c   Code   RO          292    i.atanf             m_ws.l(atanf.o)
    0x08003638   0x08003638   0x0000002c   Code   RO          504    locale$$code        c_w.l(lc_numeric_c.o)
    0x08003664   0x08003664   0x0000002c   Code   RO          528    locale$$code        c_w.l(lc_ctype_c.o)
    0x08003690   0x08003690   0x00000062   Code   RO          241    x$fpl$d2f           fz_ws.l(d2f.o)
    0x080036f2   0x080036f2   0x00000002   PAD
    0x080036f4   0x080036f4   0x00000150   Code   RO          243    x$fpl$dadd          fz_ws.l(daddsub_clz.o)
    0x08003844   0x08003844   0x000002b8   Code   RO          250    x$fpl$ddiv          fz_ws.l(ddiv.o)
    0x08003afc   0x08003afc   0x0000005e   Code   RO          253    x$fpl$dfix          fz_ws.l(dfix.o)
    0x08003b5a   0x08003b5a   0x00000026   Code   RO          257    x$fpl$dfltu         fz_ws.l(dflt_clz.o)
    0x08003b80   0x08003b80   0x00000154   Code   RO          263    x$fpl$dmul          fz_ws.l(dmul.o)
    0x08003cd4   0x08003cd4   0x0000009c   Code   RO          387    x$fpl$dnaninf       fz_ws.l(dnaninf.o)
    0x08003d70   0x08003d70   0x0000000c   Code   RO          389    x$fpl$dretinf       fz_ws.l(dretinf.o)
    0x08003d7c   0x08003d7c   0x000001dc   Code   RO          245    x$fpl$dsub          fz_ws.l(daddsub_clz.o)
    0x08003f58   0x08003f58   0x00000056   Code   RO          265    x$fpl$f2d           fz_ws.l(f2d.o)
    0x08003fae   0x08003fae   0x00000002   PAD
    0x08003fb0   0x08003fb0   0x000000c4   Code   RO          267    x$fpl$fadd          fz_ws.l(faddsub_clz.o)
    0x08004074   0x08004074   0x0000000c   Code   RO          514    x$fpl$fcheck1       fz_ws.l(fcheck1.o)
    0x08004080   0x08004080   0x00000054   Code   RO          273    x$fpl$fcmp          fz_ws.l(fcmp.o)
    0x080040d4   0x080040d4   0x00000018   Code   RO          461    x$fpl$fcmpinf       fz_ws.l(fcmpi.o)
    0x080040ec   0x080040ec   0x00000184   Code   RO          276    x$fpl$fdiv          fz_ws.l(fdiv.o)
    0x08004270   0x08004270   0x00000068   Code   RO          391    x$fpl$feqf          fz_ws.l(feqf.o)
    0x080042d8   0x080042d8   0x00000036   Code   RO          279    x$fpl$ffix          fz_ws.l(ffix.o)
    0x0800430e   0x0800430e   0x00000002   PAD
    0x08004310   0x08004310   0x00000030   Code   RO          284    x$fpl$fflt          fz_ws.l(fflt_clz.o)
    0x08004340   0x08004340   0x00000068   Code   RO          393    x$fpl$fgeqf         fz_ws.l(fgeqf.o)
    0x080043a8   0x080043a8   0x00000068   Code   RO          395    x$fpl$fleqf         fz_ws.l(fleqf.o)
    0x08004410   0x08004410   0x00000102   Code   RO          289    x$fpl$fmul          fz_ws.l(fmul.o)
    0x08004512   0x08004512   0x0000008c   Code   RO          397    x$fpl$fnaninf       fz_ws.l(fnaninf.o)
    0x0800459e   0x0800459e   0x0000000a   Code   RO          399    x$fpl$fretinf       fz_ws.l(fretinf.o)
    0x080045a8   0x080045a8   0x000000ea   Code   RO          269    x$fpl$fsub          fz_ws.l(faddsub_clz.o)
    0x08004692   0x08004692   0x00000004   Code   RO          401    x$fpl$printf1       fz_ws.l(printf1.o)
    0x08004696   0x08004696   0x00000004   Code   RO          403    x$fpl$printf2       fz_ws.l(printf2.o)
    0x0800469a   0x0800469a   0x00000064   Code   RO          579    x$fpl$retnan        fz_ws.l(retnan.o)
    0x080046fe   0x080046fe   0x0000004c   Code   RO          463    x$fpl$scalbnf       fz_ws.l(scalbnf.o)
    0x0800474a   0x0800474a   0x00000030   Code   RO          594    x$fpl$trapveneer    fz_ws.l(trapv.o)
    0x0800477a   0x0800477a   0x00000000   Code   RO          409    x$fpl$usenofp       fz_ws.l(usenofp.o)
    0x0800477a   0x0800477a   0x00000002   PAD
    0x0800477c   0x0800477c   0x00000008   Data   RO          313    .constdata          c_w.l(_printf_wctomb.o)
    0x08004784   0x08004784   0x00000028   Data   RO          342    .constdata          c_w.l(_printf_hex_int_ll_ptr.o)
    0x080047ac   0x080047ac   0x00000011   Data   RO          362    .constdata          c_w.l(__printf_flags_ss_wp.o)
    0x080047bd   0x080047bd   0x00000026   Data   RO          450    .constdata          c_w.l(_printf_fp_hex.o)
    0x080047e3   0x080047e3   0x00000001   PAD
    0x080047e4   0x080047e4   0x00000094   Data   RO          477    .constdata          c_w.l(bigflt0.o)
    0x08004878   0x08004878   0x00000045   Data   RO          160    .rodata.str1.1      myusart.o
    0x080048bd   0x080048bd   0x00000003   PAD
    0x080048c0   0x080048c0   0x00000020   Data   RO          669    Region$$Table       anon$$obj.o
    0x080048e0   0x080048e0   0x0000001c   Data   RO          503    locale$$data        c_w.l(lc_numeric_c.o)
    0x080048fc   0x080048fc   0x00000110   Data   RO          527    locale$$data        c_w.l(lc_ctype_c.o)


    Execution Region ER_RW (Exec base: 0x20000000, Load base: 0x08004a0c, Size: 0x00000018, Max: 0xffffffff, ABSOLUTE)

    Exec Addr    Load Addr    Size         Type   Attr      Idx    E Section Name        Object

    0x20000000   0x08004a0c   0x00000014   Data   RW          204    .data               Lib_Com_Periph_2022.lib(myi2c.o)
    0x20000014   0x08004a20   0x00000004   Data   RW          224    .data               Lib_Com_Periph_2022.lib(myspi.o)


    Execution Region ER_ZI (Exec base: 0x20000018, Load base: 0x08004a24, Size: 0x00000670, Max: 0xffffffff, ABSOLUTE)

    Exec Addr    Load Addr    Size         Type   Attr      Idx    E Section Name        Object

    0x20000018        -       0x00000060   Zero   RW          521    .bss                c_w.l(libspace.o)
    0x20000078        -       0x00000004   Zero   RW          138    .bss.Timer_Callback  mytimer.o
    0x2000007c        -       0x00000004   Zero   RW           61    .bss.func_Callback  myds1307.o
    0x20000080        -       0x00000004   Zero   RW          108    .bss.vitesse        myplateau.o
    0x20000084   0x08004a24   0x00000004   PAD
    0x20000088        -       0x00000200   Zero   RW          168    HEAP                startup_stm32f10x_md.o
    0x20000288        -       0x00000400   Zero   RW          167    STACK               startup_stm32f10x_md.o


==============================================================================

Image component sizes


      Code (inc. data)   RO Data    RW Data    ZI Data      Debug   Object Name

       196          0          0          0          0       1709   myadc.o
       216          0          0          0          4       2557   myds1307.o
       200          0          0          0          0       2567   myencoder.o
       374          0          0          0          0       2088   mygpio.o
       376          0          0          0          4       2967   myplateau.o
       782          0          0          0          4       6293   mytimer.o
       450          0         69          0          0       4541   myusart.o
       944          0          0          0          0       4480   principal.o
        64         26        236          0       1536        892   startup_stm32f10x_md.o
       400          0          0          0          0       3046   system_stm32f10x.o

    ----------------------------------------------------------------------
      4032         26        340          0       1552      31140   Object Totals
         0          0         32          0          0          0   (incl. Generated)
        30          0          3          0          4          0   (incl. Padding)

    ----------------------------------------------------------------------

      Code (inc. data)   RO Data    RW Data    ZI Data      Debug   Library Member Name

      1682         98          0         20          0        548   myi2c.o
       756         80          0          4          0        348   myspi.o
         8          0          0          0          0         68   __main.o
       392          4         17          0          0         92   __printf_flags_ss_wp.o
        14          0          0          0          0         68   __printf_wp.o
         0          0          0          0          0          0   __rtentry.o
        12          0          0          0          0          0   __rtentry2.o
         6          0          0          0          0          0   __rtentry4.o
        94          8          0          0          0          0   __scatter.o
        26          0          0          0          0          0   __scatter_copy.o
        28          0          0          0          0          0   __scatter_zi.o
        72          0          0          0          0         96   _c16rtomb.o
         6          0          0          0          0          0   _printf_a.o
         6          0          0          0          0          0   _printf_c.o
        44          0          0          0          0        108   _printf_char.o
        48          6          0          0          0         96   _printf_char_common.o
        40          0          0          0          0         68   _printf_charcount.o
         6          0          0          0          0          0   _printf_d.o
       120         16          0          0          0         92   _printf_dec.o
         6          0          0          0          0          0   _printf_e.o
         6          0          0          0          0          0   _printf_f.o
      1052          0          0          0          0        148   _printf_fp_dec.o
       764          8         38          0          0        100   _printf_fp_hex.o
       128         16          0          0          0         84   _printf_fp_infnan.o
         6          0          0          0          0          0   _printf_g.o
       148          4         40          0          0        160   _printf_hex_int_ll_ptr.o
         6          0          0          0          0          0   _printf_i.o
       178          0          0          0          0         88   _printf_intcommon.o
        10          0          0          0          0          0   _printf_l.o
         6          0          0          0          0          0   _printf_lc.o
        10          0          0          0          0          0   _printf_ll.o
         6          0          0          0          0          0   _printf_lld.o
         6          0          0          0          0          0   _printf_lli.o
         6          0          0          0          0          0   _printf_llo.o
         6          0          0          0          0          0   _printf_llu.o
         6          0          0          0          0          0   _printf_llx.o
       124         16          0          0          0         92   _printf_longlong_dec.o
         6          0          0          0          0          0   _printf_ls.o
         6          0          0          0          0          0   _printf_n.o
         6          0          0          0          0          0   _printf_o.o
       112          8          0          0          0        124   _printf_oct_int_ll.o
         6          0          0          0          0          0   _printf_p.o
        78          0          0          0          0        108   _printf_pad.o
         0          0          0          0          0          0   _printf_percent.o
         4          0          0          0          0          0   _printf_percent_end.o
         6          0          0          0          0          0   _printf_s.o
        82          0          0          0          0         80   _printf_str.o
        36          0          0          0          0         84   _printf_truncate.o
         6          0          0          0          0          0   _printf_u.o
        44          0          0          0          0        108   _printf_wchar.o
       188          6          8          0          0         92   _printf_wctomb.o
         6          0          0          0          0          0   _printf_x.o
        16          0          0          0          0         68   _snputc.o
       228          4        148          0          0         96   bigflt0.o
      1936        128          0          0          0        668   btod.o
        18          0          0          0          0         80   exit.o
         6          0          0          0          0        152   heapauxi.o
         0          0          0          0          0          0   indicate_semi.o
        44         10        272          0          0         76   lc_ctype_c.o
        44         10         28          0          0         76   lc_numeric_c.o
         2          0          0          0          0          0   libinit.o
        30          0          0          0          0          0   libinit2.o
         2          0          0          0          0          0   libshutdown.o
         2          0          0          0          0          0   libshutdown2.o
         8          4          0          0         96         68   libspace.o
       138          0          0          0          0         80   lludiv10.o
        16          4          0          0          0         76   rt_ctype_table.o
         8          4          0          0          0         68   rt_locale_intlibspace.o
         2          0          0          0          0          0   rtexit.o
        10          0          0          0          0          0   rtexit2.o
        64          6          0          0          0         84   snprintf.o
       128          0          0          0          0         68   strcmpv7m.o
        12          4          0          0          0         68   sys_exit.o
        74          0          0          0          0         80   sys_stackheap_outer.o
         2          0          0          0          0         68   use_no_semi.o
        98          4          0          0          0         92   d2f.o
       812         16          0          0          0        296   daddsub_clz.o
       696        140          0          0          0        216   ddiv.o
        94          4          0          0          0         92   dfix.o
        38          0          0          0          0         68   dflt_clz.o
       340         12          0          0          0        104   dmul.o
       156          4          0          0          0         92   dnaninf.o
        12          0          0          0          0         68   dretinf.o
        86          4          0          0          0         84   f2d.o
       430          8          0          0          0        168   faddsub_clz.o
        12          4          0          0          0         68   fcheck1.o
        84          0          0          0          0        196   fcmp.o
        24          0          0          0          0         68   fcmpi.o
       388         76          0          0          0         96   fdiv.o
       104          4          0          0          0         84   feqf.o
        54          4          0          0          0         84   ffix.o
        48          0          0          0          0         68   fflt_clz.o
       104          4          0          0          0         84   fgeqf.o
       104          4          0          0          0         84   fleqf.o
       258          4          0          0          0         84   fmul.o
       140          4          0          0          0         84   fnaninf.o
        10          0          0          0          0         68   fretinf.o
         4          0          0          0          0         68   printf1.o
         4          0          0          0          0         68   printf2.o
       100          0          0          0          0         68   retnan.o
        76          0          0          0          0         68   scalbnf.o
        48          0          0          0          0         68   trapv.o
         0          0          0          0          0          0   usenofp.o
       380         56          0          0          0        108   atanf.o
        40          0          0          0          0         68   fpclassify.o
        38          0          0          0          0         68   fpclassifyf.o
        16          0          0          0          0        136   funder.o

    ----------------------------------------------------------------------
     14032        796        552         24         96       7796   Library Totals
        24          0          1          0          0          0   (incl. Padding)

    ----------------------------------------------------------------------

      Code (inc. data)   RO Data    RW Data    ZI Data      Debug   Library Name

      2438        178          0         24          0        896   Lib_Com_Periph_2022.lib
      6772        266        551          0         96       3832   c_w.l
      4324        296          0          0          0       2688   fz_ws.l
       474         56          0          0          0        380   m_ws.l

    ----------------------------------------------------------------------
     14032        796        552         24         96       7796   Library Totals

    ----------------------------------------------------------------------

==============================================================================


      Code (inc. data)   RO Data    RW Data    ZI Data      Debug   

     18064        822        892         24       1648      34576   Grand Totals
     18064        822        892         24       1648      34576   ELF Image Totals
     18064        822        892         24          0          0   ROM Totals

==============================================================================

    Total RO  Size (Code + RO Data)                18956 (  18.51kB)
    Total RW  Size (RW Data + ZI Data)              1672 (   1.63kB)
    Total ROM Size (Code + RO Data + RW Data)      18980 (  18.54kB)

==============================================================================

