Component: Arm Compiler for Embedded 6.22 Tool: armlink [5ee90200]

==============================================================================

Section Cross References

    principal.o(.text.main) refers to system_stm32f10x.o(.text.SystemInit) for SystemInit
    principal.o(.text.main) refers to myusart.o(.text.UART1_Init) for UART1_Init
    principal.o(.text.main) refers to myds1307.o(.text.DS1307_Init) for DS1307_Init
    principal.o(.text.main) refers to myds1307.o(.text.DS1307_GetTime) for DS1307_GetTime
    principal.o(.ARM.exidx.text.main) refers to principal.o(.text.main) for [Anonymous Symbol]
    gpio.o(.text.GPIO) refers to mygpio.o(.text.MyGPIO_Init) for MyGPIO_Init
    gpio.o(.text.GPIO) refers to mygpio.o(.text.MyGPIO_Read) for MyGPIO_Read
    gpio.o(.text.GPIO) refers to mygpio.o(.text.MyGPIO_Set) for MyGPIO_Set
    gpio.o(.text.GPIO) refers to mygpio.o(.text.MyGPIO_Reset) for MyGPIO_Reset
    gpio.o(.ARM.exidx.text.GPIO) refers to gpio.o(.text.GPIO) for [Anonymous Symbol]
    timer.o(.ARM.exidx.text.delay) refers to timer.o(.text.delay) for [Anonymous Symbol]
    timer.o(.text.Timer) refers to mygpio.o(.text.MyGPIO_Init) for MyGPIO_Init
    timer.o(.text.Timer) refers to mytimer.o(.text.MyTimer_Base_Init) for MyTimer_Base_Init
    timer.o(.text.Timer) refers to mytimer.o(.text.MyTimer_PWM) for MyTimer_PWM
    timer.o(.text.Timer) refers to mytimer.o(.text.MyTimer_SetDutyCycle) for MyTimer_SetDutyCycle
    timer.o(.text.Timer) refers to timer.o(.text.delay) for delay
    timer.o(.ARM.exidx.text.Timer) refers to timer.o(.text.Timer) for [Anonymous Symbol]
    adc.o(.text.ADC) refers to mygpio.o(.text.MyGPIO_Init) for MyGPIO_Init
    adc.o(.text.ADC) refers to myadc.o(.text.configadc) for configadc
    adc.o(.text.ADC) refers to myadc.o(.text.convert_cont) for convert_cont
    adc.o(.text.ADC) refers to mytimer.o(.text.MyTimer_Base_Init) for MyTimer_Base_Init
    adc.o(.text.ADC) refers to mytimer.o(.text.MyTimer_PWM) for MyTimer_PWM
    adc.o(.text.ADC) refers to mytimer.o(.text.MyTimer_SetDutyCycle) for MyTimer_SetDutyCycle
    adc.o(.ARM.exidx.text.ADC) refers to adc.o(.text.ADC) for [Anonymous Symbol]
    mygpio.o(.ARM.exidx.text.MyGPIO_Init) refers to mygpio.o(.text.MyGPIO_Init) for [Anonymous Symbol]
    mygpio.o(.ARM.exidx.text.MyGPIO_Read) refers to mygpio.o(.text.MyGPIO_Read) for [Anonymous Symbol]
    mygpio.o(.ARM.exidx.text.MyGPIO_Set) refers to mygpio.o(.text.MyGPIO_Set) for [Anonymous Symbol]
    mygpio.o(.ARM.exidx.text.MyGPIO_Reset) refers to mygpio.o(.text.MyGPIO_Reset) for [Anonymous Symbol]
    mygpio.o(.ARM.exidx.text.MyGPIO_Toggle) refers to mygpio.o(.text.MyGPIO_Toggle) for [Anonymous Symbol]
    mytimer.o(.ARM.exidx.text.MyTimer_Base_Init) refers to mytimer.o(.text.MyTimer_Base_Init) for [Anonymous Symbol]
    mytimer.o(.text.TIM1_UP_IRQHandler) refers to mytimer.o(.bss.Timer_Callback) for Timer_Callback
    mytimer.o(.ARM.exidx.text.TIM1_UP_IRQHandler) refers to mytimer.o(.text.TIM1_UP_IRQHandler) for [Anonymous Symbol]
    mytimer.o(.text.TIM2_IRQHandler) refers to mytimer.o(.bss.Timer_Callback) for Timer_Callback
    mytimer.o(.ARM.exidx.text.TIM2_IRQHandler) refers to mytimer.o(.text.TIM2_IRQHandler) for [Anonymous Symbol]
    mytimer.o(.text.TIM3_IRQHandler) refers to mytimer.o(.bss.Timer_Callback) for Timer_Callback
    mytimer.o(.ARM.exidx.text.TIM3_IRQHandler) refers to mytimer.o(.text.TIM3_IRQHandler) for [Anonymous Symbol]
    mytimer.o(.text.TIM4_IRQHandler) refers to mytimer.o(.bss.Timer_Callback) for Timer_Callback
    mytimer.o(.ARM.exidx.text.TIM4_IRQHandler) refers to mytimer.o(.text.TIM4_IRQHandler) for [Anonymous Symbol]
    mytimer.o(.text.MyTimer_ActivateIT) refers to mytimer.o(.text.__NVIC_EnableIRQ) for __NVIC_EnableIRQ
    mytimer.o(.text.MyTimer_ActivateIT) refers to mytimer.o(.text.__NVIC_SetPriority) for __NVIC_SetPriority
    mytimer.o(.ARM.exidx.text.MyTimer_ActivateIT) refers to mytimer.o(.text.MyTimer_ActivateIT) for [Anonymous Symbol]
    mytimer.o(.ARM.exidx.text.__NVIC_EnableIRQ) refers to mytimer.o(.text.__NVIC_EnableIRQ) for [Anonymous Symbol]
    mytimer.o(.ARM.exidx.text.__NVIC_SetPriority) refers to mytimer.o(.text.__NVIC_SetPriority) for [Anonymous Symbol]
    mytimer.o(.text.MyTimer_ActivateIT1) refers to mytimer.o(.bss.Timer_Callback) for Timer_Callback
    mytimer.o(.text.MyTimer_ActivateIT1) refers to mytimer.o(.text.__NVIC_EnableIRQ) for __NVIC_EnableIRQ
    mytimer.o(.text.MyTimer_ActivateIT1) refers to mytimer.o(.text.__NVIC_SetPriority) for __NVIC_SetPriority
    mytimer.o(.ARM.exidx.text.MyTimer_ActivateIT1) refers to mytimer.o(.text.MyTimer_ActivateIT1) for [Anonymous Symbol]
    mytimer.o(.ARM.exidx.text.MyTimer_PWM) refers to mytimer.o(.text.MyTimer_PWM) for [Anonymous Symbol]
    mytimer.o(.ARM.exidx.text.MyTimer_SetDutyCycle) refers to mytimer.o(.text.MyTimer_SetDutyCycle) for [Anonymous Symbol]
    myadc.o(.ARM.exidx.text.configadc) refers to myadc.o(.text.configadc) for [Anonymous Symbol]
    myadc.o(.ARM.exidx.text.convert_single) refers to myadc.o(.text.convert_single) for [Anonymous Symbol]
    myadc.o(.ARM.exidx.text.convert_cont) refers to myadc.o(.text.convert_cont) for [Anonymous Symbol]
    myencoder.o(.text.Encoder_GPIO_Init) refers to mygpio.o(.text.MyGPIO_Init) for MyGPIO_Init
    myencoder.o(.ARM.exidx.text.Encoder_GPIO_Init) refers to myencoder.o(.text.Encoder_GPIO_Init) for [Anonymous Symbol]
    myencoder.o(.text.Encoder_Timer_Init) refers to mytimer.o(.text.MyTimer_Base_Init) for MyTimer_Base_Init
    myencoder.o(.ARM.exidx.text.Encoder_Timer_Init) refers to myencoder.o(.text.Encoder_Timer_Init) for [Anonymous Symbol]
    myencoder.o(.ARM.exidx.text.MyTimer_Encoder_Read) refers to myencoder.o(.text.MyTimer_Encoder_Read) for [Anonymous Symbol]
    myencoder.o(.ARM.exidx.text.MyTimer_Encoder_Reset) refers to myencoder.o(.text.MyTimer_Encoder_Reset) for [Anonymous Symbol]
    myusart.o(.text.UART1_Init) refers to mygpio.o(.text.MyGPIO_Init) for MyGPIO_Init
    myusart.o(.text.UART1_Init) refers to myusart.o(.text.__NVIC_EnableIRQ) for __NVIC_EnableIRQ
    myusart.o(.ARM.exidx.text.UART1_Init) refers to myusart.o(.text.UART1_Init) for [Anonymous Symbol]
    myusart.o(.ARM.exidx.text.__NVIC_EnableIRQ) refers to myusart.o(.text.__NVIC_EnableIRQ) for [Anonymous Symbol]
    myusart.o(.ARM.exidx.text.UART1_Receive) refers to myusart.o(.text.UART1_Receive) for [Anonymous Symbol]
    myusart.o(.ARM.exidx.text.UART1_SendChar) refers to myusart.o(.text.UART1_SendChar) for [Anonymous Symbol]
    myusart.o(.text.UART1_SendString) refers to myusart.o(.text.UART1_SendChar) for UART1_SendChar
    myusart.o(.ARM.exidx.text.UART1_SendString) refers to myusart.o(.text.UART1_SendString) for [Anonymous Symbol]
    myusart.o(.text.UART1_SendData) refers to myusart.o(.rodata.str1.1) for .L.str
    myusart.o(.text.UART1_SendData) refers to printfa.o(i.__0snprintf) for snprintf
    myusart.o(.text.UART1_SendData) refers to myusart.o(.text.UART1_SendString) for UART1_SendString
    myusart.o(.ARM.exidx.text.UART1_SendData) refers to myusart.o(.text.UART1_SendData) for [Anonymous Symbol]
    myplateau.o(.text.initPlateau) refers to mygpio.o(.text.MyGPIO_Init) for MyGPIO_Init
    myplateau.o(.text.initPlateau) refers to mytimer.o(.text.MyTimer_Base_Init) for MyTimer_Base_Init
    myplateau.o(.text.initPlateau) refers to mytimer.o(.text.MyTimer_PWM) for MyTimer_PWM
    myplateau.o(.text.initPlateau) refers to mytimer.o(.text.MyTimer_SetDutyCycle) for MyTimer_SetDutyCycle
    myplateau.o(.ARM.exidx.text.initPlateau) refers to myplateau.o(.text.initPlateau) for [Anonymous Symbol]
    myplateau.o(.text.updateBoatDirectionAndSpeed) refers to myplateau.o(.text.initPlateau) for initPlateau
    myplateau.o(.text.updateBoatDirectionAndSpeed) refers to myplateau.o(.bss.vitesse) for vitesse
    myplateau.o(.text.updateBoatDirectionAndSpeed) refers to mygpio.o(.text.MyGPIO_Reset) for MyGPIO_Reset
    myplateau.o(.text.updateBoatDirectionAndSpeed) refers to mytimer.o(.text.MyTimer_SetDutyCycle) for MyTimer_SetDutyCycle
    myplateau.o(.text.updateBoatDirectionAndSpeed) refers to mygpio.o(.text.MyGPIO_Set) for MyGPIO_Set
    myplateau.o(.ARM.exidx.text.updateBoatDirectionAndSpeed) refers to myplateau.o(.text.updateBoatDirectionAndSpeed) for [Anonymous Symbol]
    myplateau.o(.text.USART1_IRQHandler) refers to myplateau.o(.text.updateBoatDirectionAndSpeed) for updateBoatDirectionAndSpeed
    myplateau.o(.ARM.exidx.text.USART1_IRQHandler) refers to myplateau.o(.text.USART1_IRQHandler) for [Anonymous Symbol]
    myds1307.o(.text.DS1307_Init) refers to myds1307.o(.bss.func_Callback) for func_Callback
    myds1307.o(.text.DS1307_Init) refers to myi2c.o(i.MyI2C_Init) for MyI2C_Init
    myds1307.o(.text.DS1307_Init) refers to myi2c.o(i.MyI2C_PutString) for MyI2C_PutString
    myds1307.o(.ARM.exidx.text.DS1307_Init) refers to myds1307.o(.text.DS1307_Init) for [Anonymous Symbol]
    myds1307.o(.text.DS1307_GetTime) refers to myi2c.o(i.MyI2C_GetString) for MyI2C_GetString
    myds1307.o(.text.DS1307_GetTime) refers to myds1307.o(.text.BCD_to_Decimal) for BCD_to_Decimal
    myds1307.o(.ARM.exidx.text.DS1307_GetTime) refers to myds1307.o(.text.DS1307_GetTime) for [Anonymous Symbol]
    myds1307.o(.ARM.exidx.text.BCD_to_Decimal) refers to myds1307.o(.text.BCD_to_Decimal) for [Anonymous Symbol]
    startup_stm32f10x_md.o(RESET) refers to startup_stm32f10x_md.o(STACK) for __initial_sp
    startup_stm32f10x_md.o(RESET) refers to startup_stm32f10x_md.o(.text) for Reset_Handler
    startup_stm32f10x_md.o(RESET) refers to mytimer.o(.text.TIM1_UP_IRQHandler) for TIM1_UP_IRQHandler
    startup_stm32f10x_md.o(RESET) refers to mytimer.o(.text.TIM2_IRQHandler) for TIM2_IRQHandler
    startup_stm32f10x_md.o(RESET) refers to mytimer.o(.text.TIM3_IRQHandler) for TIM3_IRQHandler
    startup_stm32f10x_md.o(RESET) refers to mytimer.o(.text.TIM4_IRQHandler) for TIM4_IRQHandler
    startup_stm32f10x_md.o(RESET) refers to myi2c.o(i.I2C1_ER_IRQHandler) for I2C1_ER_IRQHandler
    startup_stm32f10x_md.o(RESET) refers to myi2c.o(i.I2C2_ER_IRQHandler) for I2C2_ER_IRQHandler
    startup_stm32f10x_md.o(RESET) refers to myplateau.o(.text.USART1_IRQHandler) for USART1_IRQHandler
    startup_stm32f10x_md.o(.text) refers to system_stm32f10x.o(.text.SystemInit) for SystemInit
    startup_stm32f10x_md.o(.text) refers to entry.o(.ARM.Collect$$$$00000000) for __main
    system_stm32f10x.o(.text.SystemInit) refers to system_stm32f10x.o(.text.SetSysClock) for SetSysClock
    system_stm32f10x.o(.ARM.exidx.text.SystemInit) refers to system_stm32f10x.o(.text.SystemInit) for [Anonymous Symbol]
    system_stm32f10x.o(.text.SetSysClock) refers to system_stm32f10x.o(.text.SetSysClockTo72) for SetSysClockTo72
    system_stm32f10x.o(.ARM.exidx.text.SetSysClock) refers to system_stm32f10x.o(.text.SetSysClock) for [Anonymous Symbol]
    system_stm32f10x.o(.text.SystemCoreClockUpdate) refers to system_stm32f10x.o(.data.SystemCoreClock) for SystemCoreClock
    system_stm32f10x.o(.text.SystemCoreClockUpdate) refers to system_stm32f10x.o(.rodata.AHBPrescTable) for AHBPrescTable
    system_stm32f10x.o(.ARM.exidx.text.SystemCoreClockUpdate) refers to system_stm32f10x.o(.text.SystemCoreClockUpdate) for [Anonymous Symbol]
    system_stm32f10x.o(.ARM.exidx.text.SetSysClockTo72) refers to system_stm32f10x.o(.text.SetSysClockTo72) for [Anonymous Symbol]
    myi2c.o(i.I2C1_ER_IRQHandler) refers to myi2c.o(.data) for I2C1_Err
    myi2c.o(i.I2C2_ER_IRQHandler) refers to myi2c.o(.data) for I2C2_Err
    myi2c.o(i.MyI2C_GetString) refers to myi2c.o(.data) for I2C1_Err
    myi2c.o(i.MyI2C_Get_Error) refers to myi2c.o(.data) for I2C1_Err
    myi2c.o(i.MyI2C_Init) refers to myi2c.o(i.__NVIC_SetPriority) for __NVIC_SetPriority
    myi2c.o(i.MyI2C_Init) refers to myi2c.o(i.__NVIC_EnableIRQ) for __NVIC_EnableIRQ
    myi2c.o(i.MyI2C_Init) refers to myi2c.o(.data) for PtrFct
    myi2c.o(i.MyI2C_PutString) refers to myi2c.o(.data) for I2C1_Err
    entry.o(.ARM.Collect$$$$00000000) refers (Special) to entry10a.o(.ARM.Collect$$$$0000000D) for __rt_final_cpp
    entry.o(.ARM.Collect$$$$00000000) refers (Special) to entry11a.o(.ARM.Collect$$$$0000000F) for __rt_final_exit
    entry.o(.ARM.Collect$$$$00000000) refers (Special) to entry7b.o(.ARM.Collect$$$$00000008) for _main_clock
    entry.o(.ARM.Collect$$$$00000000) refers (Special) to entry8b.o(.ARM.Collect$$$$0000000A) for _main_cpp_init
    entry.o(.ARM.Collect$$$$00000000) refers (Special) to entry9a.o(.ARM.Collect$$$$0000000B) for _main_init
    entry.o(.ARM.Collect$$$$00000000) refers (Special) to entry5.o(.ARM.Collect$$$$00000004) for _main_scatterload
    entry.o(.ARM.Collect$$$$00000000) refers (Special) to entry2.o(.ARM.Collect$$$$00000001) for _main_stk
    printfa.o(i.__0fprintf) refers (Special) to iusefp.o(.text) for __I$use$fp
    printfa.o(i.__0fprintf) refers to printfa.o(i._printf_core) for _printf_core
    printfa.o(i.__0fprintf) refers to fputc.o(i.fputc) for fputc
    printfa.o(i.__0printf) refers (Special) to iusefp.o(.text) for __I$use$fp
    printfa.o(i.__0printf) refers to printfa.o(i._printf_core) for _printf_core
    printfa.o(i.__0printf) refers to fputc.o(i.fputc) for fputc
    printfa.o(i.__0printf) refers to stdout.o(.data) for __stdout
    printfa.o(i.__0snprintf) refers (Special) to iusefp.o(.text) for __I$use$fp
    printfa.o(i.__0snprintf) refers to printfa.o(i._printf_core) for _printf_core
    printfa.o(i.__0snprintf) refers to printfa.o(i._snputc) for _snputc
    printfa.o(i.__0sprintf) refers (Special) to iusefp.o(.text) for __I$use$fp
    printfa.o(i.__0sprintf) refers to printfa.o(i._printf_core) for _printf_core
    printfa.o(i.__0sprintf) refers to printfa.o(i._sputc) for _sputc
    printfa.o(i.__0vfprintf) refers (Special) to iusefp.o(.text) for __I$use$fp
    printfa.o(i.__0vfprintf) refers to printfa.o(i._printf_core) for _printf_core
    printfa.o(i.__0vfprintf) refers to fputc.o(i.fputc) for fputc
    printfa.o(i.__0vprintf) refers (Special) to iusefp.o(.text) for __I$use$fp
    printfa.o(i.__0vprintf) refers to printfa.o(i._printf_core) for _printf_core
    printfa.o(i.__0vprintf) refers to fputc.o(i.fputc) for fputc
    printfa.o(i.__0vprintf) refers to stdout.o(.data) for __stdout
    printfa.o(i.__0vsnprintf) refers (Special) to iusefp.o(.text) for __I$use$fp
    printfa.o(i.__0vsnprintf) refers to printfa.o(i._printf_core) for _printf_core
    printfa.o(i.__0vsnprintf) refers to printfa.o(i._snputc) for _snputc
    printfa.o(i.__0vsprintf) refers (Special) to iusefp.o(.text) for __I$use$fp
    printfa.o(i.__0vsprintf) refers to printfa.o(i._printf_core) for _printf_core
    printfa.o(i.__0vsprintf) refers to printfa.o(i._sputc) for _sputc
    printfa.o(i._fp_digits) refers (Special) to iusefp.o(.text) for __I$use$fp
    printfa.o(i._fp_digits) refers to dmul.o(.text) for __aeabi_dmul
    printfa.o(i._fp_digits) refers to ddiv.o(.text) for __aeabi_ddiv
    printfa.o(i._fp_digits) refers to cdrcmple.o(.text) for __aeabi_cdrcmple
    printfa.o(i._fp_digits) refers to dadd.o(.text) for __aeabi_dadd
    printfa.o(i._fp_digits) refers to dfixul.o(.text) for __aeabi_d2ulz
    printfa.o(i._fp_digits) refers to uldiv.o(.text) for __aeabi_uldivmod
    printfa.o(i._printf_core) refers (Special) to iusefp.o(.text) for __I$use$fp
    printfa.o(i._printf_core) refers to printfa.o(i._printf_pre_padding) for _printf_pre_padding
    printfa.o(i._printf_core) refers to uldiv.o(.text) for __aeabi_uldivmod
    printfa.o(i._printf_core) refers to printfa.o(i._printf_post_padding) for _printf_post_padding
    printfa.o(i._printf_core) refers to printfa.o(i._fp_digits) for _fp_digits
    printfa.o(i._printf_core) refers to uidiv.o(.text) for __aeabi_uidivmod
    printfa.o(i._printf_post_padding) refers (Special) to iusefp.o(.text) for __I$use$fp
    printfa.o(i._printf_pre_padding) refers (Special) to iusefp.o(.text) for __I$use$fp
    printfa.o(i._snputc) refers (Special) to iusefp.o(.text) for __I$use$fp
    printfa.o(i._sputc) refers (Special) to iusefp.o(.text) for __I$use$fp
    entry2.o(.ARM.Collect$$$$00000001) refers to entry2.o(.ARM.Collect$$$$00002712) for __lit__00000000
    entry2.o(.ARM.Collect$$$$00002712) refers to startup_stm32f10x_md.o(STACK) for __initial_sp
    entry2.o(__vectab_stack_and_reset_area) refers to startup_stm32f10x_md.o(STACK) for __initial_sp
    entry2.o(__vectab_stack_and_reset_area) refers to entry.o(.ARM.Collect$$$$00000000) for __main
    entry5.o(.ARM.Collect$$$$00000004) refers to init.o(.text) for __scatterload
    entry9a.o(.ARM.Collect$$$$0000000B) refers to principal.o(.text.main) for main
    entry9b.o(.ARM.Collect$$$$0000000C) refers to principal.o(.text.main) for main
    fputc.o(i.fputc) refers (Special) to iusesemip.o(.text) for __I$use$semihosting$fputc
    fputc.o(i.fputc) refers (Special) to semi.o(.text) for __semihosting_library_function
    fputc_h.o(i._fputc$hlt) refers (Special) to iusesemip.o(.text) for __I$use$semihosting$fputc
    fputc_h.o(i._fputc$hlt) refers (Special) to semi.o(.text) for __semihosting_library_function
    uldiv.o(.text) refers to llushr.o(.text) for __aeabi_llsr
    uldiv.o(.text) refers to llshl.o(.text) for __aeabi_llsl
    dadd.o(.text) refers (Special) to iusefp.o(.text) for __I$use$fp
    dadd.o(.text) refers to llshl.o(.text) for __aeabi_llsl
    dadd.o(.text) refers to llsshr.o(.text) for __aeabi_lasr
    dadd.o(.text) refers to depilogue.o(.text) for _double_epilogue
    dmul.o(.text) refers (Special) to iusefp.o(.text) for __I$use$fp
    dmul.o(.text) refers to depilogue.o(.text) for _double_epilogue
    ddiv.o(.text) refers (Special) to iusefp.o(.text) for __I$use$fp
    ddiv.o(.text) refers to depilogue.o(.text) for _double_round
    dfixul.o(.text) refers (Special) to iusefp.o(.text) for __I$use$fp
    dfixul.o(.text) refers to llushr.o(.text) for __aeabi_llsr
    dfixul.o(.text) refers to llshl.o(.text) for __aeabi_llsl
    cdrcmple.o(.text) refers (Special) to iusefp.o(.text) for __I$use$fp
    init.o(.text) refers to entry5.o(.ARM.Collect$$$$00000004) for __main_after_scatterload
    depilogue.o(.text) refers (Special) to iusefp.o(.text) for __I$use$fp
    depilogue.o(.text) refers to llshl.o(.text) for __aeabi_llsl
    depilogue.o(.text) refers to llushr.o(.text) for __aeabi_llsr


==============================================================================

Removing Unused input sections from the image.

    Removing principal.o(.text), (0 bytes).
    Removing principal.o(.ARM.exidx.text.main), (8 bytes).
    Removing principal.o(.ARM.use_no_argv), (4 bytes).
    Removing gpio.o(.text), (0 bytes).
    Removing gpio.o(.text.GPIO), (102 bytes).
    Removing gpio.o(.ARM.exidx.text.GPIO), (8 bytes).
    Removing timer.o(.text), (0 bytes).
    Removing timer.o(.text.delay), (22 bytes).
    Removing timer.o(.ARM.exidx.text.delay), (8 bytes).
    Removing timer.o(.text.Timer), (184 bytes).
    Removing timer.o(.ARM.exidx.text.Timer), (8 bytes).
    Removing adc.o(.text), (0 bytes).
    Removing adc.o(.text.ADC), (168 bytes).
    Removing adc.o(.ARM.exidx.text.ADC), (8 bytes).
    Removing mygpio.o(.text), (0 bytes).
    Removing mygpio.o(.ARM.exidx.text.MyGPIO_Init), (8 bytes).
    Removing mygpio.o(.text.MyGPIO_Read), (42 bytes).
    Removing mygpio.o(.ARM.exidx.text.MyGPIO_Read), (8 bytes).
    Removing mygpio.o(.ARM.exidx.text.MyGPIO_Set), (8 bytes).
    Removing mygpio.o(.ARM.exidx.text.MyGPIO_Reset), (8 bytes).
    Removing mygpio.o(.text.MyGPIO_Toggle), (30 bytes).
    Removing mygpio.o(.ARM.exidx.text.MyGPIO_Toggle), (8 bytes).
    Removing mytimer.o(.text), (0 bytes).
    Removing mytimer.o(.ARM.exidx.text.MyTimer_Base_Init), (8 bytes).
    Removing mytimer.o(.ARM.exidx.text.TIM1_UP_IRQHandler), (8 bytes).
    Removing mytimer.o(.ARM.exidx.text.TIM2_IRQHandler), (8 bytes).
    Removing mytimer.o(.ARM.exidx.text.TIM3_IRQHandler), (8 bytes).
    Removing mytimer.o(.ARM.exidx.text.TIM4_IRQHandler), (8 bytes).
    Removing mytimer.o(.text.MyTimer_ActivateIT), (214 bytes).
    Removing mytimer.o(.ARM.exidx.text.MyTimer_ActivateIT), (8 bytes).
    Removing mytimer.o(.text.__NVIC_EnableIRQ), (48 bytes).
    Removing mytimer.o(.ARM.exidx.text.__NVIC_EnableIRQ), (8 bytes).
    Removing mytimer.o(.text.__NVIC_SetPriority), (66 bytes).
    Removing mytimer.o(.ARM.exidx.text.__NVIC_SetPriority), (8 bytes).
    Removing mytimer.o(.text.MyTimer_ActivateIT1), (228 bytes).
    Removing mytimer.o(.ARM.exidx.text.MyTimer_ActivateIT1), (8 bytes).
    Removing mytimer.o(.ARM.exidx.text.MyTimer_PWM), (8 bytes).
    Removing mytimer.o(.ARM.exidx.text.MyTimer_SetDutyCycle), (8 bytes).
    Removing myadc.o(.text), (0 bytes).
    Removing myadc.o(.text.configadc), (118 bytes).
    Removing myadc.o(.ARM.exidx.text.configadc), (8 bytes).
    Removing myadc.o(.text.convert_single), (70 bytes).
    Removing myadc.o(.ARM.exidx.text.convert_single), (8 bytes).
    Removing myadc.o(.text.convert_cont), (78 bytes).
    Removing myadc.o(.ARM.exidx.text.convert_cont), (8 bytes).
    Removing myencoder.o(.text), (0 bytes).
    Removing myencoder.o(.text.Encoder_GPIO_Init), (62 bytes).
    Removing myencoder.o(.ARM.exidx.text.Encoder_GPIO_Init), (8 bytes).
    Removing myencoder.o(.text.Encoder_Timer_Init), (112 bytes).
    Removing myencoder.o(.ARM.exidx.text.Encoder_Timer_Init), (8 bytes).
    Removing myencoder.o(.text.MyTimer_Encoder_Read), (14 bytes).
    Removing myencoder.o(.ARM.exidx.text.MyTimer_Encoder_Read), (8 bytes).
    Removing myencoder.o(.text.MyTimer_Encoder_Reset), (12 bytes).
    Removing myencoder.o(.ARM.exidx.text.MyTimer_Encoder_Reset), (8 bytes).
    Removing myusart.o(.text), (0 bytes).
    Removing myusart.o(.ARM.exidx.text.UART1_Init), (8 bytes).
    Removing myusart.o(.ARM.exidx.text.__NVIC_EnableIRQ), (8 bytes).
    Removing myusart.o(.text.UART1_Receive), (36 bytes).
    Removing myusart.o(.ARM.exidx.text.UART1_Receive), (8 bytes).
    Removing myusart.o(.text.UART1_SendChar), (46 bytes).
    Removing myusart.o(.ARM.exidx.text.UART1_SendChar), (8 bytes).
    Removing myusart.o(.text.UART1_SendString), (34 bytes).
    Removing myusart.o(.ARM.exidx.text.UART1_SendString), (8 bytes).
    Removing myusart.o(.text.UART1_SendData), (64 bytes).
    Removing myusart.o(.ARM.exidx.text.UART1_SendData), (8 bytes).
    Removing myusart.o(.rodata.str1.1), (10 bytes).
    Removing myplateau.o(.text), (0 bytes).
    Removing myplateau.o(.ARM.exidx.text.initPlateau), (8 bytes).
    Removing myplateau.o(.ARM.exidx.text.updateBoatDirectionAndSpeed), (8 bytes).
    Removing myplateau.o(.ARM.exidx.text.USART1_IRQHandler), (8 bytes).
    Removing myplateau.o(.bss.receivedData), (1 bytes).
    Removing myds1307.o(.text), (0 bytes).
    Removing myds1307.o(.ARM.exidx.text.DS1307_Init), (8 bytes).
    Removing myds1307.o(.ARM.exidx.text.DS1307_GetTime), (8 bytes).
    Removing myds1307.o(.ARM.exidx.text.BCD_to_Decimal), (8 bytes).
    Removing startup_stm32f10x_md.o(HEAP), (512 bytes).
    Removing system_stm32f10x.o(.text), (0 bytes).
    Removing system_stm32f10x.o(.ARM.exidx.text.SystemInit), (8 bytes).
    Removing system_stm32f10x.o(.ARM.exidx.text.SetSysClock), (8 bytes).
    Removing system_stm32f10x.o(.text.SystemCoreClockUpdate), (290 bytes).
    Removing system_stm32f10x.o(.ARM.exidx.text.SystemCoreClockUpdate), (8 bytes).
    Removing system_stm32f10x.o(.ARM.exidx.text.SetSysClockTo72), (8 bytes).
    Removing system_stm32f10x.o(.data.SystemCoreClock), (4 bytes).
    Removing system_stm32f10x.o(.rodata.AHBPrescTable), (16 bytes).
    Removing myi2c.o(.rev16_text), (4 bytes).
    Removing myi2c.o(.revsh_text), (4 bytes).
    Removing myi2c.o(.rrx_text), (6 bytes).
    Removing myi2c.o(i.MyI2C_Get_Error), (32 bytes).
    Removing dadd.o(.text), (334 bytes).
    Removing dmul.o(.text), (228 bytes).
    Removing ddiv.o(.text), (222 bytes).
    Removing dfixul.o(.text), (48 bytes).
    Removing cdrcmple.o(.text), (48 bytes).
    Removing depilogue.o(.text), (186 bytes).

94 unused section(s) (total 4051 bytes) removed from the image.

==============================================================================

Image Symbol Table

    Local Symbols

    Symbol Name                              Value     Ov Type        Size  Object(Section)

    ../clib/division.s                       0x00000000   Number         0  aeabi_sdiv.o ABSOLUTE
    ../clib/microlib/division.c              0x00000000   Number         0  uidiv.o ABSOLUTE
    ../clib/microlib/division.c              0x00000000   Number         0  uldiv.o ABSOLUTE
    ../clib/microlib/init/entry.s            0x00000000   Number         0  entry.o ABSOLUTE
    ../clib/microlib/init/entry.s            0x00000000   Number         0  entry2.o ABSOLUTE
    ../clib/microlib/init/entry.s            0x00000000   Number         0  entry5.o ABSOLUTE
    ../clib/microlib/init/entry.s            0x00000000   Number         0  entry7a.o ABSOLUTE
    ../clib/microlib/init/entry.s            0x00000000   Number         0  entry7b.o ABSOLUTE
    ../clib/microlib/init/entry.s            0x00000000   Number         0  entry8a.o ABSOLUTE
    ../clib/microlib/init/entry.s            0x00000000   Number         0  entry8b.o ABSOLUTE
    ../clib/microlib/init/entry.s            0x00000000   Number         0  entry9a.o ABSOLUTE
    ../clib/microlib/init/entry.s            0x00000000   Number         0  entry9b.o ABSOLUTE
    ../clib/microlib/init/entry.s            0x00000000   Number         0  entry10a.o ABSOLUTE
    ../clib/microlib/init/entry.s            0x00000000   Number         0  entry10b.o ABSOLUTE
    ../clib/microlib/init/entry.s            0x00000000   Number         0  entry11a.o ABSOLUTE
    ../clib/microlib/init/entry.s            0x00000000   Number         0  entry11b.o ABSOLUTE
    ../clib/microlib/longlong.c              0x00000000   Number         0  llshl.o ABSOLUTE
    ../clib/microlib/longlong.c              0x00000000   Number         0  llushr.o ABSOLUTE
    ../clib/microlib/longlong.c              0x00000000   Number         0  llsshr.o ABSOLUTE
    ../clib/microlib/printf/printf.c         0x00000000   Number         0  printfa.o ABSOLUTE
    ../clib/microlib/stdio/fputc.c           0x00000000   Number         0  fputc.o ABSOLUTE
    ../clib/microlib/stdio/fputc.c           0x00000000   Number         0  fputc_h.o ABSOLUTE
    ../clib/microlib/stdio/semi.s            0x00000000   Number         0  semi.o ABSOLUTE
    ../clib/microlib/stdio/streams.c         0x00000000   Number         0  stdout.o ABSOLUTE
    ../clib/microlib/stubs.s                 0x00000000   Number         0  iusefp.o ABSOLUTE
    ../clib/microlib/stubs.s                 0x00000000   Number         0  iusesemip.o ABSOLUTE
    ../fplib/microlib/fpadd.c                0x00000000   Number         0  dadd.o ABSOLUTE
    ../fplib/microlib/fpdiv.c                0x00000000   Number         0  ddiv.o ABSOLUTE
    ../fplib/microlib/fpepilogue.c           0x00000000   Number         0  depilogue.o ABSOLUTE
    ../fplib/microlib/fpfix.c                0x00000000   Number         0  dfixul.o ABSOLUTE
    ../fplib/microlib/fpmul.c                0x00000000   Number         0  dmul.o ABSOLUTE
    ADC.c                                    0x00000000   Number         0  adc.o ABSOLUTE
    GPIO.c                                   0x00000000   Number         0  gpio.o ABSOLUTE
    MyADC.c                                  0x00000000   Number         0  myadc.o ABSOLUTE
    MyDS1307.c                               0x00000000   Number         0  myds1307.o ABSOLUTE
    MyDrivers\MyI2C.c                        0x00000000   Number         0  myi2c.o ABSOLUTE
    MyDrivers\\MyI2C.c                       0x00000000   Number         0  myi2c.o ABSOLUTE
    MyEncoder.c                              0x00000000   Number         0  myencoder.o ABSOLUTE
    MyGPIO.c                                 0x00000000   Number         0  mygpio.o ABSOLUTE
    MyPLATEAU.c                              0x00000000   Number         0  myplateau.o ABSOLUTE
    MyTimer.c                                0x00000000   Number         0  mytimer.o ABSOLUTE
    MyUSART.c                                0x00000000   Number         0  myusart.o ABSOLUTE
    RTE/Device/STM32F103RB/startup_stm32f10x_md.s 0x00000000   Number         0  startup_stm32f10x_md.o ABSOLUTE
    TIMER.c                                  0x00000000   Number         0  timer.o ABSOLUTE
    cdrcmple.s                               0x00000000   Number         0  cdrcmple.o ABSOLUTE
    dc.s                                     0x00000000   Number         0  dc.o ABSOLUTE
    handlers.s                               0x00000000   Number         0  handlers.o ABSOLUTE
    init.s                                   0x00000000   Number         0  init.o ABSOLUTE
    principal.c                              0x00000000   Number         0  principal.o ABSOLUTE
    system_stm32f10x.c                       0x00000000   Number         0  system_stm32f10x.o ABSOLUTE
    RESET                                    0x08000000   Section      236  startup_stm32f10x_md.o(RESET)
    .ARM.Collect$$$$00000000                 0x080000ec   Section        0  entry.o(.ARM.Collect$$$$00000000)
    .ARM.Collect$$$$00000001                 0x080000ec   Section        4  entry2.o(.ARM.Collect$$$$00000001)
    .ARM.Collect$$$$00000004                 0x080000f0   Section        4  entry5.o(.ARM.Collect$$$$00000004)
    .ARM.Collect$$$$00000008                 0x080000f4   Section        0  entry7b.o(.ARM.Collect$$$$00000008)
    .ARM.Collect$$$$0000000A                 0x080000f4   Section        0  entry8b.o(.ARM.Collect$$$$0000000A)
    .ARM.Collect$$$$0000000B                 0x080000f4   Section        8  entry9a.o(.ARM.Collect$$$$0000000B)
    __lit__00000000                          0x080000fc   Data           4  entry2.o(.ARM.Collect$$$$00002712)
    .ARM.Collect$$$$0000000D                 0x080000fc   Section        0  entry10a.o(.ARM.Collect$$$$0000000D)
    .ARM.Collect$$$$0000000F                 0x080000fc   Section        0  entry11a.o(.ARM.Collect$$$$0000000F)
    .ARM.Collect$$$$00002712                 0x080000fc   Section        4  entry2.o(.ARM.Collect$$$$00002712)
    .text                                    0x08000100   Section       36  startup_stm32f10x_md.o(.text)
    .text                                    0x08000124   Section       48  init.o(.text)
    BCD_to_Decimal                           0x08000155   Thumb Code    30  myds1307.o(.text.BCD_to_Decimal)
    [Anonymous Symbol]                       0x08000154   Section        0  myds1307.o(.text.BCD_to_Decimal)
    [Anonymous Symbol]                       0x08000174   Section        0  myds1307.o(.text.DS1307_GetTime)
    [Anonymous Symbol]                       0x080001f0   Section        0  myds1307.o(.text.DS1307_Init)
    [Anonymous Symbol]                       0x08000230   Section        0  mygpio.o(.text.MyGPIO_Init)
    [Anonymous Symbol]                       0x0800034c   Section        0  mygpio.o(.text.MyGPIO_Reset)
    [Anonymous Symbol]                       0x08000364   Section        0  mygpio.o(.text.MyGPIO_Set)
    [Anonymous Symbol]                       0x0800037c   Section        0  mytimer.o(.text.MyTimer_Base_Init)
    [Anonymous Symbol]                       0x0800047c   Section        0  mytimer.o(.text.MyTimer_PWM)
    [Anonymous Symbol]                       0x08000558   Section        0  mytimer.o(.text.MyTimer_SetDutyCycle)
    SetSysClock                              0x080005d1   Thumb Code     8  system_stm32f10x.o(.text.SetSysClock)
    [Anonymous Symbol]                       0x080005d0   Section        0  system_stm32f10x.o(.text.SetSysClock)
    SetSysClockTo72                          0x080005d9   Thumb Code   290  system_stm32f10x.o(.text.SetSysClockTo72)
    [Anonymous Symbol]                       0x080005d8   Section        0  system_stm32f10x.o(.text.SetSysClockTo72)
    [Anonymous Symbol]                       0x080006fc   Section        0  system_stm32f10x.o(.text.SystemInit)
    [Anonymous Symbol]                       0x08000764   Section        0  mytimer.o(.text.TIM1_UP_IRQHandler)
    [Anonymous Symbol]                       0x08000794   Section        0  mytimer.o(.text.TIM2_IRQHandler)
    [Anonymous Symbol]                       0x080007c4   Section        0  mytimer.o(.text.TIM3_IRQHandler)
    [Anonymous Symbol]                       0x080007f4   Section        0  mytimer.o(.text.TIM4_IRQHandler)
    [Anonymous Symbol]                       0x08000824   Section        0  myusart.o(.text.UART1_Init)
    [Anonymous Symbol]                       0x080008c0   Section        0  myplateau.o(.text.USART1_IRQHandler)
    __NVIC_EnableIRQ                         0x080008fd   Thumb Code    48  myusart.o(.text.__NVIC_EnableIRQ)
    [Anonymous Symbol]                       0x080008fc   Section        0  myusart.o(.text.__NVIC_EnableIRQ)
    [Anonymous Symbol]                       0x0800092c   Section        0  myplateau.o(.text.initPlateau)
    [Anonymous Symbol]                       0x080009a8   Section        0  principal.o(.text.main)
    [Anonymous Symbol]                       0x080009d8   Section        0  myplateau.o(.text.updateBoatDirectionAndSpeed)
    i.I2C1_ER_IRQHandler                     0x08000a98   Section        0  myi2c.o(i.I2C1_ER_IRQHandler)
    i.I2C2_ER_IRQHandler                     0x08000af8   Section        0  myi2c.o(i.I2C2_ER_IRQHandler)
    i.MyI2C_GetString                        0x08000b58   Section        0  myi2c.o(i.MyI2C_GetString)
    i.MyI2C_Init                             0x08000c48   Section        0  myi2c.o(i.MyI2C_Init)
    i.MyI2C_PutString                        0x08001044   Section        0  myi2c.o(i.MyI2C_PutString)
    __NVIC_EnableIRQ                         0x080010e1   Thumb Code    34  myi2c.o(i.__NVIC_EnableIRQ)
    i.__NVIC_EnableIRQ                       0x080010e0   Section        0  myi2c.o(i.__NVIC_EnableIRQ)
    __NVIC_SetPriority                       0x08001105   Thumb Code    32  myi2c.o(i.__NVIC_SetPriority)
    i.__NVIC_SetPriority                     0x08001104   Section        0  myi2c.o(i.__NVIC_SetPriority)
    i.__scatterload_copy                     0x0800112c   Section       14  handlers.o(i.__scatterload_copy)
    i.__scatterload_null                     0x0800113a   Section        2  handlers.o(i.__scatterload_null)
    i.__scatterload_zeroinit                 0x0800113c   Section       14  handlers.o(i.__scatterload_zeroinit)
    I2C1_Err                                 0x20000000   Data           1  myi2c.o(.data)
    .data                                    0x20000000   Section       20  myi2c.o(.data)
    I2C2_Err                                 0x20000001   Data           1  myi2c.o(.data)
    PtrFct                                   0x20000010   Data           4  myi2c.o(.data)
    Timer_Callback                           0x20000018   Data           4  mytimer.o(.bss.Timer_Callback)
    [Anonymous Symbol]                       0x20000018   Section        0  mytimer.o(.bss.Timer_Callback)
    func_Callback                            0x2000001c   Data           4  myds1307.o(.bss.func_Callback)
    [Anonymous Symbol]                       0x2000001c   Section        0  myds1307.o(.bss.func_Callback)
    STACK                                    0x20000028   Section     1024  startup_stm32f10x_md.o(STACK)

    Global Symbols

    Symbol Name                              Value     Ov Type        Size  Object(Section)

    BuildAttributes$$THM_ISAv4$P$D$K$B$S$PE$A:L22UL41UL21$X:L11$S22US41US21$IEEE1$IW$~IW$USESV6$~STKCKD$USESV7$~SHL$OSPACE$ROPI$EBA8$MICROLIB$REQ8$PRES8$EABIv2 0x00000000   Number         0  anon$$obj.o ABSOLUTE
    __cpp_initialize__aeabi_                  - Undefined Weak Reference
    __cxa_finalize                            - Undefined Weak Reference
    __decompress                              - Undefined Weak Reference
    _clock_init                               - Undefined Weak Reference
    _microlib_exit                            - Undefined Weak Reference
    __Vectors_Size                           0x000000ec   Number         0  startup_stm32f10x_md.o ABSOLUTE
    __Vectors                                0x08000000   Data           4  startup_stm32f10x_md.o(RESET)
    __Vectors_End                            0x080000ec   Data           0  startup_stm32f10x_md.o(RESET)
    __main                                   0x080000ed   Thumb Code     0  entry.o(.ARM.Collect$$$$00000000)
    _main_stk                                0x080000ed   Thumb Code     0  entry2.o(.ARM.Collect$$$$00000001)
    _main_scatterload                        0x080000f1   Thumb Code     0  entry5.o(.ARM.Collect$$$$00000004)
    __main_after_scatterload                 0x080000f5   Thumb Code     0  entry5.o(.ARM.Collect$$$$00000004)
    _main_clock                              0x080000f5   Thumb Code     0  entry7b.o(.ARM.Collect$$$$00000008)
    _main_cpp_init                           0x080000f5   Thumb Code     0  entry8b.o(.ARM.Collect$$$$0000000A)
    _main_init                               0x080000f5   Thumb Code     0  entry9a.o(.ARM.Collect$$$$0000000B)
    __rt_final_cpp                           0x080000fd   Thumb Code     0  entry10a.o(.ARM.Collect$$$$0000000D)
    __rt_final_exit                          0x080000fd   Thumb Code     0  entry11a.o(.ARM.Collect$$$$0000000F)
    Reset_Handler                            0x08000101   Thumb Code     8  startup_stm32f10x_md.o(.text)
    NMI_Handler                              0x08000109   Thumb Code     2  startup_stm32f10x_md.o(.text)
    HardFault_Handler                        0x0800010b   Thumb Code     2  startup_stm32f10x_md.o(.text)
    MemManage_Handler                        0x0800010d   Thumb Code     2  startup_stm32f10x_md.o(.text)
    BusFault_Handler                         0x0800010f   Thumb Code     2  startup_stm32f10x_md.o(.text)
    UsageFault_Handler                       0x08000111   Thumb Code     2  startup_stm32f10x_md.o(.text)
    SVC_Handler                              0x08000113   Thumb Code     2  startup_stm32f10x_md.o(.text)
    DebugMon_Handler                         0x08000115   Thumb Code     2  startup_stm32f10x_md.o(.text)
    PendSV_Handler                           0x08000117   Thumb Code     2  startup_stm32f10x_md.o(.text)
    SysTick_Handler                          0x08000119   Thumb Code     2  startup_stm32f10x_md.o(.text)
    ADC1_2_IRQHandler                        0x0800011b   Thumb Code     0  startup_stm32f10x_md.o(.text)
    CAN1_RX1_IRQHandler                      0x0800011b   Thumb Code     0  startup_stm32f10x_md.o(.text)
    CAN1_SCE_IRQHandler                      0x0800011b   Thumb Code     0  startup_stm32f10x_md.o(.text)
    DMA1_Channel1_IRQHandler                 0x0800011b   Thumb Code     0  startup_stm32f10x_md.o(.text)
    DMA1_Channel2_IRQHandler                 0x0800011b   Thumb Code     0  startup_stm32f10x_md.o(.text)
    DMA1_Channel3_IRQHandler                 0x0800011b   Thumb Code     0  startup_stm32f10x_md.o(.text)
    DMA1_Channel4_IRQHandler                 0x0800011b   Thumb Code     0  startup_stm32f10x_md.o(.text)
    DMA1_Channel5_IRQHandler                 0x0800011b   Thumb Code     0  startup_stm32f10x_md.o(.text)
    DMA1_Channel6_IRQHandler                 0x0800011b   Thumb Code     0  startup_stm32f10x_md.o(.text)
    DMA1_Channel7_IRQHandler                 0x0800011b   Thumb Code     0  startup_stm32f10x_md.o(.text)
    EXTI0_IRQHandler                         0x0800011b   Thumb Code     0  startup_stm32f10x_md.o(.text)
    EXTI15_10_IRQHandler                     0x0800011b   Thumb Code     0  startup_stm32f10x_md.o(.text)
    EXTI1_IRQHandler                         0x0800011b   Thumb Code     0  startup_stm32f10x_md.o(.text)
    EXTI2_IRQHandler                         0x0800011b   Thumb Code     0  startup_stm32f10x_md.o(.text)
    EXTI3_IRQHandler                         0x0800011b   Thumb Code     0  startup_stm32f10x_md.o(.text)
    EXTI4_IRQHandler                         0x0800011b   Thumb Code     0  startup_stm32f10x_md.o(.text)
    EXTI9_5_IRQHandler                       0x0800011b   Thumb Code     0  startup_stm32f10x_md.o(.text)
    FLASH_IRQHandler                         0x0800011b   Thumb Code     0  startup_stm32f10x_md.o(.text)
    I2C1_EV_IRQHandler                       0x0800011b   Thumb Code     0  startup_stm32f10x_md.o(.text)
    I2C2_EV_IRQHandler                       0x0800011b   Thumb Code     0  startup_stm32f10x_md.o(.text)
    PVD_IRQHandler                           0x0800011b   Thumb Code     0  startup_stm32f10x_md.o(.text)
    RCC_IRQHandler                           0x0800011b   Thumb Code     0  startup_stm32f10x_md.o(.text)
    RTCAlarm_IRQHandler                      0x0800011b   Thumb Code     0  startup_stm32f10x_md.o(.text)
    RTC_IRQHandler                           0x0800011b   Thumb Code     0  startup_stm32f10x_md.o(.text)
    SPI1_IRQHandler                          0x0800011b   Thumb Code     0  startup_stm32f10x_md.o(.text)
    SPI2_IRQHandler                          0x0800011b   Thumb Code     0  startup_stm32f10x_md.o(.text)
    TAMPER_IRQHandler                        0x0800011b   Thumb Code     0  startup_stm32f10x_md.o(.text)
    TIM1_BRK_IRQHandler                      0x0800011b   Thumb Code     0  startup_stm32f10x_md.o(.text)
    TIM1_CC_IRQHandler                       0x0800011b   Thumb Code     0  startup_stm32f10x_md.o(.text)
    TIM1_TRG_COM_IRQHandler                  0x0800011b   Thumb Code     0  startup_stm32f10x_md.o(.text)
    USART2_IRQHandler                        0x0800011b   Thumb Code     0  startup_stm32f10x_md.o(.text)
    USART3_IRQHandler                        0x0800011b   Thumb Code     0  startup_stm32f10x_md.o(.text)
    USBWakeUp_IRQHandler                     0x0800011b   Thumb Code     0  startup_stm32f10x_md.o(.text)
    USB_HP_CAN1_TX_IRQHandler                0x0800011b   Thumb Code     0  startup_stm32f10x_md.o(.text)
    USB_LP_CAN1_RX0_IRQHandler               0x0800011b   Thumb Code     0  startup_stm32f10x_md.o(.text)
    WWDG_IRQHandler                          0x0800011b   Thumb Code     0  startup_stm32f10x_md.o(.text)
    __scatterload                            0x08000125   Thumb Code    38  init.o(.text)
    __scatterload_rt2                        0x08000125   Thumb Code     0  init.o(.text)
    DS1307_GetTime                           0x08000175   Thumb Code   124  myds1307.o(.text.DS1307_GetTime)
    DS1307_Init                              0x080001f1   Thumb Code    62  myds1307.o(.text.DS1307_Init)
    MyGPIO_Init                              0x08000231   Thumb Code   284  mygpio.o(.text.MyGPIO_Init)
    MyGPIO_Reset                             0x0800034d   Thumb Code    24  mygpio.o(.text.MyGPIO_Reset)
    MyGPIO_Set                               0x08000365   Thumb Code    24  mygpio.o(.text.MyGPIO_Set)
    MyTimer_Base_Init                        0x0800037d   Thumb Code   254  mytimer.o(.text.MyTimer_Base_Init)
    MyTimer_PWM                              0x0800047d   Thumb Code   220  mytimer.o(.text.MyTimer_PWM)
    MyTimer_SetDutyCycle                     0x08000559   Thumb Code   118  mytimer.o(.text.MyTimer_SetDutyCycle)
    SystemInit                               0x080006fd   Thumb Code   102  system_stm32f10x.o(.text.SystemInit)
    TIM1_UP_IRQHandler                       0x08000765   Thumb Code    48  mytimer.o(.text.TIM1_UP_IRQHandler)
    TIM2_IRQHandler                          0x08000795   Thumb Code    46  mytimer.o(.text.TIM2_IRQHandler)
    TIM3_IRQHandler                          0x080007c5   Thumb Code    48  mytimer.o(.text.TIM3_IRQHandler)
    TIM4_IRQHandler                          0x080007f5   Thumb Code    48  mytimer.o(.text.TIM4_IRQHandler)
    UART1_Init                               0x08000825   Thumb Code   156  myusart.o(.text.UART1_Init)
    USART1_IRQHandler                        0x080008c1   Thumb Code    60  myplateau.o(.text.USART1_IRQHandler)
    initPlateau                              0x0800092d   Thumb Code   124  myplateau.o(.text.initPlateau)
    main                                     0x080009a9   Thumb Code    48  principal.o(.text.main)
    updateBoatDirectionAndSpeed              0x080009d9   Thumb Code   192  myplateau.o(.text.updateBoatDirectionAndSpeed)
    I2C1_ER_IRQHandler                       0x08000a99   Thumb Code    82  myi2c.o(i.I2C1_ER_IRQHandler)
    I2C2_ER_IRQHandler                       0x08000af9   Thumb Code    82  myi2c.o(i.I2C2_ER_IRQHandler)
    MyI2C_GetString                          0x08000b59   Thumb Code   226  myi2c.o(i.MyI2C_GetString)
    MyI2C_Init                               0x08000c49   Thumb Code   984  myi2c.o(i.MyI2C_Init)
    MyI2C_PutString                          0x08001045   Thumb Code   144  myi2c.o(i.MyI2C_PutString)
    __scatterload_copy                       0x0800112d   Thumb Code    14  handlers.o(i.__scatterload_copy)
    __scatterload_null                       0x0800113b   Thumb Code     2  handlers.o(i.__scatterload_null)
    __scatterload_zeroinit                   0x0800113d   Thumb Code    14  handlers.o(i.__scatterload_zeroinit)
    Region$$Table$$Base                      0x0800114c   Number         0  anon$$obj.o(Region$$Table)
    Region$$Table$$Limit                     0x0800116c   Number         0  anon$$obj.o(Region$$Table)
    SCL                                      0x20000004   Data           4  myi2c.o(.data)
    SDA                                      0x20000008   Data           4  myi2c.o(.data)
    CRLH                                     0x2000000c   Data           4  myi2c.o(.data)
    vitesse                                  0x20000020   Data           4  myplateau.o(.bss.vitesse)
    __initial_sp                             0x20000428   Data           0  startup_stm32f10x_md.o(STACK)



==============================================================================

Memory Map of the image

  Image Entry point : 0x08000101

  Load Region LR_1 (Base: 0x08000000, Size: 0x00001180, Max: 0xffffffff, ABSOLUTE)

    Execution Region ER_RO (Exec base: 0x08000000, Load base: 0x08000000, Size: 0x0000116c, Max: 0xffffffff, ABSOLUTE)

    Exec Addr    Load Addr    Size         Type   Attr      Idx    E Section Name        Object

    0x08000000   0x08000000   0x000000ec   Data   RO          163    RESET               startup_stm32f10x_md.o
    0x080000ec   0x080000ec   0x00000000   Code   RO          210  * .ARM.Collect$$$$00000000  mc_w.l(entry.o)
    0x080000ec   0x080000ec   0x00000004   Code   RO          241    .ARM.Collect$$$$00000001  mc_w.l(entry2.o)
    0x080000f0   0x080000f0   0x00000004   Code   RO          244    .ARM.Collect$$$$00000004  mc_w.l(entry5.o)
    0x080000f4   0x080000f4   0x00000000   Code   RO          246    .ARM.Collect$$$$00000008  mc_w.l(entry7b.o)
    0x080000f4   0x080000f4   0x00000000   Code   RO          248    .ARM.Collect$$$$0000000A  mc_w.l(entry8b.o)
    0x080000f4   0x080000f4   0x00000008   Code   RO          249    .ARM.Collect$$$$0000000B  mc_w.l(entry9a.o)
    0x080000fc   0x080000fc   0x00000000   Code   RO          251    .ARM.Collect$$$$0000000D  mc_w.l(entry10a.o)
    0x080000fc   0x080000fc   0x00000000   Code   RO          253    .ARM.Collect$$$$0000000F  mc_w.l(entry11a.o)
    0x080000fc   0x080000fc   0x00000004   Code   RO          242    .ARM.Collect$$$$00002712  mc_w.l(entry2.o)
    0x08000100   0x08000100   0x00000024   Code   RO          164  * .text               startup_stm32f10x_md.o
    0x08000124   0x08000124   0x00000030   Code   RO          284    .text               mc_w.l(init.o)
    0x08000154   0x08000154   0x0000001e   Code   RO          152    .text.BCD_to_Decimal  myds1307.o
    0x08000172   0x08000172   0x00000002   PAD
    0x08000174   0x08000174   0x0000007c   Code   RO          150    .text.DS1307_GetTime  myds1307.o
    0x080001f0   0x080001f0   0x0000003e   Code   RO          148    .text.DS1307_Init   myds1307.o
    0x0800022e   0x0800022e   0x00000002   PAD
    0x08000230   0x08000230   0x0000011c   Code   RO           38    .text.MyGPIO_Init   mygpio.o
    0x0800034c   0x0800034c   0x00000018   Code   RO           44    .text.MyGPIO_Reset  mygpio.o
    0x08000364   0x08000364   0x00000018   Code   RO           42    .text.MyGPIO_Set    mygpio.o
    0x0800037c   0x0800037c   0x000000fe   Code   RO           55    .text.MyTimer_Base_Init  mytimer.o
    0x0800047a   0x0800047a   0x00000002   PAD
    0x0800047c   0x0800047c   0x000000dc   Code   RO           73    .text.MyTimer_PWM   mytimer.o
    0x08000558   0x08000558   0x00000076   Code   RO           75    .text.MyTimer_SetDutyCycle  mytimer.o
    0x080005ce   0x080005ce   0x00000002   PAD
    0x080005d0   0x080005d0   0x00000008   Code   RO          173    .text.SetSysClock   system_stm32f10x.o
    0x080005d8   0x080005d8   0x00000122   Code   RO          177    .text.SetSysClockTo72  system_stm32f10x.o
    0x080006fa   0x080006fa   0x00000002   PAD
    0x080006fc   0x080006fc   0x00000066   Code   RO          171    .text.SystemInit    system_stm32f10x.o
    0x08000762   0x08000762   0x00000002   PAD
    0x08000764   0x08000764   0x00000030   Code   RO           57    .text.TIM1_UP_IRQHandler  mytimer.o
    0x08000794   0x08000794   0x0000002e   Code   RO           59    .text.TIM2_IRQHandler  mytimer.o
    0x080007c2   0x080007c2   0x00000002   PAD
    0x080007c4   0x080007c4   0x00000030   Code   RO           61    .text.TIM3_IRQHandler  mytimer.o
    0x080007f4   0x080007f4   0x00000030   Code   RO           63    .text.TIM4_IRQHandler  mytimer.o
    0x08000824   0x08000824   0x0000009c   Code   RO          113    .text.UART1_Init    myusart.o
    0x080008c0   0x080008c0   0x0000003c   Code   RO          137    .text.USART1_IRQHandler  myplateau.o
    0x080008fc   0x080008fc   0x00000030   Code   RO          115    .text.__NVIC_EnableIRQ  myusart.o
    0x0800092c   0x0800092c   0x0000007c   Code   RO          133    .text.initPlateau   myplateau.o
    0x080009a8   0x080009a8   0x00000030   Code   RO            2    .text.main          principal.o
    0x080009d8   0x080009d8   0x000000c0   Code   RO          135    .text.updateBoatDirectionAndSpeed  myplateau.o
    0x08000a98   0x08000a98   0x00000060   Code   RO          190    i.I2C1_ER_IRQHandler  Lib_Com_Periph_2022.lib(myi2c.o)
    0x08000af8   0x08000af8   0x00000060   Code   RO          191    i.I2C2_ER_IRQHandler  Lib_Com_Periph_2022.lib(myi2c.o)
    0x08000b58   0x08000b58   0x000000f0   Code   RO          192    i.MyI2C_GetString   Lib_Com_Periph_2022.lib(myi2c.o)
    0x08000c48   0x08000c48   0x000003fc   Code   RO          194    i.MyI2C_Init        Lib_Com_Periph_2022.lib(myi2c.o)
    0x08001044   0x08001044   0x0000009c   Code   RO          195    i.MyI2C_PutString   Lib_Com_Periph_2022.lib(myi2c.o)
    0x080010e0   0x080010e0   0x00000022   Code   RO          196    i.__NVIC_EnableIRQ  Lib_Com_Periph_2022.lib(myi2c.o)
    0x08001102   0x08001102   0x00000002   PAD
    0x08001104   0x08001104   0x00000028   Code   RO          197    i.__NVIC_SetPriority  Lib_Com_Periph_2022.lib(myi2c.o)
    0x0800112c   0x0800112c   0x0000000e   Code   RO          298    i.__scatterload_copy  mc_w.l(handlers.o)
    0x0800113a   0x0800113a   0x00000002   Code   RO          299    i.__scatterload_null  mc_w.l(handlers.o)
    0x0800113c   0x0800113c   0x0000000e   Code   RO          300    i.__scatterload_zeroinit  mc_w.l(handlers.o)
    0x0800114a   0x0800114a   0x00000002   PAD
    0x0800114c   0x0800114c   0x00000020   Data   RO          297    Region$$Table       anon$$obj.o


    Execution Region ER_RW (Exec base: 0x20000000, Load base: 0x0800116c, Size: 0x00000014, Max: 0xffffffff, ABSOLUTE)

    Exec Addr    Load Addr    Size         Type   Attr      Idx    E Section Name        Object

    0x20000000   0x0800116c   0x00000014   Data   RW          198    .data               Lib_Com_Periph_2022.lib(myi2c.o)


    Execution Region ER_ZI (Exec base: 0x20000018, Load base: 0x08001180, Size: 0x00000410, Max: 0xffffffff, ABSOLUTE)

    Exec Addr    Load Addr    Size         Type   Attr      Idx    E Section Name        Object

    0x20000018        -       0x00000004   Zero   RW           77    .bss.Timer_Callback  mytimer.o
    0x2000001c        -       0x00000004   Zero   RW          154    .bss.func_Callback  myds1307.o
    0x20000020        -       0x00000004   Zero   RW          140    .bss.vitesse        myplateau.o
    0x20000024   0x08001180   0x00000004   PAD
    0x20000028        -       0x00000400   Zero   RW          161    STACK               startup_stm32f10x_md.o


==============================================================================

Image component sizes


      Code (inc. data)   RO Data    RW Data    ZI Data      Debug   Object Name

       216          0          0          0          4       2155   myds1307.o
       332          0          0          0          0       2079   mygpio.o
       376          0          0          0          4       2958   myplateau.o
       782          0          0          0          4       6284   mytimer.o
       204          0          0          0          0       4190   myusart.o
        48          0          0          0          0       1470   principal.o
        36          8        236          0       1024        880   startup_stm32f10x_md.o
       400          0          0          0          0       3037   system_stm32f10x.o

    ----------------------------------------------------------------------
      2408          8        268          0       1040      23053   Object Totals
         0          0         32          0          0          0   (incl. Generated)
        14          0          0          0          4          0   (incl. Padding)

    ----------------------------------------------------------------------

      Code (inc. data)   RO Data    RW Data    ZI Data      Debug   Library Member Name

      1682         98          0         20          0        548   myi2c.o
         0          0          0          0          0          0   entry.o
         0          0          0          0          0          0   entry10a.o
         0          0          0          0          0          0   entry11a.o
         8          4          0          0          0          0   entry2.o
         4          0          0          0          0          0   entry5.o
         0          0          0          0          0          0   entry7b.o
         0          0          0          0          0          0   entry8b.o
         8          4          0          0          0          0   entry9a.o
        30          0          0          0          0          0   handlers.o
        48         10          0          0          0         68   init.o

    ----------------------------------------------------------------------
      1784        116          0         20          0        616   Library Totals
         4          0          0          0          0          0   (incl. Padding)

    ----------------------------------------------------------------------

      Code (inc. data)   RO Data    RW Data    ZI Data      Debug   Library Name

      1682         98          0         20          0        548   Lib_Com_Periph_2022.lib
        98         18          0          0          0         68   mc_w.l

    ----------------------------------------------------------------------
      1784        116          0         20          0        616   Library Totals

    ----------------------------------------------------------------------

==============================================================================


      Code (inc. data)   RO Data    RW Data    ZI Data      Debug   

      4192        124        268         20       1040      23389   Grand Totals
      4192        124        268         20       1040      23389   ELF Image Totals
      4192        124        268         20          0          0   ROM Totals

==============================================================================

    Total RO  Size (Code + RO Data)                 4460 (   4.36kB)
    Total RW  Size (RW Data + ZI Data)              1060 (   1.04kB)
    Total ROM Size (Code + RO Data + RW Data)       4480 (   4.38kB)

==============================================================================

