<html>
<body>
<pre>
<h1>µVision Build Log</h1>
<h2>Tool Versions:</h2>
IDE-Version: µVision V5.41.0.0
Copyright (C) 2024 ARM Ltd and ARM Germany GmbH. All rights reserved.
License Information: Pierre Senghor, INSA, LIC=----
 
Tool Versions:
Toolchain:       MDK-Lite  Version: 5.41.0.0
Toolchain Path:  C:\Users\logar\AppData\Local\Keil_v5\ARM\ARMCLANG\Bin
C Compiler:      ArmClang.exe V6.22
Assembler:       Armasm.exe V6.22
Linker/Locator:  ArmLink.exe V6.22
Library Manager: ArmAr.exe V6.22
Hex Converter:   FromElf.exe V6.22
CPU DLL:         SARMCM3.DLL V5.41.0.0
Dialog DLL:      DARMSTM.DLL V1.69.1.0
Target DLL:      STLink\ST-LINKIII-KEIL_SWO.dll V3.3.0.0
Dialog DLL:      TARMSTM.DLL V1.67.1.0
 
<h2>Project:</h2>
C:\Users\logar\Documents\GitHub\BE_InfoEmbarque\BE infoembarque_Code\ProjetVoilier_USARTRealisation\ProjetVide.uvprojx
Project File Date:  12/12/2024

<h2>Output:</h2>
*** Using Compiler 'V6.22', folder: 'C:\Users\logar\AppData\Local\Keil_v5\ARM\ARMCLANG\Bin'
Rebuild target 'Reel'
compiling IT.c...
compiling ADC.c...
compiling MyDS1307.c...
compiling GPIO.c...
compiling MyEncoder.c...
compiling MyGPIO.c...
Application/principal.c(3): warning: In file included from...
../Driver\DS1307.h(29): warning: unused function 'BCD_to_Decimal' [-Wunused-function]
   29 | static uint8_t BCD_to_Decimal(uint8_t bcd);
      |                ^~~~~~~~~~~~~~
1 warning generated.
compiling principal.c...
compiling MyADC.c...
compiling MyTimer.c...
compiling TIMER.c...
compiling MyPLATEAU.c...
assembling startup_stm32f10x_md.s...
compiling MyUSART.c...
compiling system_stm32f10x.c...
linking...
Program Size: Code=13012 RO-data=892 RW-data=20 ZI-data=1648  
".\Objects\Projet3FISA.axf" - 0 Error(s), 1 Warning(s).

<h2>Software Packages used:</h2>

Package Vendor: ARM
                https://www.keil.com/pack/ARM.CMSIS.6.1.0.pack
                ARM::CMSIS@6.1.0
                CMSIS (Common Microcontroller Software Interface Standard)
   * Component: CORE Version: 6.1.0

Package Vendor: Keil
                https://www.keil.com/pack/Keil.STM32F1xx_DFP.2.4.1.pack
                Keil::STM32F1xx_DFP@2.4.1
                STMicroelectronics STM32F1 Series Device Support, Drivers and Examples
   * Component: Startup Version: 1.0.0

<h2>Collection of Component include folders:</h2>
  ./RTE/Device/STM32F103RB
  ./RTE/_Reel
  C:/Users/logar/AppData/Local/Arm/Packs/ARM/CMSIS/6.1.0/CMSIS/Core/Include
  C:/Users/logar/AppData/Local/Arm/Packs/Keil/STM32F1xx_DFP/2.4.1/Device/Include

<h2>Collection of Component Files used:</h2>

   * Component: ARM::CMSIS:CORE@6.1.0

   * Component: Keil::Device:Startup@1.0.0
      Source file:   Device/Source/system_stm32f10x.c
      Source file:   Device/Source/ARM/STM32F1xx_OPT.s
      Include file:  RTE_Driver/Config/RTE_Device.h
      Source file:   Device/Source/ARM/startup_stm32f10x_md.s
Build Time Elapsed:  00:00:01
</pre>
</body>
</html>
