Component: Arm Compiler for Embedded 6.22 Tool: armlink [5ee90200]

==============================================================================

Section Cross References

    principal.o(.ARM.exidx.text.delay) refers to principal.o(.text.delay) for [Anonymous Symbol]
    principal.o(.text.main) refers to mygpio.o(.text.MyGPIO_Init) for MyGPIO_Init
    principal.o(.text.main) refers to mytimer.o(.text.MyTimer_Base_Init) for MyTimer_Base_Init
    principal.o(.text.main) refers to mytimer.o(.text.MyTimer_PWM) for MyTimer_PWM
    principal.o(.text.main) refers to mytimer.o(.text.MyTimer_SetDutyCycle) for MyTimer_SetDutyCycle
    principal.o(.text.main) refers to mygpio.o(.text.MyGPIO_Set) for MyGPIO_Set
    principal.o(.ARM.exidx.text.main) refers to principal.o(.text.main) for [Anonymous Symbol]
    gpio.o(.text.GPIO) refers to mygpio.o(.text.MyGPIO_Init) for MyGPIO_Init
    gpio.o(.text.GPIO) refers to mygpio.o(.text.MyGPIO_Read) for MyGPIO_Read
    gpio.o(.text.GPIO) refers to mygpio.o(.text.MyGPIO_Set) for MyGPIO_Set
    gpio.o(.text.GPIO) refers to mygpio.o(.text.MyGPIO_Reset) for MyGPIO_Reset
    gpio.o(.ARM.exidx.text.GPIO) refers to gpio.o(.text.GPIO) for [Anonymous Symbol]
    adc.o(.text.ADC) refers to mygpio.o(.text.MyGPIO_Init) for MyGPIO_Init
    adc.o(.text.ADC) refers to myadc.o(.text.configadc) for configadc
    adc.o(.text.ADC) refers to myadc.o(.text.convert_cont) for convert_cont
    adc.o(.text.ADC) refers to mytimer.o(.text.MyTimer_Base_Init) for MyTimer_Base_Init
    adc.o(.text.ADC) refers to mytimer.o(.text.MyTimer_PWM) for MyTimer_PWM
    adc.o(.text.ADC) refers to mytimer.o(.text.MyTimer_SetDutyCycle) for MyTimer_SetDutyCycle
    adc.o(.ARM.exidx.text.ADC) refers to adc.o(.text.ADC) for [Anonymous Symbol]
    mygpio.o(.ARM.exidx.text.MyGPIO_Init) refers to mygpio.o(.text.MyGPIO_Init) for [Anonymous Symbol]
    mygpio.o(.ARM.exidx.text.MyGPIO_Read) refers to mygpio.o(.text.MyGPIO_Read) for [Anonymous Symbol]
    mygpio.o(.ARM.exidx.text.MyGPIO_Set) refers to mygpio.o(.text.MyGPIO_Set) for [Anonymous Symbol]
    mygpio.o(.ARM.exidx.text.MyGPIO_Reset) refers to mygpio.o(.text.MyGPIO_Reset) for [Anonymous Symbol]
    mygpio.o(.ARM.exidx.text.MyGPIO_Toggle) refers to mygpio.o(.text.MyGPIO_Toggle) for [Anonymous Symbol]
    mytimer.o(.ARM.exidx.text.MyTimer_Base_Init) refers to mytimer.o(.text.MyTimer_Base_Init) for [Anonymous Symbol]
    mytimer.o(.text.TIM1_UP_IRQHandler) refers to mytimer.o(.bss.Timer_Callback) for Timer_Callback
    mytimer.o(.ARM.exidx.text.TIM1_UP_IRQHandler) refers to mytimer.o(.text.TIM1_UP_IRQHandler) for [Anonymous Symbol]
    mytimer.o(.text.TIM2_IRQHandler) refers to mytimer.o(.bss.Timer_Callback) for Timer_Callback
    mytimer.o(.ARM.exidx.text.TIM2_IRQHandler) refers to mytimer.o(.text.TIM2_IRQHandler) for [Anonymous Symbol]
    mytimer.o(.text.TIM3_IRQHandler) refers to mytimer.o(.bss.Timer_Callback) for Timer_Callback
    mytimer.o(.ARM.exidx.text.TIM3_IRQHandler) refers to mytimer.o(.text.TIM3_IRQHandler) for [Anonymous Symbol]
    mytimer.o(.text.TIM4_IRQHandler) refers to mytimer.o(.bss.Timer_Callback) for Timer_Callback
    mytimer.o(.ARM.exidx.text.TIM4_IRQHandler) refers to mytimer.o(.text.TIM4_IRQHandler) for [Anonymous Symbol]
    mytimer.o(.text.MyTimer_ActivateIT) refers to mytimer.o(.text.__NVIC_EnableIRQ) for __NVIC_EnableIRQ
    mytimer.o(.text.MyTimer_ActivateIT) refers to mytimer.o(.text.__NVIC_SetPriority) for __NVIC_SetPriority
    mytimer.o(.ARM.exidx.text.MyTimer_ActivateIT) refers to mytimer.o(.text.MyTimer_ActivateIT) for [Anonymous Symbol]
    mytimer.o(.ARM.exidx.text.__NVIC_EnableIRQ) refers to mytimer.o(.text.__NVIC_EnableIRQ) for [Anonymous Symbol]
    mytimer.o(.ARM.exidx.text.__NVIC_SetPriority) refers to mytimer.o(.text.__NVIC_SetPriority) for [Anonymous Symbol]
    mytimer.o(.text.MyTimer_ActivateIT1) refers to mytimer.o(.bss.Timer_Callback) for Timer_Callback
    mytimer.o(.text.MyTimer_ActivateIT1) refers to mytimer.o(.text.__NVIC_EnableIRQ) for __NVIC_EnableIRQ
    mytimer.o(.text.MyTimer_ActivateIT1) refers to mytimer.o(.text.__NVIC_SetPriority) for __NVIC_SetPriority
    mytimer.o(.ARM.exidx.text.MyTimer_ActivateIT1) refers to mytimer.o(.text.MyTimer_ActivateIT1) for [Anonymous Symbol]
    mytimer.o(.ARM.exidx.text.MyTimer_PWM) refers to mytimer.o(.text.MyTimer_PWM) for [Anonymous Symbol]
    mytimer.o(.ARM.exidx.text.MyTimer_SetDutyCycle) refers to mytimer.o(.text.MyTimer_SetDutyCycle) for [Anonymous Symbol]
    myadc.o(.ARM.exidx.text.configadc) refers to myadc.o(.text.configadc) for [Anonymous Symbol]
    myadc.o(.ARM.exidx.text.convert_single) refers to myadc.o(.text.convert_single) for [Anonymous Symbol]
    myadc.o(.ARM.exidx.text.convert_cont) refers to myadc.o(.text.convert_cont) for [Anonymous Symbol]
    myencoder.o(.text.Encoder_GPIO_Init) refers to mygpio.o(.text.MyGPIO_Init) for MyGPIO_Init
[...]
    startup_stm32f10x_md.o(RESET) refers to mytimer.o(.text.TIM4_IRQHandler) for TIM4_IRQHandler
    startup_stm32f10x_md.o(RESET) refers to myplateau.o(.text.USART1_IRQHandler) for USART1_IRQHandler
    startup_stm32f10x_md.o(.text) refers (Special) to heapauxi.o(.text) for __use_two_region_memory
    startup_stm32f10x_md.o(.text) refers to system_stm32f10x.o(.text.SystemInit) for SystemInit
    startup_stm32f10x_md.o(.text) refers to __main.o(!!!main) for __main
    startup_stm32f10x_md.o(.text) refers to startup_stm32f10x_md.o(HEAP) for Heap_Mem
    startup_stm32f10x_md.o(.text) refers to startup_stm32f10x_md.o(STACK) for Stack_Mem
    system_stm32f10x.o(.text.SystemInit) refers to system_stm32f10x.o(.text.SetSysClock) for SetSysClock
    system_stm32f10x.o(.ARM.exidx.text.SystemInit) refers to system_stm32f10x.o(.text.SystemInit) for [Anonymous Symbol]
    system_stm32f10x.o(.text.SetSysClock) refers to system_stm32f10x.o(.text.SetSysClockTo72) for SetSysClockTo72
    system_stm32f10x.o(.ARM.exidx.text.SetSysClock) refers to system_stm32f10x.o(.text.SetSysClock) for [Anonymous Symbol]
    system_stm32f10x.o(.text.SystemCoreClockUpdate) refers to system_stm32f10x.o(.data.SystemCoreClock) for SystemCoreClock
    system_stm32f10x.o(.text.SystemCoreClockUpdate) refers to system_stm32f10x.o(.rodata.AHBPrescTable) for AHBPrescTable
    system_stm32f10x.o(.ARM.exidx.text.SystemCoreClockUpdate) refers to system_stm32f10x.o(.text.SystemCoreClockUpdate) for [Anonymous Symbol]
    system_stm32f10x.o(.ARM.exidx.text.SetSysClockTo72) refers to system_stm32f10x.o(.text.SetSysClockTo72) for [Anonymous Symbol]
    snprintf.o(.text) refers (Special) to _printf_a.o(.ARM.Collect$$_printf_percent$$00000006) for _printf_a
    snprintf.o(.text) refers (Special) to _printf_c.o(.ARM.Collect$$_printf_percent$$00000013) for _printf_c
    snprintf.o(.text) refers (Special) to _printf_charcount.o(.text) for _printf_charcount
    snprintf.o(.text) refers (Special) to _printf_d.o(.ARM.Collect$$_printf_percent$$00000009) for _printf_d
    snprintf.o(.text) refers (Special) to _printf_e.o(.ARM.Collect$$_printf_percent$$00000004) for _printf_e
    snprintf.o(.text) refers (Special) to _printf_f.o(.ARM.Collect$$_printf_percent$$00000003) for _printf_f
    snprintf.o(.text) refers (Special) to printf1.o(x$fpl$printf1) for _printf_fp_dec
    snprintf.o(.text) refers (Special) to printf2.o(x$fpl$printf2) for _printf_fp_hex
    snprintf.o(.text) refers (Special) to _printf_g.o(.ARM.Collect$$_printf_percent$$00000005) for _printf_g
    snprintf.o(.text) refers (Special) to _printf_i.o(.ARM.Collect$$_printf_percent$$00000008) for _printf_i
    snprintf.o(.text) refers (Special) to _printf_dec.o(.text) for _printf_int_dec
    snprintf.o(.text) refers (Special) to _printf_l.o(.ARM.Collect$$_printf_percent$$00000012) for _printf_l
    snprintf.o(.text) refers (Special) to _printf_lc.o(.ARM.Collect$$_printf_percent$$00000015) for _printf_lc
    snprintf.o(.text) refers (Special) to _printf_ll.o(.ARM.Collect$$_printf_percent$$00000007) for _printf_ll
    snprintf.o(.text) refers (Special) to _printf_lld.o(.ARM.Collect$$_printf_percent$$0000000E) for _printf_lld
    snprintf.o(.text) refers (Special) to _printf_lli.o(.ARM.Collect$$_printf_percent$$0000000D) for _printf_lli
    snprintf.o(.text) refers (Special) to _printf_llo.o(.ARM.Collect$$_printf_percent$$00000010) for _printf_llo
    snprintf.o(.text) refers (Special) to _printf_llu.o(.ARM.Collect$$_printf_percent$$0000000F) for _printf_llu
    snprintf.o(.text) refers (Special) to _printf_llx.o(.ARM.Collect$$_printf_percent$$00000011) for _printf_llx
    snprintf.o(.text) refers (Special) to _printf_longlong_dec.o(.text) for _printf_longlong_dec
    snprintf.o(.text) refers (Special) to _printf_hex_int_ll_ptr.o(.text) for _printf_longlong_hex
    snprintf.o(.text) refers (Special) to _printf_oct_int_ll.o(.text) for _printf_longlong_oct
    snprintf.o(.text) refers (Special) to _printf_ls.o(.ARM.Collect$$_printf_percent$$00000016) for _printf_ls
    snprintf.o(.text) refers (Special) to _printf_n.o(.ARM.Collect$$_printf_percent$$00000001) for _printf_n
    snprintf.o(.text) refers (Special) to _printf_o.o(.ARM.Collect$$_printf_percent$$0000000B) for _printf_o
    snprintf.o(.text) refers (Special) to _printf_p.o(.ARM.Collect$$_printf_percent$$00000002) for _printf_p
    snprintf.o(.text) refers (Special) to _printf_percent.o(.ARM.Collect$$_printf_percent$$00000000) for _printf_percent
    snprintf.o(.text) refers (Special) to _printf_pad.o(.text) for _printf_post_padding
    snprintf.o(.text) refers (Special) to _printf_s.o(.ARM.Collect$$_printf_percent$$00000014) for _printf_s
    snprintf.o(.text) refers (Special) to _printf_str.o(.text) for _printf_str
    snprintf.o(.text) refers (Special) to _printf_truncate.o(.text) for _printf_truncate_signed
    snprintf.o(.text) refers (Special) to _printf_u.o(.ARM.Collect$$_printf_percent$$0000000A) for _printf_u
    snprintf.o(.text) refers (Special) to _printf_wctomb.o(.text) for _printf_wctomb
    snprintf.o(.text) refers (Special) to _printf_x.o(.ARM.Collect$$_printf_percent$$0000000C) for _printf_x
    snprintf.o(.text) refers to _printf_char_common.o(.text) for _printf_char_common
    snprintf.o(.text) refers to _snputc.o(.text) for _snputc
    __main.o(!!!main) refers to __rtentry.o(.ARM.Collect$$rtentry$$00000000) for __rt_entry
    __rtentry.o(.ARM.Collect$$rtentry$$00000000) refers (Special) to __rtentry2.o(.ARM.Collect$$rtentry$$0000000A) for __rt_entry_li
    __rtentry.o(.ARM.Collect$$rtentry$$00000000) refers (Special) to __rtentry2.o(.ARM.Collect$$rtentry$$0000000D) for __rt_entry_main
    __rtentry.o(.ARM.Collect$$rtentry$$00000000) refers (Special) to __rtentry2.o(.ARM.Collect$$rtentry$$0000000C) for __rt_entry_postli_1
    __rtentry.o(.ARM.Collect$$rtentry$$00000000) refers (Special) to __rtentry2.o(.ARM.Collect$$rtentry$$00000009) for __rt_entry_postsh_1
    __rtentry.o(.ARM.Collect$$rtentry$$00000000) refers (Special) to __rtentry2.o(.ARM.Collect$$rtentry$$00000002) for __rt_entry_presh_1
    __rtentry.o(.ARM.Collect$$rtentry$$00000000) refers (Special) to __rtentry4.o(.ARM.Collect$$rtentry$$00000004) for __rt_entry_sh
    __printf.o(.text) refers to _printf_percent.o(.ARM.Collect$$_printf_percent$$00000000) for _printf_percent
    _printf_str.o(.text) refers (Special) to _printf_char.o(.text) for _printf_cs_common
    _printf_str.o(.text) refers (Weak) to _printf_pad.o(.text) for _printf_pre_padding
    _printf_str.o(.text) refers (Weak) to _printf_pad.o(.text) for _printf_post_padding
    _printf_dec.o(.text) refers (Weak) to _printf_truncate.o(.text) for _printf_truncate_signed
    _printf_dec.o(.text) refers (Weak) to _printf_truncate.o(.text) for _printf_truncate_unsigned
    _printf_dec.o(.text) refers to _printf_intcommon.o(.text) for _printf_int_common
    _printf_char_common.o(.text) refers to __printf_flags_ss_wp.o(.text) for __printf
    _printf_wctomb.o(.text) refers (Special) to _printf_wchar.o(.text) for _printf_lcs_common
    _printf_wctomb.o(.text) refers to _c16rtomb.o(.text) for _wcrtomb
    _printf_wctomb.o(.text) refers (Weak) to _printf_pad.o(.text) for _printf_pre_padding
    _printf_wctomb.o(.text) refers (Weak) to _printf_pad.o(.text) for _printf_post_padding
    _printf_wctomb.o(.text) refers to _printf_wctomb.o(.constdata) for .constdata
    _printf_wctomb.o(.constdata) refers (Special) to _printf_wchar.o(.text) for _printf_lcs_common
    _printf_longlong_dec.o(.text) refers to lludiv10.o(.text) for _ll_udiv10
    _printf_longlong_dec.o(.text) refers to _printf_intcommon.o(.text) for _printf_int_common
    _printf_oct_ll.o(.text) refers to _printf_intcommon.o(.text) for _printf_int_common
    _printf_oct_int.o(.text) refers (Weak) to _printf_truncate.o(.text) for _printf_truncate_unsigned
    _printf_oct_int.o(.text) refers to _printf_intcommon.o(.text) for _printf_int_common
    _printf_oct_int_ll.o(.text) refers to _printf_intcommon.o(.text) for _printf_int_common
    _printf_oct_int_ll.o(.text) refers (Weak) to _printf_truncate.o(.text) for _printf_truncate_unsigned
    _printf_hex_ll.o(.text) refers to _printf_intcommon.o(.text) for _printf_int_common
    _printf_hex_ll.o(.text) refers to _printf_hex_ll.o(.constdata) for .constdata
    _printf_hex_int.o(.text) refers (Weak) to _printf_truncate.o(.text) for _printf_truncate_unsigned
    _printf_hex_int.o(.text) refers to _printf_intcommon.o(.text) for _printf_int_common
    _printf_hex_int.o(.text) refers to _printf_hex_int.o(.constdata) for .constdata
    _printf_hex_int_ll.o(.text) refers to _printf_intcommon.o(.text) for _printf_int_common
    _printf_hex_int_ll.o(.text) refers (Weak) to _printf_truncate.o(.text) for _printf_truncate_unsigned
    _printf_hex_int_ll.o(.text) refers to _printf_hex_int_ll.o(.constdata) for .constdata
    _printf_hex_ptr.o(.text) refers to _printf_intcommon.o(.text) for _printf_int_common
    _printf_hex_ptr.o(.text) refers to _printf_hex_ptr.o(.constdata) for .constdata
    _printf_hex_int_ptr.o(.text) refers to _printf_intcommon.o(.text) for _printf_int_common
    _printf_hex_int_ptr.o(.text) refers (Weak) to _printf_truncate.o(.text) for _printf_truncate_unsigned
    _printf_hex_int_ptr.o(.text) refers to _printf_hex_int_ptr.o(.constdata) for .constdata
    _printf_hex_ll_ptr.o(.text) refers to _printf_intcommon.o(.text) for _printf_int_common
    _printf_hex_ll_ptr.o(.text) refers to _printf_hex_ll_ptr.o(.constdata) for .constdata
    _printf_hex_int_ll_ptr.o(.text) refers to _printf_intcommon.o(.text) for _printf_int_common
    _printf_hex_int_ll_ptr.o(.text) refers (Weak) to _printf_truncate.o(.text) for _printf_truncate_unsigned
    _printf_hex_int_ll_ptr.o(.text) refers to _printf_hex_int_ll_ptr.o(.constdata) for .constdata
    __printf_flags.o(.text) refers to _printf_percent.o(.ARM.Collect$$_printf_percent$$00000000) for _printf_percent
    __printf_flags.o(.text) refers to __printf_flags.o(.constdata) for .constdata
    __printf_ss.o(.text) refers to _printf_percent.o(.ARM.Collect$$_printf_percent$$00000000) for _printf_percent
    __printf_flags_ss.o(.text) refers to _printf_percent.o(.ARM.Collect$$_printf_percent$$00000000) for _printf_percent
    __printf_flags_ss.o(.text) refers to __printf_flags_ss.o(.constdata) for .constdata
    __printf_wp.o(.text) refers to __printf_wp.o(i._is_digit) for _is_digit
    __printf_wp.o(.text) refers to _printf_percent.o(.ARM.Collect$$_printf_percent$$00000000) for _printf_percent
    __printf_flags_wp.o(.text) refers to __printf_wp.o(i._is_digit) for _is_digit
    __printf_flags_wp.o(.text) refers to _printf_percent.o(.ARM.Collect$$_printf_percent$$00000000) for _printf_percent
    __printf_flags_wp.o(.text) refers to __printf_flags_wp.o(.constdata) for .constdata
    __printf_ss_wp.o(.text) refers to __printf_wp.o(i._is_digit) for _is_digit
    __printf_ss_wp.o(.text) refers to _printf_percent.o(.ARM.Collect$$_printf_percent$$00000000) for _printf_percent
    __printf_flags_ss_wp.o(.text) refers to __printf_wp.o(i._is_digit) for _is_digit
    __printf_flags_ss_wp.o(.text) refers to _printf_percent.o(.ARM.Collect$$_printf_percent$$00000000) for _printf_percent
    __printf_flags_ss_wp.o(.text) refers to __printf_flags_ss_wp.o(.constdata) for .constdata
    _printf_c.o(.ARM.Collect$$_printf_percent$$00000013) refers (Weak) to _printf_char.o(.text) for _printf_char
    _printf_s.o(.ARM.Collect$$_printf_percent$$00000014) refers (Weak) to _printf_char.o(.text) for _printf_string
    _printf_n.o(.ARM.Collect$$_printf_percent$$00000001) refers (Weak) to _printf_charcount.o(.text) for _printf_charcount
    _printf_x.o(.ARM.Collect$$_printf_percent$$0000000C) refers (Weak) to _printf_hex_int_ll_ptr.o(.text) for _printf_int_hex
    _printf_p.o(.ARM.Collect$$_printf_percent$$00000002) refers (Weak) to _printf_hex_int_ll_ptr.o(.text) for _printf_hex_ptr
    _printf_o.o(.ARM.Collect$$_printf_percent$$0000000B) refers (Weak) to _printf_oct_int_ll.o(.text) for _printf_int_oct
    _printf_i.o(.ARM.Collect$$_printf_percent$$00000008) refers (Weak) to _printf_dec.o(.text) for _printf_int_dec
    _printf_d.o(.ARM.Collect$$_printf_percent$$00000009) refers (Weak) to _printf_dec.o(.text) for _printf_int_dec
    _printf_u.o(.ARM.Collect$$_printf_percent$$0000000A) refers (Weak) to _printf_dec.o(.text) for _printf_int_dec
    _printf_f.o(.ARM.Collect$$_printf_percent$$00000003) refers (Weak) to printf1.o(x$fpl$printf1) for _printf_fp_dec
    _printf_e.o(.ARM.Collect$$_printf_percent$$00000004) refers (Weak) to printf1.o(x$fpl$printf1) for _printf_fp_dec
    _printf_g.o(.ARM.Collect$$_printf_percent$$00000005) refers (Weak) to printf1.o(x$fpl$printf1) for _printf_fp_dec
    _printf_a.o(.ARM.Collect$$_printf_percent$$00000006) refers (Weak) to printf2.o(x$fpl$printf2) for _printf_fp_hex
    _printf_percent.o(.ARM.Collect$$_printf_percent$$00000000) refers (Special) to _printf_percent_end.o(.ARM.Collect$$_printf_percent$$00000017) for _printf_percent_end
    _printf_lli.o(.ARM.Collect$$_printf_percent$$0000000D) refers (Special) to _printf_ll.o(.ARM.Collect$$_printf_percent$$00000007) for _printf_ll
    _printf_lli.o(.ARM.Collect$$_printf_percent$$0000000D) refers (Weak) to _printf_longlong_dec.o(.text) for _printf_longlong_dec
    _printf_lld.o(.ARM.Collect$$_printf_percent$$0000000E) refers (Special) to _printf_ll.o(.ARM.Collect$$_printf_percent$$00000007) for _printf_ll
    _printf_lld.o(.ARM.Collect$$_printf_percent$$0000000E) refers (Weak) to _printf_longlong_dec.o(.text) for _printf_longlong_dec
    _printf_llu.o(.ARM.Collect$$_printf_percent$$0000000F) refers (Special) to _printf_ll.o(.ARM.Collect$$_printf_percent$$00000007) for _printf_ll
    _printf_llu.o(.ARM.Collect$$_printf_percent$$0000000F) refers (Weak) to _printf_longlong_dec.o(.text) for _printf_longlong_dec
    _printf_lc.o(.ARM.Collect$$_printf_percent$$00000015) refers (Special) to _printf_l.o(.ARM.Collect$$_printf_percent$$00000012) for _printf_l
    _printf_lc.o(.ARM.Collect$$_printf_percent$$00000015) refers (Weak) to _printf_wchar.o(.text) for _printf_wchar
    _printf_ls.o(.ARM.Collect$$_printf_percent$$00000016) refers (Special) to _printf_l.o(.ARM.Collect$$_printf_percent$$00000012) for _printf_l
    _printf_ls.o(.ARM.Collect$$_printf_percent$$00000016) refers (Weak) to _printf_wchar.o(.text) for _printf_wstring
    _printf_llo.o(.ARM.Collect$$_printf_percent$$00000010) refers (Special) to _printf_ll.o(.ARM.Collect$$_printf_percent$$00000007) for _printf_ll
    _printf_llo.o(.ARM.Collect$$_printf_percent$$00000010) refers (Weak) to _printf_oct_int_ll.o(.text) for _printf_ll_oct
    _printf_llx.o(.ARM.Collect$$_printf_percent$$00000011) refers (Special) to _printf_ll.o(.ARM.Collect$$_printf_percent$$00000007) for _printf_ll
    _printf_llx.o(.ARM.Collect$$_printf_percent$$00000011) refers (Weak) to _printf_hex_int_ll_ptr.o(.text) for _printf_ll_hex
    printf1.o(x$fpl$printf1) refers to _printf_fp_dec.o(.text) for _printf_fp_dec_real
    printf2.o(x$fpl$printf2) refers to _printf_fp_hex.o(.text) for _printf_fp_hex_real
    printf2b.o(x$fpl$printf2) refers to _printf_fp_hex.o(.text) for _printf_fp_hex_real
    __rtentry2.o(.ARM.Collect$$rtentry$$00000008) refers to boardinit2.o(.text) for _platform_post_stackheap_init
    __rtentry2.o(.ARM.Collect$$rtentry$$0000000A) refers to libinit.o(.ARM.Collect$$libinit$$00000000) for __rt_lib_init
    __rtentry2.o(.ARM.Collect$$rtentry$$0000000B) refers to boardinit3.o(.text) for _platform_post_lib_init
    __rtentry2.o(.ARM.Collect$$rtentry$$0000000D) refers to principal.o(.text.main) for main
    __rtentry2.o(.ARM.Collect$$rtentry$$0000000D) refers to exit.o(.text) for exit
    __rtentry2.o(.ARM.exidx) refers to __rtentry2.o(.ARM.Collect$$rtentry$$00000001) for .ARM.Collect$$rtentry$$00000001
    __rtentry2.o(.ARM.exidx) refers to __rtentry2.o(.ARM.Collect$$rtentry$$00000008) for .ARM.Collect$$rtentry$$00000008
    __rtentry2.o(.ARM.exidx) refers to __rtentry2.o(.ARM.Collect$$rtentry$$0000000A) for .ARM.Collect$$rtentry$$0000000A
    __rtentry2.o(.ARM.exidx) refers to __rtentry2.o(.ARM.Collect$$rtentry$$0000000B) for .ARM.Collect$$rtentry$$0000000B
    __rtentry2.o(.ARM.exidx) refers to __rtentry2.o(.ARM.Collect$$rtentry$$0000000D) for .ARM.Collect$$rtentry$$0000000D
    __rtentry4.o(.ARM.Collect$$rtentry$$00000004) refers to sys_stackheap_outer.o(.text) for __user_setup_stackheap
    __rtentry4.o(.ARM.exidx) refers to __rtentry4.o(.ARM.Collect$$rtentry$$00000004) for .ARM.Collect$$rtentry$$00000004
    _printf_intcommon.o(.text) refers (Weak) to _printf_pad.o(.text) for _printf_pre_padding
    _printf_intcommon.o(.text) refers (Weak) to _printf_pad.o(.text) for _printf_pre_padding
    _printf_intcommon.o(.text) refers (Weak) to _printf_pad.o(.text) for _printf_post_padding
    _printf_fp_dec.o(.text) refers (Special) to usenofp.o(x$fpl$usenofp) for __I$use$fp
    _printf_fp_dec.o(.text) refers (Special) to lc_numeric_c.o(locale$$code) for _get_lc_numeric
    _printf_fp_dec.o(.text) refers to bigflt0.o(.text) for _btod_etento
    _printf_fp_dec.o(.text) refers to btod.o(CL$$btod_d2e) for _btod_d2e
    _printf_fp_dec.o(.text) refers to btod.o(CL$$btod_ediv) for _btod_ediv
    _printf_fp_dec.o(.text) refers to btod.o(CL$$btod_emul) for _btod_emul
    _printf_fp_dec.o(.text) refers to lludiv10.o(.text) for _ll_udiv10
    _printf_fp_dec.o(.text) refers to fpclassify.o(i.__ARM_fpclassify) for __ARM_fpclassify
    _printf_fp_dec.o(.text) refers to _printf_fp_infnan.o(.text) for _printf_fp_infnan
    _printf_fp_dec.o(.text) refers (Weak) to _printf_pad.o(.text) for _printf_pre_padding
    _printf_fp_dec.o(.text) refers (Weak) to _printf_pad.o(.text) for _printf_pre_padding
    _printf_fp_dec.o(.text) refers to rt_locale_intlibspace.o(.text) for __rt_locale
    _printf_fp_dec.o(.text) refers (Weak) to _printf_pad.o(.text) for _printf_post_padding
    _printf_fp_dec_accurate.o(.text) refers (Special) to usenofp.o(x$fpl$usenofp) for __I$use$fp
    _printf_fp_dec_accurate.o(.text) refers (Special) to lc_numeric_c.o(locale$$code) for _get_lc_numeric
    _printf_fp_dec_accurate.o(.text) refers to btod_accurate.o(.text) for _btod_main
    _printf_fp_dec_accurate.o(.text) refers to fpclassify.o(i.__ARM_fpclassify) for __ARM_fpclassify
    _printf_fp_dec_accurate.o(.text) refers to _printf_fp_infnan.o(.text) for _printf_fp_infnan
    _printf_fp_dec_accurate.o(.text) refers (Weak) to _printf_pad.o(.text) for _printf_pre_padding
    _printf_fp_dec_accurate.o(.text) refers (Weak) to _printf_pad.o(.text) for _printf_pre_padding
    _printf_fp_dec_accurate.o(.text) refers to rt_locale_intlibspace.o(.text) for __rt_locale
    _printf_fp_dec_accurate.o(.text) refers (Weak) to _printf_pad.o(.text) for _printf_post_padding
    _printf_fp_hex.o(.text) refers (Special) to usenofp.o(x$fpl$usenofp) for __I$use$fp
    _printf_fp_hex.o(.text) refers to fpclassify.o(i.__ARM_fpclassify) for __ARM_fpclassify
    _printf_fp_hex.o(.text) refers to _printf_fp_infnan.o(.text) for _printf_fp_infnan
    _printf_fp_hex.o(.text) refers (Weak) to _printf_pad.o(.text) for _printf_pre_padding
    _printf_fp_hex.o(.text) refers (Weak) to _printf_pad.o(.text) for _printf_pre_padding
    _printf_fp_hex.o(.text) refers (Weak) to _printf_pad.o(.text) for _printf_post_padding
    _printf_fp_hex.o(.text) refers to _printf_fp_hex.o(.constdata) for .constdata
    _printf_fp_hex.o(.constdata) refers (Special) to usenofp.o(x$fpl$usenofp) for __I$use$fp
    _printf_char.o(.text) refers (Weak) to _printf_str.o(.text) for _printf_str
    _printf_wchar.o(.text) refers (Weak) to _printf_wctomb.o(.text) for _printf_wctomb
    _c16rtomb.o(.text) refers to rt_ctype_table.o(.text) for __rt_ctype_table
    sys_stackheap_outer.o(.text) refers to libspace.o(.text) for __user_perproc_libspace
    sys_stackheap_outer.o(.text) refers to startup_stm32f10x_md.o(.text) for __user_initial_stackheap
    rt_ctype_table.o(.text) refers to rt_locale_intlibspace.o(.text) for __rt_locale
    rt_ctype_table.o(.text) refers to lc_ctype_c.o(locale$$code) for _get_lc_ctype
    rt_locale.o(.text) refers to rt_locale.o(.bss) for __rt_locale_data
    rt_locale_intlibspace.o(.text) refers to libspace.o(.bss) for __libspace_start
    _printf_fp_infnan.o(.text) refers (Weak) to _printf_pad.o(.text) for _printf_pre_padding
    _printf_fp_infnan.o(.text) refers (Weak) to _printf_pad.o(.text) for _printf_post_padding
    bigflt0.o(.text) refers (Special) to usenofp.o(x$fpl$usenofp) for __I$use$fp
    bigflt0.o(.text) refers to btod.o(CL$$btod_emul) for _btod_emul
    bigflt0.o(.text) refers to btod.o(CL$$btod_ediv) for _btod_ediv
    bigflt0.o(.text) refers to bigflt0.o(.constdata) for .constdata
    bigflt0.o(.constdata) refers (Special) to usenofp.o(x$fpl$usenofp) for __I$use$fp
    btod.o(CL$$btod_d2e) refers (Special) to usenofp.o(x$fpl$usenofp) for __I$use$fp
    btod.o(CL$$btod_d2e) refers to btod.o(CL$$btod_d2e_norm_op1) for _d2e_norm_op1
    btod.o(CL$$btod_d2e_norm_op1) refers (Special) to usenofp.o(x$fpl$usenofp) for __I$use$fp
    btod.o(CL$$btod_d2e_norm_op1) refers to btod.o(CL$$btod_d2e_denorm_low) for _d2e_denorm_low
    btod.o(CL$$btod_d2e_denorm_low) refers (Special) to usenofp.o(x$fpl$usenofp) for __I$use$fp
    btod.o(CL$$btod_emul) refers (Special) to usenofp.o(x$fpl$usenofp) for __I$use$fp
    btod.o(CL$$btod_emul) refers to btod.o(CL$$btod_mult_common) for __btod_mult_common
    btod.o(CL$$btod_emul) refers to btod.o(CL$$btod_e2e) for _e2e
    btod.o(CL$$btod_ediv) refers (Special) to usenofp.o(x$fpl$usenofp) for __I$use$fp
    btod.o(CL$$btod_ediv) refers to btod.o(CL$$btod_div_common) for __btod_div_common
    btod.o(CL$$btod_ediv) refers to btod.o(CL$$btod_e2e) for _e2e
    btod.o(CL$$btod_emuld) refers (Special) to usenofp.o(x$fpl$usenofp) for __I$use$fp
    btod.o(CL$$btod_emuld) refers to btod.o(CL$$btod_mult_common) for __btod_mult_common
    btod.o(CL$$btod_emuld) refers to btod.o(CL$$btod_e2d) for _e2d
    btod.o(CL$$btod_edivd) refers (Special) to usenofp.o(x$fpl$usenofp) for __I$use$fp
    btod.o(CL$$btod_edivd) refers to btod.o(CL$$btod_div_common) for __btod_div_common
    btod.o(CL$$btod_edivd) refers to btod.o(CL$$btod_e2d) for _e2d
    btod.o(CL$$btod_e2e) refers (Special) to usenofp.o(x$fpl$usenofp) for __I$use$fp
    btod.o(CL$$btod_e2d) refers (Special) to usenofp.o(x$fpl$usenofp) for __I$use$fp
    btod.o(CL$$btod_e2d) refers to btod.o(CL$$btod_e2e) for _e2e
    btod.o(CL$$btod_mult_common) refers (Special) to usenofp.o(x$fpl$usenofp) for __I$use$fp
    btod.o(CL$$btod_div_common) refers (Special) to usenofp.o(x$fpl$usenofp) for __I$use$fp
    btod_accurate.o(.text) refers to btod_accurate_common.o(.text) for _btod_common
    lc_numeric_c.o(locale$$data) refers (Special) to libinit2.o(.ARM.Collect$$libinit$$00000018) for __rt_lib_init_lc_numeric_2
    lc_numeric_c.o(locale$$code) refers (Special) to libinit2.o(.ARM.Collect$$libinit$$00000018) for __rt_lib_init_lc_numeric_2
    lc_numeric_c.o(locale$$code) refers to strcmpv7m.o(.text) for strcmp
    lc_numeric_c.o(locale$$code) refers to lc_numeric_c.o(locale$$data) for __lcnum_c_name
    exit.o(.text) refers to rtexit.o(.ARM.Collect$$rtexit$$00000000) for __rt_exit
    libinit.o(.ARM.Collect$$libinit$$00000000) refers (Special) to libinit2.o(.ARM.Collect$$libinit$$00000030) for __rt_lib_init_alloca_1
    libinit.o(.ARM.Collect$$libinit$$00000000) refers (Special) to libinit2.o(.ARM.Collect$$libinit$$0000002E) for __rt_lib_init_argv_1
    libinit.o(.ARM.Collect$$libinit$$00000000) refers (Special) to libinit2.o(.ARM.Collect$$libinit$$0000001D) for __rt_lib_init_atexit_1
    libinit.o(.ARM.Collect$$libinit$$00000000) refers (Special) to libinit2.o(.ARM.Collect$$libinit$$00000023) for __rt_lib_init_clock_1
    libinit.o(.ARM.Collect$$libinit$$00000000) refers (Special) to libinit2.o(.ARM.Collect$$libinit$$00000034) for __rt_lib_init_cpp_1
    libinit.o(.ARM.Collect$$libinit$$00000000) refers (Special) to libinit2.o(.ARM.Collect$$libinit$$00000032) for __rt_lib_init_exceptions_1
    libinit.o(.ARM.Collect$$libinit$$00000000) refers (Special) to libinit2.o(.ARM.Collect$$libinit$$00000002) for __rt_lib_init_fp_1
    libinit.o(.ARM.Collect$$libinit$$00000000) refers (Special) to libinit2.o(.ARM.Collect$$libinit$$00000021) for __rt_lib_init_fp_trap_1
    libinit.o(.ARM.Collect$$libinit$$00000000) refers (Special) to libinit2.o(.ARM.Collect$$libinit$$00000025) for __rt_lib_init_getenv_1
    libinit.o(.ARM.Collect$$libinit$$00000000) refers (Special) to libinit2.o(.ARM.Collect$$libinit$$0000000C) for __rt_lib_init_heap_1
    libinit.o(.ARM.Collect$$libinit$$00000000) refers (Special) to libinit2.o(.ARM.Collect$$libinit$$00000013) for __rt_lib_init_lc_collate_1
    libinit.o(.ARM.Collect$$libinit$$00000000) refers (Special) to libinit2.o(.ARM.Collect$$libinit$$00000015) for __rt_lib_init_lc_ctype_1
    libinit.o(.ARM.Collect$$libinit$$00000000) refers (Special) to libinit2.o(.ARM.Collect$$libinit$$00000017) for __rt_lib_init_lc_monetary_1
    libinit.o(.ARM.Collect$$libinit$$00000000) refers (Special) to libinit2.o(.ARM.Collect$$libinit$$00000019) for __rt_lib_init_lc_numeric_1
    libinit.o(.ARM.Collect$$libinit$$00000000) refers (Special) to libinit2.o(.ARM.Collect$$libinit$$0000001B) for __rt_lib_init_lc_time_1
    libinit.o(.ARM.Collect$$libinit$$00000000) refers (Special) to libinit2.o(.ARM.Collect$$libinit$$00000006) for __rt_lib_init_preinit_1
    libinit.o(.ARM.Collect$$libinit$$00000000) refers (Special) to libinit2.o(.ARM.Collect$$libinit$$00000010) for __rt_lib_init_rand_1
    libinit.o(.ARM.Collect$$libinit$$00000000) refers (Special) to libinit2.o(.ARM.Collect$$libinit$$00000004) for __rt_lib_init_relocate_pie_1
    libinit.o(.ARM.Collect$$libinit$$00000000) refers (Special) to libinit2.o(.ARM.Collect$$libinit$$00000035) for __rt_lib_init_return
    libinit.o(.ARM.Collect$$libinit$$00000000) refers (Special) to libinit2.o(.ARM.Collect$$libinit$$0000001F) for __rt_lib_init_signal_1
    libinit.o(.ARM.Collect$$libinit$$00000000) refers (Special) to libinit2.o(.ARM.Collect$$libinit$$00000027) for __rt_lib_init_stdio_1
    libinit.o(.ARM.Collect$$libinit$$00000000) refers (Special) to libinit2.o(.ARM.Collect$$libinit$$0000000E) for __rt_lib_init_user_alloc_1
    istatus.o(x$fpl$ieeestatus) refers (Special) to usenofp.o(x$fpl$usenofp) for __I$use$fp
    fpclassify.o(i.__ARM_fpclassify) refers (Special) to usenofp.o(x$fpl$usenofp) for __I$use$fp
    libspace.o(.text) refers to libspace.o(.bss) for __libspace_start
    rtexit.o(.ARM.Collect$$rtexit$$00000000) refers (Special) to rtexit2.o(.ARM.Collect$$rtexit$$00000004) for __rt_exit_exit
    rtexit.o(.ARM.Collect$$rtexit$$00000000) refers (Special) to rtexit2.o(.ARM.Collect$$rtexit$$00000003) for __rt_exit_ls
    rtexit.o(.ARM.Collect$$rtexit$$00000000) refers (Special) to rtexit2.o(.ARM.Collect$$rtexit$$00000002) for __rt_exit_prels_1
    rtexit.o(.ARM.exidx) refers (Special) to rtexit2.o(.ARM.Collect$$rtexit$$00000004) for __rt_exit_exit
    rtexit.o(.ARM.exidx) refers (Special) to rtexit2.o(.ARM.Collect$$rtexit$$00000003) for __rt_exit_ls
    rtexit.o(.ARM.exidx) refers (Special) to rtexit2.o(.ARM.Collect$$rtexit$$00000002) for __rt_exit_prels_1
    rtexit.o(.ARM.exidx) refers to rtexit.o(.ARM.Collect$$rtexit$$00000000) for .ARM.Collect$$rtexit$$00000000
    btod_accurate_common.o(.text) refers to llushr.o(.text) for __aeabi_llsr
    lc_ctype_c.o(locale$$data) refers (Special) to libinit2.o(.ARM.Collect$$libinit$$00000014) for __rt_lib_init_lc_ctype_2
    lc_ctype_c.o(locale$$code) refers (Special) to libinit2.o(.ARM.Collect$$libinit$$00000014) for __rt_lib_init_lc_ctype_2
    lc_ctype_c.o(locale$$code) refers to strcmpv7m.o(.text) for strcmp
    lc_ctype_c.o(locale$$code) refers to lc_ctype_c.o(locale$$data) for __lcctype_c_name
    libinit2.o(.ARM.Collect$$libinit$$00000011) refers (Weak) to rt_locale_intlibspace.o(.text) for __rt_locale
    libinit2.o(.ARM.Collect$$libinit$$00000012) refers to libinit2.o(.ARM.Collect$$libinit$$00000011) for .ARM.Collect$$libinit$$00000011
    libinit2.o(.ARM.Collect$$libinit$$00000014) refers to libinit2.o(.ARM.Collect$$libinit$$00000011) for .ARM.Collect$$libinit$$00000011
    libinit2.o(.ARM.Collect$$libinit$$00000014) refers (Weak) to lc_ctype_c.o(locale$$code) for _get_lc_ctype
    libinit2.o(.ARM.Collect$$libinit$$00000016) refers to libinit2.o(.ARM.Collect$$libinit$$00000011) for .ARM.Collect$$libinit$$00000011
    libinit2.o(.ARM.Collect$$libinit$$00000018) refers to libinit2.o(.ARM.Collect$$libinit$$00000011) for .ARM.Collect$$libinit$$00000011
    libinit2.o(.ARM.Collect$$libinit$$00000018) refers (Weak) to lc_numeric_c.o(locale$$code) for _get_lc_numeric
    libinit2.o(.ARM.Collect$$libinit$$0000001A) refers to libinit2.o(.ARM.Collect$$libinit$$00000011) for .ARM.Collect$$libinit$$00000011
    libinit2.o(.ARM.Collect$$libinit$$00000028) refers to argv_veneer.o(.emb_text) for __ARM_argv_veneer
    libinit2.o(.ARM.Collect$$libinit$$00000029) refers to argv_veneer.o(.emb_text) for __ARM_argv_veneer
    rtexit2.o(.ARM.Collect$$rtexit$$00000003) refers to libshutdown.o(.ARM.Collect$$libshutdown$$00000000) for __rt_lib_shutdown
    rtexit2.o(.ARM.Collect$$rtexit$$00000004) refers to sys_exit.o(.text) for _sys_exit
    rtexit2.o(.ARM.exidx) refers to rtexit2.o(.ARM.Collect$$rtexit$$00000001) for .ARM.Collect$$rtexit$$00000001
    rtexit2.o(.ARM.exidx) refers to rtexit2.o(.ARM.Collect$$rtexit$$00000003) for .ARM.Collect$$rtexit$$00000003
    rtexit2.o(.ARM.exidx) refers to rtexit2.o(.ARM.Collect$$rtexit$$00000004) for .ARM.Collect$$rtexit$$00000004
    argv_veneer.o(.emb_text) refers to no_argv.o(.text) for __ARM_get_argv
    sys_exit.o(.text) refers (Special) to use_no_semi.o(.text) for __I$use$semihosting
    sys_exit.o(.text) refers (Special) to indicate_semi.o(.text) for __semihosting_library_function
    sys_exit_hlt.o(.text) refers (Special) to use_no_semi.o(.text) for __I$use$semihosting
    sys_exit_hlt.o(.text) refers (Special) to indicate_semi.o(.text) for __semihosting_library_function
    _get_argv_nomalloc.o(.text) refers (Special) to hrguard.o(.text) for __heap_region$guard
    _get_argv_nomalloc.o(.text) refers to defsig_rtmem_outer.o(.text) for __rt_SIGRTMEM
    _get_argv_nomalloc.o(.text) refers to sys_command.o(.text) for _sys_command_string
    libshutdown.o(.ARM.Collect$$libshutdown$$00000000) refers (Special) to libshutdown2.o(.ARM.Collect$$libshutdown$$00000002) for __rt_lib_shutdown_cpp_1
    libshutdown.o(.ARM.Collect$$libshutdown$$00000000) refers (Special) to libshutdown2.o(.ARM.Collect$$libshutdown$$00000007) for __rt_lib_shutdown_fp_trap_1
    libshutdown.o(.ARM.Collect$$libshutdown$$00000000) refers (Special) to libshutdown2.o(.ARM.Collect$$libshutdown$$0000000F) for __rt_lib_shutdown_heap_1
    libshutdown.o(.ARM.Collect$$libshutdown$$00000000) refers (Special) to libshutdown2.o(.ARM.Collect$$libshutdown$$00000010) for __rt_lib_shutdown_return
    libshutdown.o(.ARM.Collect$$libshutdown$$00000000) refers (Special) to libshutdown2.o(.ARM.Collect$$libshutdown$$0000000A) for __rt_lib_shutdown_signal_1
    libshutdown.o(.ARM.Collect$$libshutdown$$00000000) refers (Special) to libshutdown2.o(.ARM.Collect$$libshutdown$$00000004) for __rt_lib_shutdown_stdio_1
    libshutdown.o(.ARM.Collect$$libshutdown$$00000000) refers (Special) to libshutdown2.o(.ARM.Collect$$libshutdown$$0000000C) for __rt_lib_shutdown_user_alloc_1
    sys_command.o(.text) refers (Special) to use_no_semi.o(.text) for __I$use$semihosting
    sys_command.o(.text) refers (Special) to indicate_semi.o(.text) for __semihosting_library_function
    sys_command_hlt.o(.text) refers (Special) to use_no_semi.o(.text) for __I$use$semihosting
    sys_command_hlt.o(.text) refers (Special) to indicate_semi.o(.text) for __semihosting_library_function
    defsig_rtmem_outer.o(.text) refers to defsig_rtmem_inner.o(.text) for __rt_SIGRTMEM_inner
    defsig_rtmem_outer.o(.text) refers to defsig_exit.o(.text) for __sig_exit
    defsig_rtmem_formal.o(.text) refers to rt_raise.o(.text) for __rt_raise
    rt_raise.o(.text) refers to __raise.o(.text) for __raise
    rt_raise.o(.text) refers to sys_exit.o(.text) for _sys_exit
    defsig_exit.o(.text) refers to sys_exit.o(.text) for _sys_exit
    defsig_rtmem_inner.o(.text) refers to defsig_general.o(.text) for __default_signal_display
    __raise.o(.text) refers to defsig.o(CL$$defsig) for __default_signal_handler
    defsig_general.o(.text) refers to sys_wrch.o(.text) for _ttywrch
    sys_wrch.o(.text) refers (Special) to use_no_semi.o(.text) for __I$use$semihosting
    sys_wrch.o(.text) refers (Special) to indicate_semi.o(.text) for __semihosting_library_function
    sys_wrch_hlt.o(.text) refers (Special) to use_no_semi.o(.text) for __I$use$semihosting
    sys_wrch_hlt.o(.text) refers (Special) to indicate_semi.o(.text) for __semihosting_library_function
    defsig.o(CL$$defsig) refers to defsig_rtmem_inner.o(.text) for __rt_SIGRTMEM_inner
    defsig_abrt_inner.o(.text) refers to defsig_general.o(.text) for __default_signal_display
    defsig_fpe_inner.o(.text) refers to defsig_general.o(.text) for __default_signal_display
    defsig_rtred_inner.o(.text) refers to defsig_general.o(.text) for __default_signal_display
    defsig_stak_inner.o(.text) refers to defsig_general.o(.text) for __default_signal_display
    defsig_pvfn_inner.o(.text) refers to defsig_general.o(.text) for __default_signal_display
    defsig_cppl_inner.o(.text) refers to defsig_general.o(.text) for __default_signal_display
    defsig_segv_inner.o(.text) refers to defsig_general.o(.text) for __default_signal_display
    defsig_other.o(.text) refers to defsig_general.o(.text) for __default_signal_display


==============================================================================

Removing Unused input sections from the image.

    Removing principal.o(.text), (0 bytes).
    Removing principal.o(.text.delay), (22 bytes).
    Removing principal.o(.ARM.exidx.text.delay), (8 bytes).
    Removing principal.o(.ARM.exidx.text.main), (8 bytes).
    Removing principal.o(.ARM.use_no_argv), (4 bytes).
    Removing usarttest.o(.text), (0 bytes).
    Removing gpio.o(.text), (0 bytes).
    Removing gpio.o(.text.GPIO), (102 bytes).
    Removing gpio.o(.ARM.exidx.text.GPIO), (8 bytes).
    Removing timer.o(.text), (0 bytes).
    Removing adc.o(.text), (0 bytes).
    Removing adc.o(.text.ADC), (168 bytes).
    Removing adc.o(.ARM.exidx.text.ADC), (8 bytes).
    Removing mygpio.o(.text), (0 bytes).
    Removing mygpio.o(.ARM.exidx.text.MyGPIO_Init), (8 bytes).
    Removing mygpio.o(.text.MyGPIO_Read), (42 bytes).
    Removing mygpio.o(.ARM.exidx.text.MyGPIO_Read), (8 bytes).
    Removing mygpio.o(.ARM.exidx.text.MyGPIO_Set), (8 bytes).
    Removing mygpio.o(.ARM.exidx.text.MyGPIO_Reset), (8 bytes).
    Removing mygpio.o(.text.MyGPIO_Toggle), (30 bytes).
    Removing mygpio.o(.ARM.exidx.text.MyGPIO_Toggle), (8 bytes).
    Removing mytimer.o(.text), (0 bytes).
    Removing mytimer.o(.ARM.exidx.text.MyTimer_Base_Init), (8 bytes).
    Removing mytimer.o(.ARM.exidx.text.TIM1_UP_IRQHandler), (8 bytes).
    Removing mytimer.o(.ARM.exidx.text.TIM2_IRQHandler), (8 bytes).
    Removing mytimer.o(.ARM.exidx.text.TIM3_IRQHandler), (8 bytes).
    Removing mytimer.o(.ARM.exidx.text.TIM4_IRQHandler), (8 bytes).
    Removing mytimer.o(.text.MyTimer_ActivateIT), (214 bytes).
    Removing mytimer.o(.ARM.exidx.text.MyTimer_ActivateIT), (8 bytes).
    Removing mytimer.o(.text.__NVIC_EnableIRQ), (48 bytes).
    Removing mytimer.o(.ARM.exidx.text.__NVIC_EnableIRQ), (8 bytes).
    Removing mytimer.o(.text.__NVIC_SetPriority), (66 bytes).
    Removing mytimer.o(.ARM.exidx.text.__NVIC_SetPriority), (8 bytes).
    Removing mytimer.o(.text.MyTimer_ActivateIT1), (228 bytes).
    Removing mytimer.o(.ARM.exidx.text.MyTimer_ActivateIT1), (8 bytes).
    Removing mytimer.o(.ARM.exidx.text.MyTimer_PWM), (8 bytes).
    Removing mytimer.o(.ARM.exidx.text.MyTimer_SetDutyCycle), (8 bytes).
    Removing myadc.o(.text), (0 bytes).
    Removing myadc.o(.text.configadc), (118 bytes).
    Removing myadc.o(.ARM.exidx.text.configadc), (8 bytes).
    Removing myadc.o(.text.convert_single), (70 bytes).
    Removing myadc.o(.ARM.exidx.text.convert_single), (8 bytes).
    Removing myadc.o(.text.convert_cont), (78 bytes).
    Removing myadc.o(.ARM.exidx.text.convert_cont), (8 bytes).
    Removing myencoder.o(.text), (0 bytes).
    Removing myencoder.o(.text.Encoder_GPIO_Init), (62 bytes).
    Removing myencoder.o(.ARM.exidx.text.Encoder_GPIO_Init), (8 bytes).
    Removing myencoder.o(.text.Encoder_Timer_Init), (112 bytes).
    Removing myencoder.o(.ARM.exidx.text.Encoder_Timer_Init), (8 bytes).
    Removing myencoder.o(.text.MyTimer_Encoder_Read), (14 bytes).
    Removing myencoder.o(.ARM.exidx.text.MyTimer_Encoder_Read), (8 bytes).
    Removing myencoder.o(.text.MyTimer_Encoder_Reset), (12 bytes).
    Removing myencoder.o(.ARM.exidx.text.MyTimer_Encoder_Reset), (8 bytes).
    Removing myusart.o(.text), (0 bytes).
    Removing myusart.o(.text.UART1_Init), (156 bytes).
    Removing myusart.o(.ARM.exidx.text.UART1_Init), (8 bytes).
    Removing myusart.o(.text.__NVIC_EnableIRQ), (48 bytes).
    Removing myusart.o(.ARM.exidx.text.__NVIC_EnableIRQ), (8 bytes).
    Removing myusart.o(.text.UART1_Receive), (36 bytes).
    Removing myusart.o(.ARM.exidx.text.UART1_Receive), (8 bytes).
    Removing myusart.o(.text.UART1_SendChar), (46 bytes).
    Removing myusart.o(.ARM.exidx.text.UART1_SendChar), (8 bytes).
    Removing myusart.o(.text.UART1_SendString), (34 bytes).
    Removing myusart.o(.ARM.exidx.text.UART1_SendString), (8 bytes).
    Removing myusart.o(.text.UART1_SendData), (64 bytes).
    Removing myusart.o(.ARM.exidx.text.UART1_SendData), (8 bytes).
    Removing myusart.o(.rodata.str1.1), (10 bytes).
    Removing myplateau.o(.text), (0 bytes).
    Removing myplateau.o(.ARM.exidx.text.initPlateau), (8 bytes).
    Removing myplateau.o(.ARM.exidx.text.updateBoatDirectionAndSpeed), (8 bytes).
    Removing myplateau.o(.ARM.exidx.text.USART1_IRQHandler), (8 bytes).
    Removing myplateau.o(.bss.receivedData), (1 bytes).
    Removing myplateau.o(.bss.sens), (1 bytes).
    Removing system_stm32f10x.o(.text), (0 bytes).
    Removing system_stm32f10x.o(.ARM.exidx.text.SystemInit), (8 bytes).
    Removing system_stm32f10x.o(.ARM.exidx.text.SetSysClock), (8 bytes).
    Removing system_stm32f10x.o(.text.SystemCoreClockUpdate), (290 bytes).
    Removing system_stm32f10x.o(.ARM.exidx.text.SystemCoreClockUpdate), (8 bytes).
    Removing system_stm32f10x.o(.ARM.exidx.text.SetSysClockTo72), (8 bytes).
    Removing system_stm32f10x.o(.data.SystemCoreClock), (4 bytes).
    Removing system_stm32f10x.o(.rodata.AHBPrescTable), (16 bytes).

81 unused section(s) (total 2416 bytes) removed from the image.

==============================================================================

Image Symbol Table

    Local Symbols

    Symbol Name                              Value     Ov Type        Size  Object(Section)

    ../clib/angel/boardlib.s                 0x00000000   Number         0  boardinit1.o ABSOLUTE
    ../clib/angel/boardlib.s                 0x00000000   Number         0  boardinit2.o ABSOLUTE
    ../clib/angel/boardlib.s                 0x00000000   Number         0  boardinit3.o ABSOLUTE
    ../clib/angel/boardlib.s                 0x00000000   Number         0  boardshut.o ABSOLUTE
    ../clib/angel/handlers.s                 0x00000000   Number         0  __scatter_zi.o ABSOLUTE
    ../clib/angel/kernel.s                   0x00000000   Number         0  __rtentry.o ABSOLUTE
    ../clib/angel/kernel.s                   0x00000000   Number         0  __rtentry2.o ABSOLUTE
    ../clib/angel/kernel.s                   0x00000000   Number         0  __rtentry4.o ABSOLUTE
    ../clib/angel/kernel.s                   0x00000000   Number         0  rtexit.o ABSOLUTE
    ../clib/angel/kernel.s                   0x00000000   Number         0  rtexit2.o ABSOLUTE
    ../clib/angel/rt.s                       0x00000000   Number         0  rt_ctype_table.o ABSOLUTE
    ../clib/angel/rt.s                       0x00000000   Number         0  rt_locale.o ABSOLUTE
    ../clib/angel/rt.s                       0x00000000   Number         0  rt_locale_intlibspace.o ABSOLUTE
    ../clib/angel/rt.s                       0x00000000   Number         0  rt_raise.o ABSOLUTE
    ../clib/angel/scatter.s                  0x00000000   Number         0  __scatter.o ABSOLUTE
    ../clib/angel/startup.s                  0x00000000   Number         0  __main.o ABSOLUTE
    ../clib/angel/sys.s                      0x00000000   Number         0  sys_stackheap_outer.o ABSOLUTE
    ../clib/angel/sys.s                      0x00000000   Number         0  libspace.o ABSOLUTE
    ../clib/angel/sys.s                      0x00000000   Number         0  use_no_semi.o ABSOLUTE
    ../clib/angel/sys.s                      0x00000000   Number         0  indicate_semi.o ABSOLUTE
    ../clib/angel/sysapp.c                   0x00000000   Number         0  sys_exit.o ABSOLUTE
    ../clib/angel/sysapp.c                   0x00000000   Number         0  sys_exit_hlt.o ABSOLUTE
    ../clib/angel/sysapp.c                   0x00000000   Number         0  sys_command.o ABSOLUTE
    ../clib/angel/sysapp.c                   0x00000000   Number         0  sys_command_hlt.o ABSOLUTE
    ../clib/angel/sysapp.c                   0x00000000   Number         0  sys_wrch.o ABSOLUTE
    ../clib/angel/sysapp.c                   0x00000000   Number         0  sys_wrch_hlt.o ABSOLUTE
    ../clib/armsys.c                         0x00000000   Number         0  argv_veneer.o ABSOLUTE
    ../clib/armsys.c                         0x00000000   Number         0  argv_veneer.o ABSOLUTE
    ../clib/armsys.c                         0x00000000   Number         0  _get_argv_nomalloc.o ABSOLUTE
    ../clib/armsys.c                         0x00000000   Number         0  no_argv.o ABSOLUTE
    ../clib/bigflt.c                         0x00000000   Number         0  bigflt0.o ABSOLUTE
    ../clib/btod.s                           0x00000000   Number         0  btod.o ABSOLUTE
    ../clib/btod_accurate.c                  0x00000000   Number         0  btod_accurate.o ABSOLUTE
    ../clib/btod_accurate.c                  0x00000000   Number         0  btod_accurate_common.o ABSOLUTE
    ../clib/heapalloc.c                      0x00000000   Number         0  hrguard.o ABSOLUTE
    ../clib/heapaux.c                        0x00000000   Number         0  heapauxi.o ABSOLUTE
    ../clib/libinit.s                        0x00000000   Number         0  libinit.o ABSOLUTE
    ../clib/libinit.s                        0x00000000   Number         0  libinit2.o ABSOLUTE
    ../clib/libinit.s                        0x00000000   Number         0  libshutdown.o ABSOLUTE
    ../clib/libinit.s                        0x00000000   Number         0  libshutdown2.o ABSOLUTE
    ../clib/locale.c                         0x00000000   Number         0  _c16rtomb.o ABSOLUTE
    ../clib/locale.s                         0x00000000   Number         0  lc_numeric_c.o ABSOLUTE
    ../clib/locale.s                         0x00000000   Number         0  lc_ctype_c.o ABSOLUTE
    ../clib/longlong.s                       0x00000000   Number         0  lludiv10.o ABSOLUTE
    ../clib/longlong.s                       0x00000000   Number         0  llushr.o ABSOLUTE
    ../clib/memcpset.s                       0x00000000   Number         0  strcmpv7m.o ABSOLUTE
    ../clib/misc.s                           0x00000000   Number         0  printf_stubs.o ABSOLUTE
    ../clib/printf.c                         0x00000000   Number         0  snprintf.o ABSOLUTE
    ../clib/printf.c                         0x00000000   Number         0  __printf.o ABSOLUTE
    ../clib/printf.c                         0x00000000   Number         0  _printf_pad.o ABSOLUTE
    ../clib/printf.c                         0x00000000   Number         0  _printf_truncate.o ABSOLUTE
    ../clib/printf.c                         0x00000000   Number         0  _printf_str.o ABSOLUTE
    ../clib/printf.c                         0x00000000   Number         0  _printf_dec.o ABSOLUTE
    ../clib/printf.c                         0x00000000   Number         0  _printf_charcount.o ABSOLUTE
    ../clib/printf.c                         0x00000000   Number         0  _printf_char_common.o ABSOLUTE
    ../clib/printf.c                         0x00000000   Number         0  _snputc.o ABSOLUTE
    ../clib/printf.c                         0x00000000   Number         0  _printf_wctomb.o ABSOLUTE
    ../clib/printf.c                         0x00000000   Number         0  _printf_longlong_dec.o ABSOLUTE
    ../clib/printf.c                         0x00000000   Number         0  _printf_oct_ll.o ABSOLUTE
    ../clib/printf.c                         0x00000000   Number         0  _printf_oct_int.o ABSOLUTE
    ../clib/printf.c                         0x00000000   Number         0  _printf_oct_int_ll.o ABSOLUTE
    ../clib/printf.c                         0x00000000   Number         0  _printf_hex_ll.o ABSOLUTE
    ../clib/printf.c                         0x00000000   Number         0  _printf_hex_int.o ABSOLUTE
    ../clib/printf.c                         0x00000000   Number         0  _printf_hex_int_ll.o ABSOLUTE
    ../clib/printf.c                         0x00000000   Number         0  _printf_hex_ptr.o ABSOLUTE
    ../clib/printf.c                         0x00000000   Number         0  _printf_hex_int_ptr.o ABSOLUTE
    ../clib/printf.c                         0x00000000   Number         0  _printf_hex_ll_ptr.o ABSOLUTE
    ../clib/printf.c                         0x00000000   Number         0  _printf_hex_int_ll_ptr.o ABSOLUTE
    ../clib/printf.c                         0x00000000   Number         0  __printf_flags.o ABSOLUTE
    ../clib/printf.c                         0x00000000   Number         0  __printf_ss.o ABSOLUTE
    ../clib/printf.c                         0x00000000   Number         0  __printf_flags_ss.o ABSOLUTE
    ../clib/printf.c                         0x00000000   Number         0  __printf_wp.o ABSOLUTE
    ../clib/printf.c                         0x00000000   Number         0  __printf_flags_wp.o ABSOLUTE
    ../clib/printf.c                         0x00000000   Number         0  __printf_ss_wp.o ABSOLUTE
    ../clib/printf.c                         0x00000000   Number         0  __printf_flags_ss_wp.o ABSOLUTE
    ../clib/printf.c                         0x00000000   Number         0  _printf_intcommon.o ABSOLUTE
    ../clib/printf.c                         0x00000000   Number         0  _printf_fp_dec.o ABSOLUTE
    ../clib/printf.c                         0x00000000   Number         0  _printf_fp_dec_accurate.o ABSOLUTE
    ../clib/printf.c                         0x00000000   Number         0  _printf_fp_hex.o ABSOLUTE
    ../clib/printf.c                         0x00000000   Number         0  __printf_nopercent.o ABSOLUTE
    ../clib/printf.c                         0x00000000   Number         0  _printf_char.o ABSOLUTE
    ../clib/printf.c                         0x00000000   Number         0  _printf_wchar.o ABSOLUTE
    ../clib/printf.c                         0x00000000   Number         0  _printf_fp_infnan.o ABSOLUTE
    ../clib/printf_percent.s                 0x00000000   Number         0  _printf_c.o ABSOLUTE
    ../clib/printf_percent.s                 0x00000000   Number         0  _printf_s.o ABSOLUTE
    ../clib/printf_percent.s                 0x00000000   Number         0  _printf_n.o ABSOLUTE
    ../clib/printf_percent.s                 0x00000000   Number         0  _printf_x.o ABSOLUTE
    ../clib/printf_percent.s                 0x00000000   Number         0  _printf_p.o ABSOLUTE
    ../clib/printf_percent.s                 0x00000000   Number         0  _printf_o.o ABSOLUTE
    ../clib/printf_percent.s                 0x00000000   Number         0  _printf_i.o ABSOLUTE
    ../clib/printf_percent.s                 0x00000000   Number         0  _printf_d.o ABSOLUTE
    ../clib/printf_percent.s                 0x00000000   Number         0  _printf_u.o ABSOLUTE
    ../clib/printf_percent.s                 0x00000000   Number         0  _printf_f.o ABSOLUTE
    ../clib/printf_percent.s                 0x00000000   Number         0  _printf_e.o ABSOLUTE
    ../clib/printf_percent.s                 0x00000000   Number         0  _printf_g.o ABSOLUTE
    ../clib/printf_percent.s                 0x00000000   Number         0  _printf_a.o ABSOLUTE
    ../clib/printf_percent.s                 0x00000000   Number         0  _printf_percent.o ABSOLUTE
    ../clib/printf_percent.s                 0x00000000   Number         0  _printf_lli.o ABSOLUTE
    ../clib/printf_percent.s                 0x00000000   Number         0  _printf_lld.o ABSOLUTE
    ../clib/printf_percent.s                 0x00000000   Number         0  _printf_llu.o ABSOLUTE
    ../clib/printf_percent.s                 0x00000000   Number         0  _printf_ll.o ABSOLUTE
    ../clib/printf_percent.s                 0x00000000   Number         0  _printf_l.o ABSOLUTE
    ../clib/printf_percent.s                 0x00000000   Number         0  _printf_lc.o ABSOLUTE
    ../clib/printf_percent.s                 0x00000000   Number         0  _printf_ls.o ABSOLUTE
    ../clib/printf_percent.s                 0x00000000   Number         0  _printf_llo.o ABSOLUTE
    ../clib/printf_percent.s                 0x00000000   Number         0  _printf_llx.o ABSOLUTE
    ../clib/printf_percent.s                 0x00000000   Number         0  _printf_percent_end.o ABSOLUTE
    ../clib/signal.c                         0x00000000   Number         0  defsig_rtmem_outer.o ABSOLUTE
    ../clib/signal.c                         0x00000000   Number         0  defsig_rtmem_formal.o ABSOLUTE
    ../clib/signal.c                         0x00000000   Number         0  defsig_exit.o ABSOLUTE
    ../clib/signal.c                         0x00000000   Number         0  defsig_rtmem_inner.o ABSOLUTE
    ../clib/signal.c                         0x00000000   Number         0  __raise.o ABSOLUTE
    ../clib/signal.c                         0x00000000   Number         0  defsig_general.o ABSOLUTE
    ../clib/signal.c                         0x00000000   Number         0  defsig_abrt_inner.o ABSOLUTE
    ../clib/signal.c                         0x00000000   Number         0  defsig_fpe_inner.o ABSOLUTE
    ../clib/signal.c                         0x00000000   Number         0  defsig_rtred_inner.o ABSOLUTE
    ../clib/signal.c                         0x00000000   Number         0  defsig_stak_inner.o ABSOLUTE
    ../clib/signal.c                         0x00000000   Number         0  defsig_pvfn_inner.o ABSOLUTE
    ../clib/signal.c                         0x00000000   Number         0  defsig_cppl_inner.o ABSOLUTE
    ../clib/signal.c                         0x00000000   Number         0  defsig_segv_inner.o ABSOLUTE
    ../clib/signal.c                         0x00000000   Number         0  defsig_other.o ABSOLUTE
    ../clib/signal.s                         0x00000000   Number         0  defsig.o ABSOLUTE
    ../clib/stdlib.c                         0x00000000   Number         0  exit.o ABSOLUTE
    ../fplib/fpinit.s                        0x00000000   Number         0  fpinit.o ABSOLUTE
    ../fplib/fpinit_empty.s                  0x00000000   Number         0  fpinit_empty.o ABSOLUTE
    ../fplib/istatus.s                       0x00000000   Number         0  istatus.o ABSOLUTE
    ../fplib/printf1.s                       0x00000000   Number         0  printf1.o ABSOLUTE
    ../fplib/printf2.s                       0x00000000   Number         0  printf2.o ABSOLUTE
    ../fplib/printf2a.s                      0x00000000   Number         0  printf2a.o ABSOLUTE
    ../fplib/printf2b.s                      0x00000000   Number         0  printf2b.o ABSOLUTE
    ../fplib/usenofp.s                       0x00000000   Number         0  usenofp.o ABSOLUTE
    ../mathlib/fpclassify.c                  0x00000000   Number         0  fpclassify.o ABSOLUTE
    ADC.c                                    0x00000000   Number         0  adc.o ABSOLUTE
    GPIO.c                                   0x00000000   Number         0  gpio.o ABSOLUTE
    MyADC.c                                  0x00000000   Number         0  myadc.o ABSOLUTE
    MyEncoder.c                              0x00000000   Number         0  myencoder.o ABSOLUTE
    MyGPIO.c                                 0x00000000   Number         0  mygpio.o ABSOLUTE
    MyPLATEAU.c                              0x00000000   Number         0  myplateau.o ABSOLUTE
    MyTimer.c                                0x00000000   Number         0  mytimer.o ABSOLUTE
    MyUSART.c                                0x00000000   Number         0  myusart.o ABSOLUTE
    RTE/Device/STM32F103RB/startup_stm32f10x_md.s 0x00000000   Number         0  startup_stm32f10x_md.o ABSOLUTE
    TIMER.c                                  0x00000000   Number         0  timer.o ABSOLUTE
    USARTtest.c                              0x00000000   Number         0  usarttest.o ABSOLUTE
    dc.s                                     0x00000000   Number         0  dc.o ABSOLUTE
    principal.c                              0x00000000   Number         0  principal.o ABSOLUTE
    system_stm32f10x.c                       0x00000000   Number         0  system_stm32f10x.o ABSOLUTE
    RESET                                    0x08000000   Section      236  startup_stm32f10x_md.o(RESET)
    !!!main                                  0x080000ec   Section        8  __main.o(!!!main)
    !!!scatter                               0x080000f4   Section       92  __scatter.o(!!!scatter)
    !!handler_null                           0x08000150   Section        2  __scatter.o(!!handler_null)
    !!handler_zi                             0x08000154   Section       28  __scatter_zi.o(!!handler_zi)
    .ARM.Collect$$libinit$$00000000          0x08000170   Section        2  libinit.o(.ARM.Collect$$libinit$$00000000)
    .ARM.Collect$$libinit$$00000002          0x08000172   Section        0  libinit2.o(.ARM.Collect$$libinit$$00000002)
    .ARM.Collect$$libinit$$00000004          0x08000172   Section        0  libinit2.o(.ARM.Collect$$libinit$$00000004)
    .ARM.Collect$$libinit$$00000006          0x08000172   Section        0  libinit2.o(.ARM.Collect$$libinit$$00000006)
    .ARM.Collect$$libinit$$0000000C          0x08000172   Section        0  libinit2.o(.ARM.Collect$$libinit$$0000000C)
    .ARM.Collect$$libinit$$0000000E          0x08000172   Section        0  libinit2.o(.ARM.Collect$$libinit$$0000000E)
    .ARM.Collect$$libinit$$00000010          0x08000172   Section        0  libinit2.o(.ARM.Collect$$libinit$$00000010)
    .ARM.Collect$$libinit$$00000013          0x08000172   Section        0  libinit2.o(.ARM.Collect$$libinit$$00000013)
    .ARM.Collect$$libinit$$00000015          0x08000172   Section        0  libinit2.o(.ARM.Collect$$libinit$$00000015)
    .ARM.Collect$$libinit$$00000017          0x08000172   Section        0  libinit2.o(.ARM.Collect$$libinit$$00000017)
    .ARM.Collect$$libinit$$00000019          0x08000172   Section        0  libinit2.o(.ARM.Collect$$libinit$$00000019)
    .ARM.Collect$$libinit$$0000001B          0x08000172   Section        0  libinit2.o(.ARM.Collect$$libinit$$0000001B)
    .ARM.Collect$$libinit$$0000001D          0x08000172   Section        0  libinit2.o(.ARM.Collect$$libinit$$0000001D)
    .ARM.Collect$$libinit$$0000001F          0x08000172   Section        0  libinit2.o(.ARM.Collect$$libinit$$0000001F)
    .ARM.Collect$$libinit$$00000021          0x08000172   Section        0  libinit2.o(.ARM.Collect$$libinit$$00000021)
    .ARM.Collect$$libinit$$00000023          0x08000172   Section        0  libinit2.o(.ARM.Collect$$libinit$$00000023)
    .ARM.Collect$$libinit$$00000025          0x08000172   Section        0  libinit2.o(.ARM.Collect$$libinit$$00000025)
    .ARM.Collect$$libinit$$00000027          0x08000172   Section        0  libinit2.o(.ARM.Collect$$libinit$$00000027)
    .ARM.Collect$$libinit$$0000002E          0x08000172   Section        0  libinit2.o(.ARM.Collect$$libinit$$0000002E)
    .ARM.Collect$$libinit$$00000030          0x08000172   Section        0  libinit2.o(.ARM.Collect$$libinit$$00000030)
    .ARM.Collect$$libinit$$00000032          0x08000172   Section        0  libinit2.o(.ARM.Collect$$libinit$$00000032)
    .ARM.Collect$$libinit$$00000034          0x08000172   Section        0  libinit2.o(.ARM.Collect$$libinit$$00000034)
    .ARM.Collect$$libinit$$00000035          0x08000172   Section        2  libinit2.o(.ARM.Collect$$libinit$$00000035)
    .ARM.Collect$$libshutdown$$00000000      0x08000174   Section        2  libshutdown.o(.ARM.Collect$$libshutdown$$00000000)
    .ARM.Collect$$libshutdown$$00000002      0x08000176   Section        0  libshutdown2.o(.ARM.Collect$$libshutdown$$00000002)
    .ARM.Collect$$libshutdown$$00000004      0x08000176   Section        0  libshutdown2.o(.ARM.Collect$$libshutdown$$00000004)
    .ARM.Collect$$libshutdown$$00000007      0x08000176   Section        0  libshutdown2.o(.ARM.Collect$$libshutdown$$00000007)
    .ARM.Collect$$libshutdown$$0000000A      0x08000176   Section        0  libshutdown2.o(.ARM.Collect$$libshutdown$$0000000A)
    .ARM.Collect$$libshutdown$$0000000C      0x08000176   Section        0  libshutdown2.o(.ARM.Collect$$libshutdown$$0000000C)
    .ARM.Collect$$libshutdown$$0000000F      0x08000176   Section        0  libshutdown2.o(.ARM.Collect$$libshutdown$$0000000F)
    .ARM.Collect$$libshutdown$$00000010      0x08000176   Section        2  libshutdown2.o(.ARM.Collect$$libshutdown$$00000010)
    .ARM.Collect$$rtentry$$00000000          0x08000178   Section        0  __rtentry.o(.ARM.Collect$$rtentry$$00000000)
    .ARM.Collect$$rtentry$$00000002          0x08000178   Section        0  __rtentry2.o(.ARM.Collect$$rtentry$$00000002)
    .ARM.Collect$$rtentry$$00000004          0x08000178   Section        6  __rtentry4.o(.ARM.Collect$$rtentry$$00000004)
    .ARM.Collect$$rtentry$$00000009          0x0800017e   Section        0  __rtentry2.o(.ARM.Collect$$rtentry$$00000009)
    .ARM.Collect$$rtentry$$0000000A          0x0800017e   Section        4  __rtentry2.o(.ARM.Collect$$rtentry$$0000000A)
    .ARM.Collect$$rtentry$$0000000C          0x08000182   Section        0  __rtentry2.o(.ARM.Collect$$rtentry$$0000000C)
    .ARM.Collect$$rtentry$$0000000D          0x08000182   Section        8  __rtentry2.o(.ARM.Collect$$rtentry$$0000000D)
    .ARM.Collect$$rtexit$$00000000           0x0800018a   Section        2  rtexit.o(.ARM.Collect$$rtexit$$00000000)
    .ARM.Collect$$rtexit$$00000002           0x0800018c   Section        0  rtexit2.o(.ARM.Collect$$rtexit$$00000002)
    .ARM.Collect$$rtexit$$00000003           0x0800018c   Section        4  rtexit2.o(.ARM.Collect$$rtexit$$00000003)
    .ARM.Collect$$rtexit$$00000004           0x08000190   Section        6  rtexit2.o(.ARM.Collect$$rtexit$$00000004)
    .text                                    0x08000198   Section       64  startup_stm32f10x_md.o(.text)
    .text                                    0x080001d8   Section        0  heapauxi.o(.text)
    .text                                    0x080001de   Section       74  sys_stackheap_outer.o(.text)
    .text                                    0x08000228   Section        0  exit.o(.text)
    .text                                    0x0800023c   Section        8  libspace.o(.text)
    .text                                    0x08000244   Section        0  sys_exit.o(.text)
    .text                                    0x08000250   Section        2  use_no_semi.o(.text)
    .text                                    0x08000252   Section        0  indicate_semi.o(.text)
    [Anonymous Symbol]                       0x08000254   Section        0  mygpio.o(.text.MyGPIO_Init)
    [Anonymous Symbol]                       0x08000370   Section        0  mygpio.o(.text.MyGPIO_Reset)
    [Anonymous Symbol]                       0x08000388   Section        0  mygpio.o(.text.MyGPIO_Set)
    [Anonymous Symbol]                       0x080003a0   Section        0  mytimer.o(.text.MyTimer_Base_Init)
    [Anonymous Symbol]                       0x080004a0   Section        0  mytimer.o(.text.MyTimer_PWM)
    [Anonymous Symbol]                       0x0800057c   Section        0  mytimer.o(.text.MyTimer_SetDutyCycle)
    SetSysClock                              0x080005f5   Thumb Code     8  system_stm32f10x.o(.text.SetSysClock)
    [Anonymous Symbol]                       0x080005f4   Section        0  system_stm32f10x.o(.text.SetSysClock)
    SetSysClockTo72                          0x080005fd   Thumb Code   290  system_stm32f10x.o(.text.SetSysClockTo72)
    [Anonymous Symbol]                       0x080005fc   Section        0  system_stm32f10x.o(.text.SetSysClockTo72)
    [Anonymous Symbol]                       0x08000720   Section        0  system_stm32f10x.o(.text.SystemInit)
    [Anonymous Symbol]                       0x08000788   Section        0  mytimer.o(.text.TIM1_UP_IRQHandler)
    [Anonymous Symbol]                       0x080007b8   Section        0  mytimer.o(.text.TIM2_IRQHandler)
    [Anonymous Symbol]                       0x080007e8   Section        0  mytimer.o(.text.TIM3_IRQHandler)
    [Anonymous Symbol]                       0x08000818   Section        0  mytimer.o(.text.TIM4_IRQHandler)
    [Anonymous Symbol]                       0x08000848   Section        0  myplateau.o(.text.USART1_IRQHandler)
    [Anonymous Symbol]                       0x08000884   Section        0  myplateau.o(.text.initPlateau)
    [Anonymous Symbol]                       0x08000904   Section        0  principal.o(.text.main)
    [Anonymous Symbol]                       0x0800098c   Section        0  myplateau.o(.text.updateBoatDirectionAndSpeed)
    .bss                                     0x20000000   Section       96  libspace.o(.bss)
    Timer_Callback                           0x20000060   Data           4  mytimer.o(.bss.Timer_Callback)
    [Anonymous Symbol]                       0x20000060   Section        0  mytimer.o(.bss.Timer_Callback)
    Heap_Mem                                 0x20000068   Data         512  startup_stm32f10x_md.o(HEAP)
    HEAP                                     0x20000068   Section      512  startup_stm32f10x_md.o(HEAP)
    Stack_Mem                                0x20000268   Data        1024  startup_stm32f10x_md.o(STACK)
    STACK                                    0x20000268   Section     1024  startup_stm32f10x_md.o(STACK)
    __initial_sp                             0x20000668   Data           0  startup_stm32f10x_md.o(STACK)

    Global Symbols

    Symbol Name                              Value     Ov Type        Size  Object(Section)

    BuildAttributes$$THM_ISAv4$P$D$K$B$S$PE$A:L22UL41UL21$X:L11$S22US41US21$IEEE1$IW$~IW$USESV6$~STKCKD$USESV7$~SHL$OTIME$ROPI$IEEEJ$EBA8$UX$STANDARDLIB$REQ8$PRES8$EABIv2 0x00000000   Number         0  anon$$obj.o ABSOLUTE
    __fp_init_empty                          0x00000000   Number         0  fpinit_empty.o ABSOLUTE
    _printf_flags                            0x00000000   Number         0  printf_stubs.o ABSOLUTE
    _printf_return_value                     0x00000000   Number         0  printf_stubs.o ABSOLUTE
    _printf_sizespec                         0x00000000   Number         0  printf_stubs.o ABSOLUTE
    _printf_widthprec                        0x00000000   Number         0  printf_stubs.o ABSOLUTE
    __ARM_exceptions_init                     - Undefined Weak Reference
    __alloca_initialize                       - Undefined Weak Reference
    __arm_preinit_                            - Undefined Weak Reference
    __arm_relocate_pie_                       - Undefined Weak Reference
    __cpp_initialize__aeabi_                  - Undefined Weak Reference
    __cxa_finalize                            - Undefined Weak Reference
    __sigvec_lookup                           - Undefined Weak Reference
    _atexit_init                              - Undefined Weak Reference
    _call_atexit_fns                          - Undefined Weak Reference
    _clock_init                               - Undefined Weak Reference
    _fp_trap_init                             - Undefined Weak Reference
    _fp_trap_shutdown                         - Undefined Weak Reference
    _get_lc_collate                           - Undefined Weak Reference
    _get_lc_monetary                          - Undefined Weak Reference
    _get_lc_time                              - Undefined Weak Reference
    _getenv_init                              - Undefined Weak Reference
    _handle_redirection                       - Undefined Weak Reference
    _init_alloc                               - Undefined Weak Reference
    _init_user_alloc                          - Undefined Weak Reference
    _initio                                   - Undefined Weak Reference
    _printf_mbtowc                            - Undefined Weak Reference
    _printf_wc                                - Undefined Weak Reference
    _rand_init                                - Undefined Weak Reference
    _signal_finish                            - Undefined Weak Reference
    _signal_init                              - Undefined Weak Reference
    _terminate_alloc                          - Undefined Weak Reference
    _terminate_user_alloc                     - Undefined Weak Reference
    _terminateio                              - Undefined Weak Reference
    __Vectors_Size                           0x000000ec   Number         0  startup_stm32f10x_md.o ABSOLUTE
    __Vectors                                0x08000000   Data           4  startup_stm32f10x_md.o(RESET)
    __Vectors_End                            0x080000ec   Data           0  startup_stm32f10x_md.o(RESET)
    __main                                   0x080000ed   Thumb Code     8  __main.o(!!!main)
    __scatterload                            0x080000f5   Thumb Code     0  __scatter.o(!!!scatter)
    __scatterload_rt2                        0x080000f5   Thumb Code    84  __scatter.o(!!!scatter)
    __scatterload_rt2_thumb_only             0x080000f5   Thumb Code     0  __scatter.o(!!!scatter)
    __scatterload_loop                       0x080000ff   Thumb Code     0  __scatter.o(!!!scatter)
    __scatterload_null                       0x08000151   Thumb Code     2  __scatter.o(!!handler_null)
    __scatterload_zeroinit                   0x08000155   Thumb Code    28  __scatter_zi.o(!!handler_zi)
    __rt_lib_init                            0x08000171   Thumb Code     0  libinit.o(.ARM.Collect$$libinit$$00000000)
    __rt_lib_init_alloca_1                   0x08000173   Thumb Code     0  libinit2.o(.ARM.Collect$$libinit$$00000030)
    __rt_lib_init_argv_1                     0x08000173   Thumb Code     0  libinit2.o(.ARM.Collect$$libinit$$0000002E)
    __rt_lib_init_atexit_1                   0x08000173   Thumb Code     0  libinit2.o(.ARM.Collect$$libinit$$0000001D)
    __rt_lib_init_clock_1                    0x08000173   Thumb Code     0  libinit2.o(.ARM.Collect$$libinit$$00000023)
    __rt_lib_init_cpp_1                      0x08000173   Thumb Code     0  libinit2.o(.ARM.Collect$$libinit$$00000034)
    __rt_lib_init_exceptions_1               0x08000173   Thumb Code     0  libinit2.o(.ARM.Collect$$libinit$$00000032)
    __rt_lib_init_fp_1                       0x08000173   Thumb Code     0  libinit2.o(.ARM.Collect$$libinit$$00000002)
    __rt_lib_init_fp_trap_1                  0x08000173   Thumb Code     0  libinit2.o(.ARM.Collect$$libinit$$00000021)
    __rt_lib_init_getenv_1                   0x08000173   Thumb Code     0  libinit2.o(.ARM.Collect$$libinit$$00000025)
    __rt_lib_init_heap_1                     0x08000173   Thumb Code     0  libinit2.o(.ARM.Collect$$libinit$$0000000C)
    __rt_lib_init_lc_collate_1               0x08000173   Thumb Code     0  libinit2.o(.ARM.Collect$$libinit$$00000013)
    __rt_lib_init_lc_ctype_1                 0x08000173   Thumb Code     0  libinit2.o(.ARM.Collect$$libinit$$00000015)
    __rt_lib_init_lc_monetary_1              0x08000173   Thumb Code     0  libinit2.o(.ARM.Collect$$libinit$$00000017)
    __rt_lib_init_lc_numeric_1               0x08000173   Thumb Code     0  libinit2.o(.ARM.Collect$$libinit$$00000019)
    __rt_lib_init_lc_time_1                  0x08000173   Thumb Code     0  libinit2.o(.ARM.Collect$$libinit$$0000001B)
    __rt_lib_init_preinit_1                  0x08000173   Thumb Code     0  libinit2.o(.ARM.Collect$$libinit$$00000006)
    __rt_lib_init_rand_1                     0x08000173   Thumb Code     0  libinit2.o(.ARM.Collect$$libinit$$00000010)
    __rt_lib_init_relocate_pie_1             0x08000173   Thumb Code     0  libinit2.o(.ARM.Collect$$libinit$$00000004)
    __rt_lib_init_return                     0x08000173   Thumb Code     0  libinit2.o(.ARM.Collect$$libinit$$00000035)
    __rt_lib_init_signal_1                   0x08000173   Thumb Code     0  libinit2.o(.ARM.Collect$$libinit$$0000001F)
    __rt_lib_init_stdio_1                    0x08000173   Thumb Code     0  libinit2.o(.ARM.Collect$$libinit$$00000027)
    __rt_lib_init_user_alloc_1               0x08000173   Thumb Code     0  libinit2.o(.ARM.Collect$$libinit$$0000000E)
    __rt_lib_shutdown                        0x08000175   Thumb Code     0  libshutdown.o(.ARM.Collect$$libshutdown$$00000000)
    __rt_lib_shutdown_cpp_1                  0x08000177   Thumb Code     0  libshutdown2.o(.ARM.Collect$$libshutdown$$00000002)
    __rt_lib_shutdown_fp_trap_1              0x08000177   Thumb Code     0  libshutdown2.o(.ARM.Collect$$libshutdown$$00000007)
    __rt_lib_shutdown_heap_1                 0x08000177   Thumb Code     0  libshutdown2.o(.ARM.Collect$$libshutdown$$0000000F)
    __rt_lib_shutdown_return                 0x08000177   Thumb Code     0  libshutdown2.o(.ARM.Collect$$libshutdown$$00000010)
    __rt_lib_shutdown_signal_1               0x08000177   Thumb Code     0  libshutdown2.o(.ARM.Collect$$libshutdown$$0000000A)
    __rt_lib_shutdown_stdio_1                0x08000177   Thumb Code     0  libshutdown2.o(.ARM.Collect$$libshutdown$$00000004)
    __rt_lib_shutdown_user_alloc_1           0x08000177   Thumb Code     0  libshutdown2.o(.ARM.Collect$$libshutdown$$0000000C)
    __rt_entry                               0x08000179   Thumb Code     0  __rtentry.o(.ARM.Collect$$rtentry$$00000000)
    __rt_entry_presh_1                       0x08000179   Thumb Code     0  __rtentry2.o(.ARM.Collect$$rtentry$$00000002)
    __rt_entry_sh                            0x08000179   Thumb Code     0  __rtentry4.o(.ARM.Collect$$rtentry$$00000004)
    __rt_entry_li                            0x0800017f   Thumb Code     0  __rtentry2.o(.ARM.Collect$$rtentry$$0000000A)
    __rt_entry_postsh_1                      0x0800017f   Thumb Code     0  __rtentry2.o(.ARM.Collect$$rtentry$$00000009)
    __rt_entry_main                          0x08000183   Thumb Code     0  __rtentry2.o(.ARM.Collect$$rtentry$$0000000D)
    __rt_entry_postli_1                      0x08000183   Thumb Code     0  __rtentry2.o(.ARM.Collect$$rtentry$$0000000C)
    __rt_exit                                0x0800018b   Thumb Code     0  rtexit.o(.ARM.Collect$$rtexit$$00000000)
    __rt_exit_ls                             0x0800018d   Thumb Code     0  rtexit2.o(.ARM.Collect$$rtexit$$00000003)
    __rt_exit_prels_1                        0x0800018d   Thumb Code     0  rtexit2.o(.ARM.Collect$$rtexit$$00000002)
    __rt_exit_exit                           0x08000191   Thumb Code     0  rtexit2.o(.ARM.Collect$$rtexit$$00000004)
    Reset_Handler                            0x08000199   Thumb Code     8  startup_stm32f10x_md.o(.text)
    NMI_Handler                              0x080001a1   Thumb Code     2  startup_stm32f10x_md.o(.text)
    HardFault_Handler                        0x080001a3   Thumb Code     2  startup_stm32f10x_md.o(.text)
    MemManage_Handler                        0x080001a5   Thumb Code     2  startup_stm32f10x_md.o(.text)
    BusFault_Handler                         0x080001a7   Thumb Code     2  startup_stm32f10x_md.o(.text)
    UsageFault_Handler                       0x080001a9   Thumb Code     2  startup_stm32f10x_md.o(.text)
    SVC_Handler                              0x080001ab   Thumb Code     2  startup_stm32f10x_md.o(.text)
    DebugMon_Handler                         0x080001ad   Thumb Code     2  startup_stm32f10x_md.o(.text)
    PendSV_Handler                           0x080001af   Thumb Code     2  startup_stm32f10x_md.o(.text)
    SysTick_Handler                          0x080001b1   Thumb Code     2  startup_stm32f10x_md.o(.text)
    ADC1_2_IRQHandler                        0x080001b3   Thumb Code     0  startup_stm32f10x_md.o(.text)
    CAN1_RX1_IRQHandler                      0x080001b3   Thumb Code     0  startup_stm32f10x_md.o(.text)
    CAN1_SCE_IRQHandler                      0x080001b3   Thumb Code     0  startup_stm32f10x_md.o(.text)
    DMA1_Channel1_IRQHandler                 0x080001b3   Thumb Code     0  startup_stm32f10x_md.o(.text)
    DMA1_Channel2_IRQHandler                 0x080001b3   Thumb Code     0  startup_stm32f10x_md.o(.text)
    DMA1_Channel3_IRQHandler                 0x080001b3   Thumb Code     0  startup_stm32f10x_md.o(.text)
    DMA1_Channel4_IRQHandler                 0x080001b3   Thumb Code     0  startup_stm32f10x_md.o(.text)
    DMA1_Channel5_IRQHandler                 0x080001b3   Thumb Code     0  startup_stm32f10x_md.o(.text)
    DMA1_Channel6_IRQHandler                 0x080001b3   Thumb Code     0  startup_stm32f10x_md.o(.text)
    DMA1_Channel7_IRQHandler                 0x080001b3   Thumb Code     0  startup_stm32f10x_md.o(.text)
    EXTI0_IRQHandler                         0x080001b3   Thumb Code     0  startup_stm32f10x_md.o(.text)
    EXTI15_10_IRQHandler                     0x080001b3   Thumb Code     0  startup_stm32f10x_md.o(.text)
    EXTI1_IRQHandler                         0x080001b3   Thumb Code     0  startup_stm32f10x_md.o(.text)
    EXTI2_IRQHandler                         0x080001b3   Thumb Code     0  startup_stm32f10x_md.o(.text)
    EXTI3_IRQHandler                         0x080001b3   Thumb Code     0  startup_stm32f10x_md.o(.text)
    EXTI4_IRQHandler                         0x080001b3   Thumb Code     0  startup_stm32f10x_md.o(.text)
    EXTI9_5_IRQHandler                       0x080001b3   Thumb Code     0  startup_stm32f10x_md.o(.text)
    FLASH_IRQHandler                         0x080001b3   Thumb Code     0  startup_stm32f10x_md.o(.text)
    I2C1_ER_IRQHandler                       0x080001b3   Thumb Code     0  startup_stm32f10x_md.o(.text)
    I2C1_EV_IRQHandler                       0x080001b3   Thumb Code     0  startup_stm32f10x_md.o(.text)
    I2C2_ER_IRQHandler                       0x080001b3   Thumb Code     0  startup_stm32f10x_md.o(.text)
    I2C2_EV_IRQHandler                       0x080001b3   Thumb Code     0  startup_stm32f10x_md.o(.text)
    PVD_IRQHandler                           0x080001b3   Thumb Code     0  startup_stm32f10x_md.o(.text)
    RCC_IRQHandler                           0x080001b3   Thumb Code     0  startup_stm32f10x_md.o(.text)
    RTCAlarm_IRQHandler                      0x080001b3   Thumb Code     0  startup_stm32f10x_md.o(.text)
    RTC_IRQHandler                           0x080001b3   Thumb Code     0  startup_stm32f10x_md.o(.text)
    SPI1_IRQHandler                          0x080001b3   Thumb Code     0  startup_stm32f10x_md.o(.text)
    SPI2_IRQHandler                          0x080001b3   Thumb Code     0  startup_stm32f10x_md.o(.text)
    TAMPER_IRQHandler                        0x080001b3   Thumb Code     0  startup_stm32f10x_md.o(.text)
    TIM1_BRK_IRQHandler                      0x080001b3   Thumb Code     0  startup_stm32f10x_md.o(.text)
    TIM1_CC_IRQHandler                       0x080001b3   Thumb Code     0  startup_stm32f10x_md.o(.text)
    TIM1_TRG_COM_IRQHandler                  0x080001b3   Thumb Code     0  startup_stm32f10x_md.o(.text)
    USART2_IRQHandler                        0x080001b3   Thumb Code     0  startup_stm32f10x_md.o(.text)
    USART3_IRQHandler                        0x080001b3   Thumb Code     0  startup_stm32f10x_md.o(.text)
    USBWakeUp_IRQHandler                     0x080001b3   Thumb Code     0  startup_stm32f10x_md.o(.text)
    USB_HP_CAN1_TX_IRQHandler                0x080001b3   Thumb Code     0  startup_stm32f10x_md.o(.text)
    USB_LP_CAN1_RX0_IRQHandler               0x080001b3   Thumb Code     0  startup_stm32f10x_md.o(.text)
    WWDG_IRQHandler                          0x080001b3   Thumb Code     0  startup_stm32f10x_md.o(.text)
    __user_initial_stackheap                 0x080001b5   Thumb Code     0  startup_stm32f10x_md.o(.text)
    __use_two_region_memory                  0x080001d9   Thumb Code     2  heapauxi.o(.text)
    __rt_heap_escrow$2region                 0x080001db   Thumb Code     2  heapauxi.o(.text)
    __rt_heap_expand$2region                 0x080001dd   Thumb Code     2  heapauxi.o(.text)
    __user_setup_stackheap                   0x080001df   Thumb Code    74  sys_stackheap_outer.o(.text)
    exit                                     0x08000229   Thumb Code    18  exit.o(.text)
    __user_libspace                          0x0800023d   Thumb Code     8  libspace.o(.text)
    __user_perproc_libspace                  0x0800023d   Thumb Code     0  libspace.o(.text)
    __user_perthread_libspace                0x0800023d   Thumb Code     0  libspace.o(.text)
    _sys_exit                                0x08000245   Thumb Code     8  sys_exit.o(.text)
    __I$use$semihosting                      0x08000251   Thumb Code     0  use_no_semi.o(.text)
    __use_no_semihosting_swi                 0x08000251   Thumb Code     2  use_no_semi.o(.text)
    __semihosting_library_function           0x08000253   Thumb Code     0  indicate_semi.o(.text)
    MyGPIO_Init                              0x08000255   Thumb Code   284  mygpio.o(.text.MyGPIO_Init)
    MyGPIO_Reset                             0x08000371   Thumb Code    24  mygpio.o(.text.MyGPIO_Reset)
    MyGPIO_Set                               0x08000389   Thumb Code    24  mygpio.o(.text.MyGPIO_Set)
    MyTimer_Base_Init                        0x080003a1   Thumb Code   254  mytimer.o(.text.MyTimer_Base_Init)
    MyTimer_PWM                              0x080004a1   Thumb Code   220  mytimer.o(.text.MyTimer_PWM)
    MyTimer_SetDutyCycle                     0x0800057d   Thumb Code   118  mytimer.o(.text.MyTimer_SetDutyCycle)
    SystemInit                               0x08000721   Thumb Code   102  system_stm32f10x.o(.text.SystemInit)
    TIM1_UP_IRQHandler                       0x08000789   Thumb Code    48  mytimer.o(.text.TIM1_UP_IRQHandler)
    TIM2_IRQHandler                          0x080007b9   Thumb Code    46  mytimer.o(.text.TIM2_IRQHandler)
    TIM3_IRQHandler                          0x080007e9   Thumb Code    48  mytimer.o(.text.TIM3_IRQHandler)
    TIM4_IRQHandler                          0x08000819   Thumb Code    48  mytimer.o(.text.TIM4_IRQHandler)
    USART1_IRQHandler                        0x08000849   Thumb Code    60  myplateau.o(.text.USART1_IRQHandler)
    initPlateau                              0x08000885   Thumb Code   126  myplateau.o(.text.initPlateau)
    main                                     0x08000905   Thumb Code   134  principal.o(.text.main)
    updateBoatDirectionAndSpeed              0x0800098d   Thumb Code   196  myplateau.o(.text.updateBoatDirectionAndSpeed)
    Region$$Table$$Base                      0x08000a50   Number         0  anon$$obj.o(Region$$Table)
    Region$$Table$$Limit                     0x08000a60   Number         0  anon$$obj.o(Region$$Table)
    __libspace_start                         0x20000000   Data          96  libspace.o(.bss)
    __temporary_stack_top$libspace           0x20000060   Data           0  libspace.o(.bss)
    vitesse                                  0x20000064   Data           1  myplateau.o(.bss.vitesse)



==============================================================================

Memory Map of the image

  Image Entry point : 0x08000199

  Load Region LR_1 (Base: 0x08000000, Size: 0x00000a60, Max: 0xffffffff, ABSOLUTE)

    Execution Region ER_RO (Exec base: 0x08000000, Load base: 0x08000000, Size: 0x00000a60, Max: 0xffffffff, ABSOLUTE)

    Exec Addr    Load Addr    Size         Type   Attr      Idx    E Section Name        Object

    0x08000000   0x08000000   0x000000ec   Data   RO          144    RESET               startup_stm32f10x_md.o
    0x080000ec   0x080000ec   0x00000008   Code   RO          174  * !!!main             c_w.l(__main.o)
    0x080000f4   0x080000f4   0x0000005c   Code   RO          511    !!!scatter          c_w.l(__scatter.o)
    0x08000150   0x08000150   0x00000002   Code   RO          512    !!handler_null      c_w.l(__scatter.o)
    0x08000152   0x08000152   0x00000002   PAD
    0x08000154   0x08000154   0x0000001c   Code   RO          515    !!handler_zi        c_w.l(__scatter_zi.o)
    0x08000170   0x08000170   0x00000002   Code   RO          359    .ARM.Collect$$libinit$$00000000  c_w.l(libinit.o)
    0x08000172   0x08000172   0x00000000   Code   RO          378    .ARM.Collect$$libinit$$00000002  c_w.l(libinit2.o)
    0x08000172   0x08000172   0x00000000   Code   RO          380    .ARM.Collect$$libinit$$00000004  c_w.l(libinit2.o)
    0x08000172   0x08000172   0x00000000   Code   RO          382    .ARM.Collect$$libinit$$00000006  c_w.l(libinit2.o)
    0x08000172   0x08000172   0x00000000   Code   RO          385    .ARM.Collect$$libinit$$0000000C  c_w.l(libinit2.o)
    0x08000172   0x08000172   0x00000000   Code   RO          387    .ARM.Collect$$libinit$$0000000E  c_w.l(libinit2.o)
    0x08000172   0x08000172   0x00000000   Code   RO          389    .ARM.Collect$$libinit$$00000010  c_w.l(libinit2.o)
    0x08000172   0x08000172   0x00000000   Code   RO          392    .ARM.Collect$$libinit$$00000013  c_w.l(libinit2.o)
    0x08000172   0x08000172   0x00000000   Code   RO          394    .ARM.Collect$$libinit$$00000015  c_w.l(libinit2.o)
    0x08000172   0x08000172   0x00000000   Code   RO          396    .ARM.Collect$$libinit$$00000017  c_w.l(libinit2.o)
    0x08000172   0x08000172   0x00000000   Code   RO          398    .ARM.Collect$$libinit$$00000019  c_w.l(libinit2.o)
    0x08000172   0x08000172   0x00000000   Code   RO          400    .ARM.Collect$$libinit$$0000001B  c_w.l(libinit2.o)
    0x08000172   0x08000172   0x00000000   Code   RO          402    .ARM.Collect$$libinit$$0000001D  c_w.l(libinit2.o)
    0x08000172   0x08000172   0x00000000   Code   RO          404    .ARM.Collect$$libinit$$0000001F  c_w.l(libinit2.o)
    0x08000172   0x08000172   0x00000000   Code   RO          406    .ARM.Collect$$libinit$$00000021  c_w.l(libinit2.o)
    0x08000172   0x08000172   0x00000000   Code   RO          408    .ARM.Collect$$libinit$$00000023  c_w.l(libinit2.o)
    0x08000172   0x08000172   0x00000000   Code   RO          410    .ARM.Collect$$libinit$$00000025  c_w.l(libinit2.o)
    0x08000172   0x08000172   0x00000000   Code   RO          412    .ARM.Collect$$libinit$$00000027  c_w.l(libinit2.o)
    0x08000172   0x08000172   0x00000000   Code   RO          416    .ARM.Collect$$libinit$$0000002E  c_w.l(libinit2.o)
    0x08000172   0x08000172   0x00000000   Code   RO          418    .ARM.Collect$$libinit$$00000030  c_w.l(libinit2.o)
    0x08000172   0x08000172   0x00000000   Code   RO          420    .ARM.Collect$$libinit$$00000032  c_w.l(libinit2.o)
    0x08000172   0x08000172   0x00000000   Code   RO          422    .ARM.Collect$$libinit$$00000034  c_w.l(libinit2.o)
    0x08000172   0x08000172   0x00000002   Code   RO          423    .ARM.Collect$$libinit$$00000035  c_w.l(libinit2.o)
    0x08000174   0x08000174   0x00000002   Code   RO          447    .ARM.Collect$$libshutdown$$00000000  c_w.l(libshutdown.o)
    0x08000176   0x08000176   0x00000000   Code   RO          462    .ARM.Collect$$libshutdown$$00000002  c_w.l(libshutdown2.o)
    0x08000176   0x08000176   0x00000000   Code   RO          464    .ARM.Collect$$libshutdown$$00000004  c_w.l(libshutdown2.o)
    0x08000176   0x08000176   0x00000000   Code   RO          467    .ARM.Collect$$libshutdown$$00000007  c_w.l(libshutdown2.o)
    0x08000176   0x08000176   0x00000000   Code   RO          470    .ARM.Collect$$libshutdown$$0000000A  c_w.l(libshutdown2.o)
    0x08000176   0x08000176   0x00000000   Code   RO          472    .ARM.Collect$$libshutdown$$0000000C  c_w.l(libshutdown2.o)
    0x08000176   0x08000176   0x00000000   Code   RO          475    .ARM.Collect$$libshutdown$$0000000F  c_w.l(libshutdown2.o)
    0x08000176   0x08000176   0x00000002   Code   RO          476    .ARM.Collect$$libshutdown$$00000010  c_w.l(libshutdown2.o)
    0x08000178   0x08000178   0x00000000   Code   RO          176    .ARM.Collect$$rtentry$$00000000  c_w.l(__rtentry.o)
    0x08000178   0x08000178   0x00000000   Code   RO          277    .ARM.Collect$$rtentry$$00000002  c_w.l(__rtentry2.o)
    0x08000178   0x08000178   0x00000006   Code   RO          289    .ARM.Collect$$rtentry$$00000004  c_w.l(__rtentry4.o)
    0x0800017e   0x0800017e   0x00000000   Code   RO          279    .ARM.Collect$$rtentry$$00000009  c_w.l(__rtentry2.o)
    0x0800017e   0x0800017e   0x00000004   Code   RO          280    .ARM.Collect$$rtentry$$0000000A  c_w.l(__rtentry2.o)
    0x08000182   0x08000182   0x00000000   Code   RO          282    .ARM.Collect$$rtentry$$0000000C  c_w.l(__rtentry2.o)
    0x08000182   0x08000182   0x00000008   Code   RO          283    .ARM.Collect$$rtentry$$0000000D  c_w.l(__rtentry2.o)
    0x0800018a   0x0800018a   0x00000002   Code   RO          368    .ARM.Collect$$rtexit$$00000000  c_w.l(rtexit.o)
    0x0800018c   0x0800018c   0x00000000   Code   RO          425    .ARM.Collect$$rtexit$$00000002  c_w.l(rtexit2.o)
    0x0800018c   0x0800018c   0x00000004   Code   RO          426    .ARM.Collect$$rtexit$$00000003  c_w.l(rtexit2.o)
    0x08000190   0x08000190   0x00000006   Code   RO          427    .ARM.Collect$$rtexit$$00000004  c_w.l(rtexit2.o)
    0x08000196   0x08000196   0x00000002   PAD
    0x08000198   0x08000198   0x00000040   Code   RO          145  * .text               startup_stm32f10x_md.o
    0x080001d8   0x080001d8   0x00000006   Code   RO          172    .text               c_w.l(heapauxi.o)
    0x080001de   0x080001de   0x0000004a   Code   RO          311    .text               c_w.l(sys_stackheap_outer.o)
    0x08000228   0x08000228   0x00000012   Code   RO          352    .text               c_w.l(exit.o)
    0x0800023a   0x0800023a   0x00000002   PAD
    0x0800023c   0x0800023c   0x00000008   Code   RO          365    .text               c_w.l(libspace.o)
    0x08000244   0x08000244   0x0000000c   Code   RO          437    .text               c_w.l(sys_exit.o)
    0x08000250   0x08000250   0x00000002   Code   RO          452    .text               c_w.l(use_no_semi.o)
    0x08000252   0x08000252   0x00000000   Code   RO          454    .text               c_w.l(indicate_semi.o)
    0x08000252   0x08000252   0x00000002   PAD
    0x08000254   0x08000254   0x0000011c   Code   RO           32    .text.MyGPIO_Init   mygpio.o
    0x08000370   0x08000370   0x00000018   Code   RO           38    .text.MyGPIO_Reset  mygpio.o
    0x08000388   0x08000388   0x00000018   Code   RO           36    .text.MyGPIO_Set    mygpio.o
    0x080003a0   0x080003a0   0x000000fe   Code   RO           49    .text.MyTimer_Base_Init  mytimer.o
    0x0800049e   0x0800049e   0x00000002   PAD
    0x080004a0   0x080004a0   0x000000dc   Code   RO           67    .text.MyTimer_PWM   mytimer.o
    0x0800057c   0x0800057c   0x00000076   Code   RO           69    .text.MyTimer_SetDutyCycle  mytimer.o
    0x080005f2   0x080005f2   0x00000002   PAD
    0x080005f4   0x080005f4   0x00000008   Code   RO          154    .text.SetSysClock   system_stm32f10x.o
    0x080005fc   0x080005fc   0x00000122   Code   RO          158    .text.SetSysClockTo72  system_stm32f10x.o
    0x0800071e   0x0800071e   0x00000002   PAD
    0x08000720   0x08000720   0x00000066   Code   RO          152    .text.SystemInit    system_stm32f10x.o
    0x08000786   0x08000786   0x00000002   PAD
    0x08000788   0x08000788   0x00000030   Code   RO           51    .text.TIM1_UP_IRQHandler  mytimer.o
    0x080007b8   0x080007b8   0x0000002e   Code   RO           53    .text.TIM2_IRQHandler  mytimer.o
    0x080007e6   0x080007e6   0x00000002   PAD
    0x080007e8   0x080007e8   0x00000030   Code   RO           55    .text.TIM3_IRQHandler  mytimer.o
    0x08000818   0x08000818   0x00000030   Code   RO           57    .text.TIM4_IRQHandler  mytimer.o
    0x08000848   0x08000848   0x0000003c   Code   RO          131    .text.USART1_IRQHandler  myplateau.o
    0x08000884   0x08000884   0x0000007e   Code   RO          127    .text.initPlateau   myplateau.o
    0x08000902   0x08000902   0x00000002   PAD
    0x08000904   0x08000904   0x00000086   Code   RO            4    .text.main          principal.o
    0x0800098a   0x0800098a   0x00000002   PAD
    0x0800098c   0x0800098c   0x000000c4   Code   RO          129    .text.updateBoatDirectionAndSpeed  myplateau.o
    0x08000a50   0x08000a50   0x00000010   Data   RO          510    Region$$Table       anon$$obj.o


    Execution Region ER_RW (Exec base: 0x20000000, Load base: 0x08000a60, Size: 0x00000000, Max: 0xffffffff, ABSOLUTE)

    **** No section assigned to this execution region ****


    Execution Region ER_ZI (Exec base: 0x20000000, Load base: 0x08000a60, Size: 0x00000668, Max: 0xffffffff, ABSOLUTE)

    Exec Addr    Load Addr    Size         Type   Attr      Idx    E Section Name        Object

    0x20000000        -       0x00000060   Zero   RW          366    .bss                c_w.l(libspace.o)
    0x20000060        -       0x00000004   Zero   RW           71    .bss.Timer_Callback  mytimer.o
    0x20000064        -       0x00000001   Zero   RW          135    .bss.vitesse        myplateau.o
    0x20000065   0x08000a60   0x00000003   PAD
    0x20000068        -       0x00000200   Zero   RW          143    HEAP                startup_stm32f10x_md.o
    0x20000268        -       0x00000400   Zero   RW          142    STACK               startup_stm32f10x_md.o


==============================================================================

Image component sizes


      Code (inc. data)   RO Data    RW Data    ZI Data      Debug   Object Name

       332          0          0          0          0       2094   mygpio.o
       382          0          0          0          1       2981   myplateau.o
       782          0          0          0          4       6299   mytimer.o
       134          0          0          0          0       2361   principal.o
        64         26        236          0       1536        900   startup_stm32f10x_md.o
       400          0          0          0          0       3052   system_stm32f10x.o

    ----------------------------------------------------------------------
      2108         26        252          0       1544      17687   Object Totals
         0          0         16          0          0          0   (incl. Generated)
        14          0          0          0          3          0   (incl. Padding)

    ----------------------------------------------------------------------

      Code (inc. data)   RO Data    RW Data    ZI Data      Debug   Library Member Name

         8          0          0          0          0         68   __main.o
         0          0          0          0          0          0   __rtentry.o
        12          0          0          0          0          0   __rtentry2.o
         6          0          0          0          0          0   __rtentry4.o
        94          8          0          0          0          0   __scatter.o
        28          0          0          0          0          0   __scatter_zi.o
        18          0          0          0          0         80   exit.o
         6          0          0          0          0        152   heapauxi.o
         0          0          0          0          0          0   indicate_semi.o
         2          0          0          0          0          0   libinit.o
         2          0          0          0          0          0   libinit2.o
         2          0          0          0          0          0   libshutdown.o
         2          0          0          0          0          0   libshutdown2.o
         8          4          0          0         96         68   libspace.o
         2          0          0          0          0          0   rtexit.o
        10          0          0          0          0          0   rtexit2.o
        12          4          0          0          0         68   sys_exit.o
        74          0          0          0          0         80   sys_stackheap_outer.o
         2          0          0          0          0         68   use_no_semi.o

    ----------------------------------------------------------------------
       296         16          0          0         96        584   Library Totals
         8          0          0          0          0          0   (incl. Padding)

    ----------------------------------------------------------------------

      Code (inc. data)   RO Data    RW Data    ZI Data      Debug   Library Name

       288         16          0          0         96        584   c_w.l

    ----------------------------------------------------------------------
       296         16          0          0         96        584   Library Totals

    ----------------------------------------------------------------------

==============================================================================


      Code (inc. data)   RO Data    RW Data    ZI Data      Debug   

      2404         42        252          0       1640      18083   Grand Totals
      2404         42        252          0       1640      18083   ELF Image Totals
      2404         42        252          0          0          0   ROM Totals

==============================================================================

    Total RO  Size (Code + RO Data)                 2656 (   2.59kB)
    Total RW  Size (RW Data + ZI Data)              1640 (   1.60kB)
    Total ROM Size (Code + RO Data + RW Data)       2656 (   2.59kB)

==============================================================================

