Component: Arm Compiler for Embedded 6.19 Tool: armlink [5e73cb00]

==============================================================================

Section Cross References

    principal.o(.text.main) refers to myspi.o(i.MySPI_Init) for MySPI_Init
    principal.o(.text.main) refers to myspi.o(i.MySPI_Clear_NSS) for MySPI_Clear_NSS
    principal.o(.text.main) refers to myspi.o(i.MySPI_Send) for MySPI_Send
    principal.o(.text.main) refers to myspi.o(i.MySPI_Set_NSS) for MySPI_Set_NSS
    principal.o(.text.main) refers to myencoder.o(.text.Encoder_GPIO_Init) for Encoder_GPIO_Init
    principal.o(.text.main) refers to myencoder.o(.text.Encoder_Timer_Init) for Encoder_Timer_Init
    principal.o(.text.main) refers to mygpio.o(.text.MyGPIO_Init) for MyGPIO_Init
    principal.o(.text.main) refers to mygpio.o(.text.MyGPIO_Read) for MyGPIO_Read
    principal.o(.text.main) refers to mytimer.o(.text.MyTimer_Base_Init) for MyTimer_Base_Init
    principal.o(.text.main) refers to mytimer.o(.text.MyTimer_PWM) for MyTimer_PWM
    principal.o(.text.main) refers to myspi.o(i.MySPI_Read) for MySPI_Read
    principal.o(.text.main) refers to fflt_clz.o(x$fpl$fflt) for __aeabi_i2f
    principal.o(.text.main) refers to fdiv.o(x$fpl$fdiv) for __aeabi_fdiv
    principal.o(.text.main) refers to atanf.o(i.atanf) for atanf
    principal.o(.text.main) refers to fmul.o(x$fpl$fmul) for __aeabi_fmul
    principal.o(.text.main) refers to f2d.o(x$fpl$f2d) for __aeabi_f2d
    principal.o(.text.main) refers to ddiv.o(x$fpl$ddiv) for __aeabi_ddiv
    principal.o(.text.main) refers to daddsub_clz.o(x$fpl$dadd) for __aeabi_dadd
    principal.o(.text.main) refers to d2f.o(x$fpl$d2f) for __aeabi_d2f
    principal.o(.text.main) refers to fcmp.o(x$fpl$fcmp) for __aeabi_fcmplt
    principal.o(.text.main) refers to faddsub_clz.o(x$fpl$fadd) for __aeabi_fadd
    principal.o(.text.main) refers to myencoder.o(.text.MyTimer_Encoder_Read) for MyTimer_Encoder_Read
    principal.o(.text.main) refers to myencoder.o(.text.MyTimer_Encoder_Reset) for MyTimer_Encoder_Reset
    principal.o(.text.main) refers to mytimer.o(.text.MyTimer_SetDutyCycle) for MyTimer_SetDutyCycle
    principal.o(.ARM.exidx.text.main) refers to principal.o(.text.main) for [Anonymous Symbol]
    gpio.o(.text.GPIO) refers to mygpio.o(.text.MyGPIO_Init) for MyGPIO_Init
    gpio.o(.text.GPIO) refers to mygpio.o(.text.MyGPIO_Read) for MyGPIO_Read
    gpio.o(.text.GPIO) refers to mygpio.o(.text.MyGPIO_Set) for MyGPIO_Set
    gpio.o(.text.GPIO) refers to mygpio.o(.text.MyGPIO_Reset) for MyGPIO_Reset
    gpio.o(.ARM.exidx.text.GPIO) refers to gpio.o(.text.GPIO) for [Anonymous Symbol]
    timer.o(.ARM.exidx.text.delay) refers to timer.o(.text.delay) for [Anonymous Symbol]
    timer.o(.text.Timer) refers to mygpio.o(.text.MyGPIO_Init) for MyGPIO_Init
    timer.o(.text.Timer) refers to mytimer.o(.text.MyTimer_Base_Init) for MyTimer_Base_Init
    timer.o(.text.Timer) refers to mytimer.o(.text.MyTimer_PWM) for MyTimer_PWM
    timer.o(.text.Timer) refers to mytimer.o(.text.MyTimer_SetDutyCycle) for MyTimer_SetDutyCycle
    timer.o(.text.Timer) refers to timer.o(.text.delay) for delay
    timer.o(.ARM.exidx.text.Timer) refers to timer.o(.text.Timer) for [Anonymous Symbol]
    adc.o(.text.ADC) refers to mygpio.o(.text.MyGPIO_Init) for MyGPIO_Init
    adc.o(.text.ADC) refers to myadc.o(.text.configadc) for configadc
    adc.o(.text.ADC) refers to myadc.o(.text.convert_cont) for convert_cont
    adc.o(.text.ADC) refers to mytimer.o(.text.MyTimer_Base_Init) for MyTimer_Base_Init
    adc.o(.text.ADC) refers to mytimer.o(.text.MyTimer_PWM) for MyTimer_PWM
    adc.o(.text.ADC) refers to mytimer.o(.text.MyTimer_SetDutyCycle) for MyTimer_SetDutyCycle
    adc.o(.ARM.exidx.text.ADC) refers to adc.o(.text.ADC) for [Anonymous Symbol]
    mygpio.o(.ARM.exidx.text.MyGPIO_Init) refers to mygpio.o(.text.MyGPIO_Init) for [Anonymous Symbol]
    mygpio.o(.ARM.exidx.text.MyGPIO_Read) refers to mygpio.o(.text.MyGPIO_Read) for [Anonymous Symbol]
    mygpio.o(.ARM.exidx.text.MyGPIO_Set) refers to mygpio.o(.text.MyGPIO_Set) for [Anonymous Symbol]
    mygpio.o(.ARM.exidx.text.MyGPIO_Reset) refers to mygpio.o(.text.MyGPIO_Reset) for [Anonymous Symbol]
    mygpio.o(.ARM.exidx.text.MyGPIO_Toggle) refers to mygpio.o(.text.MyGPIO_Toggle) for [Anonymous Symbol]
    mytimer.o(.ARM.exidx.text.MyTimer_Base_Init) refers to mytimer.o(.text.MyTimer_Base_Init) for [Anonymous Symbol]
    mytimer.o(.text.TIM1_UP_IRQHandler) refers to mytimer.o(.bss.Timer_Callback) for Timer_Callback
    mytimer.o(.ARM.exidx.text.TIM1_UP_IRQHandler) refers to mytimer.o(.text.TIM1_UP_IRQHandler) for [Anonymous Symbol]
    mytimer.o(.text.TIM2_IRQHandler) refers to mytimer.o(.bss.Timer_Callback) for Timer_Callback
    mytimer.o(.ARM.exidx.text.TIM2_IRQHandler) refers to mytimer.o(.text.TIM2_IRQHandler) for [Anonymous Symbol]
    mytimer.o(.text.TIM3_IRQHandler) refers to mytimer.o(.bss.Timer_Callback) for Timer_Callback
    mytimer.o(.ARM.exidx.text.TIM3_IRQHandler) refers to mytimer.o(.text.TIM3_IRQHandler) for [Anonymous Symbol]
    mytimer.o(.text.TIM4_IRQHandler) refers to mytimer.o(.bss.Timer_Callback) for Timer_Callback
    mytimer.o(.ARM.exidx.text.TIM4_IRQHandler) refers to mytimer.o(.text.TIM4_IRQHandler) for [Anonymous Symbol]
    mytimer.o(.text.MyTimer_ActivateIT) refers to mytimer.o(.text.__NVIC_EnableIRQ) for __NVIC_EnableIRQ
    mytimer.o(.text.MyTimer_ActivateIT) refers to mytimer.o(.text.__NVIC_SetPriority) for __NVIC_SetPriority
    mytimer.o(.ARM.exidx.text.MyTimer_ActivateIT) refers to mytimer.o(.text.MyTimer_ActivateIT) for [Anonymous Symbol]
    mytimer.o(.ARM.exidx.text.__NVIC_EnableIRQ) refers to mytimer.o(.text.__NVIC_EnableIRQ) for [Anonymous Symbol]
    mytimer.o(.ARM.exidx.text.__NVIC_SetPriority) refers to mytimer.o(.text.__NVIC_SetPriority) for [Anonymous Symbol]
    mytimer.o(.text.MyTimer_ActivateIT1) refers to mytimer.o(.bss.Timer_Callback) for Timer_Callback
    mytimer.o(.text.MyTimer_ActivateIT1) refers to mytimer.o(.text.__NVIC_EnableIRQ) for __NVIC_EnableIRQ
    mytimer.o(.text.MyTimer_ActivateIT1) refers to mytimer.o(.text.__NVIC_SetPriority) for __NVIC_SetPriority
    mytimer.o(.ARM.exidx.text.MyTimer_ActivateIT1) refers to mytimer.o(.text.MyTimer_ActivateIT1) for [Anonymous Symbol]
    mytimer.o(.ARM.exidx.text.MyTimer_PWM) refers to mytimer.o(.text.MyTimer_PWM) for [Anonymous Symbol]
    mytimer.o(.ARM.exidx.text.MyTimer_SetDutyCycle) refers to mytimer.o(.text.MyTimer_SetDutyCycle) for [Anonymous Symbol]
    myadc.o(.ARM.exidx.text.configadc) refers to myadc.o(.text.configadc) for [Anonymous Symbol]
    myadc.o(.ARM.exidx.text.convert_single) refers to myadc.o(.text.convert_single) for [Anonymous Symbol]
    myadc.o(.ARM.exidx.text.convert_cont) refers to myadc.o(.text.convert_cont) for [Anonymous Symbol]
    myencoder.o(.text.Encoder_GPIO_Init) refers to mygpio.o(.text.MyGPIO_Init) for MyGPIO_Init
    myencoder.o(.ARM.exidx.text.Encoder_GPIO_Init) refers to myencoder.o(.text.Encoder_GPIO_Init) for [Anonymous Symbol]
    myencoder.o(.text.Encoder_Timer_Init) refers to mytimer.o(.text.MyTimer_Base_Init) for MyTimer_Base_Init
    myencoder.o(.ARM.exidx.text.Encoder_Timer_Init) refers to myencoder.o(.text.Encoder_Timer_Init) for [Anonymous Symbol]
    myencoder.o(.ARM.exidx.text.MyTimer_Encoder_Read) refers to myencoder.o(.text.MyTimer_Encoder_Read) for [Anonymous Symbol]
    myencoder.o(.ARM.exidx.text.MyTimer_Encoder_Reset) refers to myencoder.o(.text.MyTimer_Encoder_Reset) for [Anonymous Symbol]
    startup_stm32f10x_md.o(STACK) refers (Special) to heapauxi.o(.text) for __use_two_region_memory
    startup_stm32f10x_md.o(HEAP) refers (Special) to heapauxi.o(.text) for __use_two_region_memory
    startup_stm32f10x_md.o(RESET) refers (Special) to heapauxi.o(.text) for __use_two_region_memory
    startup_stm32f10x_md.o(RESET) refers to startup_stm32f10x_md.o(STACK) for __initial_sp
    startup_stm32f10x_md.o(RESET) refers to startup_stm32f10x_md.o(.text) for Reset_Handler
    startup_stm32f10x_md.o(RESET) refers to mytimer.o(.text.TIM1_UP_IRQHandler) for TIM1_UP_IRQHandler
    startup_stm32f10x_md.o(RESET) refers to mytimer.o(.text.TIM2_IRQHandler) for TIM2_IRQHandler
    startup_stm32f10x_md.o(RESET) refers to mytimer.o(.text.TIM3_IRQHandler) for TIM3_IRQHandler
    startup_stm32f10x_md.o(RESET) refers to mytimer.o(.text.TIM4_IRQHandler) for TIM4_IRQHandler
    startup_stm32f10x_md.o(.text) refers (Special) to heapauxi.o(.text) for __use_two_region_memory
    startup_stm32f10x_md.o(.text) refers to system_stm32f10x.o(.text.SystemInit) for SystemInit
    startup_stm32f10x_md.o(.text) refers to __main.o(!!!main) for __main
    startup_stm32f10x_md.o(.text) refers to startup_stm32f10x_md.o(HEAP) for Heap_Mem
    startup_stm32f10x_md.o(.text) refers to startup_stm32f10x_md.o(STACK) for Stack_Mem
    system_stm32f10x.o(.text.SystemInit) refers to system_stm32f10x.o(.text.SetSysClock) for SetSysClock
    system_stm32f10x.o(.ARM.exidx.text.SystemInit) refers to system_stm32f10x.o(.text.SystemInit) for [Anonymous Symbol]
    system_stm32f10x.o(.text.SetSysClock) refers to system_stm32f10x.o(.text.SetSysClockTo72) for SetSysClockTo72
    system_stm32f10x.o(.ARM.exidx.text.SetSysClock) refers to system_stm32f10x.o(.text.SetSysClock) for [Anonymous Symbol]
    system_stm32f10x.o(.text.SystemCoreClockUpdate) refers to system_stm32f10x.o(.data.SystemCoreClock) for SystemCoreClock
    system_stm32f10x.o(.text.SystemCoreClockUpdate) refers to system_stm32f10x.o(.rodata.AHBPrescTable) for AHBPrescTable
    system_stm32f10x.o(.ARM.exidx.text.SystemCoreClockUpdate) refers to system_stm32f10x.o(.text.SystemCoreClockUpdate) for [Anonymous Symbol]
    system_stm32f10x.o(.ARM.exidx.text.SetSysClockTo72) refers to system_stm32f10x.o(.text.SetSysClockTo72) for [Anonymous Symbol]
    myspi.o(i.MySPI_Clear_NSS) refers to myspi.o(.data) for ActiveSPI
    myspi.o(i.MySPI_Init) refers to myspi.o(i.MySPI_Set_NSS) for MySPI_Set_NSS
    myspi.o(i.MySPI_Init) refers to myspi.o(.data) for ActiveSPI
    myspi.o(i.MySPI_Read) refers to myspi.o(.data) for ActiveSPI
    myspi.o(i.MySPI_Send) refers to myspi.o(.data) for ActiveSPI
    myspi.o(i.MySPI_Set_NSS) refers to myspi.o(.data) for ActiveSPI
    __main.o(!!!main) refers to __rtentry.o(.ARM.Collect$$rtentry$$00000000) for __rt_entry
    d2f.o(x$fpl$d2f) refers (Special) to usenofp.o(x$fpl$usenofp) for __I$use$fp
    d2f.o(x$fpl$d2f) refers to fretinf.o(x$fpl$fretinf) for __fpl_fretinf
    d2f.o(x$fpl$d2f) refers to dnaninf.o(x$fpl$dnaninf) for __fpl_dnaninf
    daddsub_clz.o(x$fpl$dadd) refers (Special) to usenofp.o(x$fpl$usenofp) for __I$use$fp
    daddsub_clz.o(x$fpl$dadd) refers to daddsub_clz.o(x$fpl$dsub) for _dsub1
    daddsub_clz.o(x$fpl$dadd) refers to dretinf.o(x$fpl$dretinf) for __fpl_dretinf
    daddsub_clz.o(x$fpl$dadd) refers to dnaninf.o(x$fpl$dnaninf) for __fpl_dnaninf
    daddsub_clz.o(x$fpl$drsb) refers (Special) to usenofp.o(x$fpl$usenofp) for __I$use$fp
    daddsub_clz.o(x$fpl$drsb) refers to daddsub_clz.o(x$fpl$dadd) for _dadd1
    daddsub_clz.o(x$fpl$drsb) refers to daddsub_clz.o(x$fpl$dsub) for _dsub1
    daddsub_clz.o(x$fpl$dsub) refers (Special) to usenofp.o(x$fpl$usenofp) for __I$use$fp
    daddsub_clz.o(x$fpl$dsub) refers to daddsub_clz.o(x$fpl$dadd) for _dadd1
    daddsub_clz.o(x$fpl$dsub) refers to dnaninf.o(x$fpl$dnaninf) for __fpl_dnaninf
    ddiv.o(x$fpl$drdiv) refers (Special) to usenofp.o(x$fpl$usenofp) for __I$use$fp
    ddiv.o(x$fpl$drdiv) refers to ddiv.o(x$fpl$ddiv) for ddiv_entry
    ddiv.o(x$fpl$ddiv) refers (Special) to usenofp.o(x$fpl$usenofp) for __I$use$fp
    ddiv.o(x$fpl$ddiv) refers to dretinf.o(x$fpl$dretinf) for __fpl_dretinf
    ddiv.o(x$fpl$ddiv) refers to dnaninf.o(x$fpl$dnaninf) for __fpl_dnaninf
    f2d.o(x$fpl$f2d) refers (Special) to usenofp.o(x$fpl$usenofp) for __I$use$fp
    f2d.o(x$fpl$f2d) refers to fnaninf.o(x$fpl$fnaninf) for __fpl_fnaninf
    f2d.o(x$fpl$f2d) refers to dretinf.o(x$fpl$dretinf) for __fpl_dretinf
    faddsub_clz.o(x$fpl$fadd) refers (Special) to usenofp.o(x$fpl$usenofp) for __I$use$fp
    faddsub_clz.o(x$fpl$fadd) refers to faddsub_clz.o(x$fpl$fsub) for _fsub1
    faddsub_clz.o(x$fpl$fadd) refers to fretinf.o(x$fpl$fretinf) for __fpl_fretinf
    faddsub_clz.o(x$fpl$fadd) refers to fnaninf.o(x$fpl$fnaninf) for __fpl_fnaninf
    faddsub_clz.o(x$fpl$frsb) refers (Special) to usenofp.o(x$fpl$usenofp) for __I$use$fp
    faddsub_clz.o(x$fpl$frsb) refers to faddsub_clz.o(x$fpl$fadd) for _fadd1
    faddsub_clz.o(x$fpl$frsb) refers to faddsub_clz.o(x$fpl$fsub) for _fsub1
    faddsub_clz.o(x$fpl$fsub) refers (Special) to usenofp.o(x$fpl$usenofp) for __I$use$fp
    faddsub_clz.o(x$fpl$fsub) refers to faddsub_clz.o(x$fpl$fadd) for _fadd1
    faddsub_clz.o(x$fpl$fsub) refers to fnaninf.o(x$fpl$fnaninf) for __fpl_fnaninf
    fcmp.o(x$fpl$fcmp) refers (Special) to usenofp.o(x$fpl$usenofp) for __I$use$fp
    fcmp.o(x$fpl$fcmp) refers to feqf.o(x$fpl$feqf) for _fcmpeq
    fcmp.o(x$fpl$fcmp) refers to fgeqf.o(x$fpl$fgeqf) for _fcmpge
    fcmp.o(x$fpl$fcmp) refers to fleqf.o(x$fpl$fleqf) for _fcmple
    fdiv.o(x$fpl$frdiv) refers (Special) to usenofp.o(x$fpl$usenofp) for __I$use$fp
    fdiv.o(x$fpl$frdiv) refers to fdiv.o(x$fpl$fdiv) for _fdiv1
    fdiv.o(x$fpl$fdiv) refers (Special) to usenofp.o(x$fpl$usenofp) for __I$use$fp
    fdiv.o(x$fpl$fdiv) refers to fretinf.o(x$fpl$fretinf) for __fpl_fretinf
    fdiv.o(x$fpl$fdiv) refers to fnaninf.o(x$fpl$fnaninf) for __fpl_fnaninf
    fflt_clz.o(x$fpl$ffltu) refers (Special) to usenofp.o(x$fpl$usenofp) for __I$use$fp
    fflt_clz.o(x$fpl$fflt) refers (Special) to usenofp.o(x$fpl$usenofp) for __I$use$fp
    fflt_clz.o(x$fpl$ffltn) refers (Special) to usenofp.o(x$fpl$usenofp) for __I$use$fp
    fmul.o(x$fpl$fmul) refers (Special) to usenofp.o(x$fpl$usenofp) for __I$use$fp
    fmul.o(x$fpl$fmul) refers to fretinf.o(x$fpl$fretinf) for __fpl_fretinf
    fmul.o(x$fpl$fmul) refers to fnaninf.o(x$fpl$fnaninf) for __fpl_fnaninf
    atanf.o(i.__softfp_atanf) refers (Special) to usenofp.o(x$fpl$usenofp) for __I$use$fp
    atanf.o(i.__softfp_atanf) refers to atanf.o(i.atanf) for atanf
    atanf.o(i.atanf) refers (Special) to usenofp.o(x$fpl$usenofp) for __I$use$fp
    atanf.o(i.atanf) refers to fdiv.o(x$fpl$fdiv) for __aeabi_fdiv
    atanf.o(i.atanf) refers to faddsub_clz.o(x$fpl$fsub) for __aeabi_fsub
    atanf.o(i.atanf) refers to faddsub_clz.o(x$fpl$fadd) for __aeabi_fadd
    atanf.o(i.atanf) refers to fmul.o(x$fpl$fmul) for __aeabi_fmul
    atanf.o(i.atanf) refers to fpclassifyf.o(i.__ARM_fpclassifyf) for __ARM_fpclassifyf
    atanf.o(i.atanf) refers to funder.o(i.__mathlib_flt_underflow) for __mathlib_flt_underflow
    atanf.o(i.atanf) refers to funder.o(i.__mathlib_flt_infnan) for __mathlib_flt_infnan
    __rtentry.o(.ARM.Collect$$rtentry$$00000000) refers (Special) to __rtentry2.o(.ARM.Collect$$rtentry$$0000000A) for __rt_entry_li
    __rtentry.o(.ARM.Collect$$rtentry$$00000000) refers (Special) to __rtentry2.o(.ARM.Collect$$rtentry$$0000000D) for __rt_entry_main
    __rtentry.o(.ARM.Collect$$rtentry$$00000000) refers (Special) to __rtentry2.o(.ARM.Collect$$rtentry$$0000000C) for __rt_entry_postli_1
    __rtentry.o(.ARM.Collect$$rtentry$$00000000) refers (Special) to __rtentry2.o(.ARM.Collect$$rtentry$$00000009) for __rt_entry_postsh_1
    __rtentry.o(.ARM.Collect$$rtentry$$00000000) refers (Special) to __rtentry2.o(.ARM.Collect$$rtentry$$00000002) for __rt_entry_presh_1
    __rtentry.o(.ARM.Collect$$rtentry$$00000000) refers (Special) to __rtentry4.o(.ARM.Collect$$rtentry$$00000004) for __rt_entry_sh
    dnaninf.o(x$fpl$dnaninf) refers (Special) to usenofp.o(x$fpl$usenofp) for __I$use$fp
    dretinf.o(x$fpl$dretinf) refers (Special) to usenofp.o(x$fpl$usenofp) for __I$use$fp
    feqf.o(x$fpl$feqf) refers (Special) to usenofp.o(x$fpl$usenofp) for __I$use$fp
    feqf.o(x$fpl$feqf) refers to fnaninf.o(x$fpl$fnaninf) for __fpl_fnaninf
    feqf.o(x$fpl$feqf) refers to fcmpi.o(x$fpl$fcmpinf) for __fpl_fcmp_Inf
    fgeqf.o(x$fpl$fgeqf) refers (Special) to usenofp.o(x$fpl$usenofp) for __I$use$fp
    fgeqf.o(x$fpl$fgeqf) refers to fnaninf.o(x$fpl$fnaninf) for __fpl_fnaninf
    fgeqf.o(x$fpl$fgeqf) refers to fcmpi.o(x$fpl$fcmpinf) for __fpl_fcmp_Inf
    fleqf.o(x$fpl$fleqf) refers (Special) to usenofp.o(x$fpl$usenofp) for __I$use$fp
    fleqf.o(x$fpl$fleqf) refers to fnaninf.o(x$fpl$fnaninf) for __fpl_fnaninf
    fleqf.o(x$fpl$fleqf) refers to fcmpi.o(x$fpl$fcmpinf) for __fpl_fcmp_Inf
    fnaninf.o(x$fpl$fnaninf) refers (Special) to usenofp.o(x$fpl$usenofp) for __I$use$fp
    fretinf.o(x$fpl$fretinf) refers (Special) to usenofp.o(x$fpl$usenofp) for __I$use$fp
    fpclassifyf.o(i.__ARM_fpclassifyf) refers (Special) to usenofp.o(x$fpl$usenofp) for __I$use$fp
    funder.o(i.__mathlib_flt_divzero) refers to fdiv.o(x$fpl$fdiv) for __aeabi_fdiv
    funder.o(i.__mathlib_flt_infnan) refers to scalbnf.o(x$fpl$scalbnf) for __ARM_scalbnf
    funder.o(i.__mathlib_flt_infnan2) refers to faddsub_clz.o(x$fpl$fadd) for __aeabi_fadd
    funder.o(i.__mathlib_flt_invalid) refers to fdiv.o(x$fpl$fdiv) for __aeabi_fdiv
    funder.o(i.__mathlib_flt_overflow) refers to scalbnf.o(x$fpl$scalbnf) for __ARM_scalbnf
    funder.o(i.__mathlib_flt_posinfnan) refers to fmul.o(x$fpl$fmul) for __aeabi_fmul
    funder.o(i.__mathlib_flt_underflow) refers to scalbnf.o(x$fpl$scalbnf) for __ARM_scalbnf
    __rtentry2.o(.ARM.Collect$$rtentry$$00000008) refers to boardinit2.o(.text) for _platform_post_stackheap_init
    __rtentry2.o(.ARM.Collect$$rtentry$$0000000A) refers to libinit.o(.ARM.Collect$$libinit$$00000000) for __rt_lib_init
    __rtentry2.o(.ARM.Collect$$rtentry$$0000000B) refers to boardinit3.o(.text) for _platform_post_lib_init
    __rtentry2.o(.ARM.Collect$$rtentry$$0000000D) refers to principal.o(.text.main) for main
    __rtentry2.o(.ARM.Collect$$rtentry$$0000000D) refers to exit.o(.text) for exit
    __rtentry2.o(.ARM.exidx) refers to __rtentry2.o(.ARM.Collect$$rtentry$$00000001) for .ARM.Collect$$rtentry$$00000001
    __rtentry2.o(.ARM.exidx) refers to __rtentry2.o(.ARM.Collect$$rtentry$$00000008) for .ARM.Collect$$rtentry$$00000008
    __rtentry2.o(.ARM.exidx) refers to __rtentry2.o(.ARM.Collect$$rtentry$$0000000A) for .ARM.Collect$$rtentry$$0000000A
    __rtentry2.o(.ARM.exidx) refers to __rtentry2.o(.ARM.Collect$$rtentry$$0000000B) for .ARM.Collect$$rtentry$$0000000B
    __rtentry2.o(.ARM.exidx) refers to __rtentry2.o(.ARM.Collect$$rtentry$$0000000D) for .ARM.Collect$$rtentry$$0000000D
    __rtentry4.o(.ARM.Collect$$rtentry$$00000004) refers to sys_stackheap_outer.o(.text) for __user_setup_stackheap
    __rtentry4.o(.ARM.exidx) refers to __rtentry4.o(.ARM.Collect$$rtentry$$00000004) for .ARM.Collect$$rtentry$$00000004
    fcmpi.o(x$fpl$fcmpinf) refers (Special) to usenofp.o(x$fpl$usenofp) for __I$use$fp
    scalbnf.o(x$fpl$scalbnf) refers (Special) to usenofp.o(x$fpl$usenofp) for __I$use$fp
    scalbnf.o(x$fpl$scalbnf) refers to fcheck1.o(x$fpl$fcheck1) for __fpl_fcheck_NaN1
    sys_stackheap_outer.o(.text) refers to libspace.o(.text) for __user_perproc_libspace
    sys_stackheap_outer.o(.text) refers to startup_stm32f10x_md.o(.text) for __user_initial_stackheap
    exit.o(.text) refers to rtexit.o(.ARM.Collect$$rtexit$$00000000) for __rt_exit
    libinit.o(.ARM.Collect$$libinit$$00000000) refers (Special) to libinit2.o(.ARM.Collect$$libinit$$00000030) for __rt_lib_init_alloca_1
    libinit.o(.ARM.Collect$$libinit$$00000000) refers (Special) to libinit2.o(.ARM.Collect$$libinit$$0000002E) for __rt_lib_init_argv_1
    libinit.o(.ARM.Collect$$libinit$$00000000) refers (Special) to libinit2.o(.ARM.Collect$$libinit$$0000001D) for __rt_lib_init_atexit_1
    libinit.o(.ARM.Collect$$libinit$$00000000) refers (Special) to libinit2.o(.ARM.Collect$$libinit$$00000023) for __rt_lib_init_clock_1
    libinit.o(.ARM.Collect$$libinit$$00000000) refers (Special) to libinit2.o(.ARM.Collect$$libinit$$00000034) for __rt_lib_init_cpp_1
    libinit.o(.ARM.Collect$$libinit$$00000000) refers (Special) to libinit2.o(.ARM.Collect$$libinit$$00000032) for __rt_lib_init_exceptions_1
    libinit.o(.ARM.Collect$$libinit$$00000000) refers (Special) to libinit2.o(.ARM.Collect$$libinit$$00000002) for __rt_lib_init_fp_1
    libinit.o(.ARM.Collect$$libinit$$00000000) refers (Special) to libinit2.o(.ARM.Collect$$libinit$$00000021) for __rt_lib_init_fp_trap_1
    libinit.o(.ARM.Collect$$libinit$$00000000) refers (Special) to libinit2.o(.ARM.Collect$$libinit$$00000025) for __rt_lib_init_getenv_1
    libinit.o(.ARM.Collect$$libinit$$00000000) refers (Special) to libinit2.o(.ARM.Collect$$libinit$$0000000C) for __rt_lib_init_heap_1
    libinit.o(.ARM.Collect$$libinit$$00000000) refers (Special) to libinit2.o(.ARM.Collect$$libinit$$00000013) for __rt_lib_init_lc_collate_1
    libinit.o(.ARM.Collect$$libinit$$00000000) refers (Special) to libinit2.o(.ARM.Collect$$libinit$$00000015) for __rt_lib_init_lc_ctype_1
    libinit.o(.ARM.Collect$$libinit$$00000000) refers (Special) to libinit2.o(.ARM.Collect$$libinit$$00000017) for __rt_lib_init_lc_monetary_1
    libinit.o(.ARM.Collect$$libinit$$00000000) refers (Special) to libinit2.o(.ARM.Collect$$libinit$$00000019) for __rt_lib_init_lc_numeric_1
    libinit.o(.ARM.Collect$$libinit$$00000000) refers (Special) to libinit2.o(.ARM.Collect$$libinit$$0000001B) for __rt_lib_init_lc_time_1
    libinit.o(.ARM.Collect$$libinit$$00000000) refers (Special) to libinit2.o(.ARM.Collect$$libinit$$00000006) for __rt_lib_init_preinit_1
    libinit.o(.ARM.Collect$$libinit$$00000000) refers (Special) to libinit2.o(.ARM.Collect$$libinit$$00000010) for __rt_lib_init_rand_1
    libinit.o(.ARM.Collect$$libinit$$00000000) refers (Special) to libinit2.o(.ARM.Collect$$libinit$$00000004) for __rt_lib_init_relocate_pie_1
    libinit.o(.ARM.Collect$$libinit$$00000000) refers (Special) to libinit2.o(.ARM.Collect$$libinit$$00000035) for __rt_lib_init_return
    libinit.o(.ARM.Collect$$libinit$$00000000) refers (Special) to libinit2.o(.ARM.Collect$$libinit$$0000001F) for __rt_lib_init_signal_1
    libinit.o(.ARM.Collect$$libinit$$00000000) refers (Special) to libinit2.o(.ARM.Collect$$libinit$$00000027) for __rt_lib_init_stdio_1
    libinit.o(.ARM.Collect$$libinit$$00000000) refers (Special) to libinit2.o(.ARM.Collect$$libinit$$0000000E) for __rt_lib_init_user_alloc_1
    fcheck1.o(x$fpl$fcheck1) refers (Special) to usenofp.o(x$fpl$usenofp) for __I$use$fp
    fcheck1.o(x$fpl$fcheck1) refers to retnan.o(x$fpl$retnan) for __fpl_return_NaN
    libspace.o(.text) refers to libspace.o(.bss) for __libspace_start
    rtexit.o(.ARM.Collect$$rtexit$$00000000) refers (Special) to rtexit2.o(.ARM.Collect$$rtexit$$00000004) for __rt_exit_exit
    rtexit.o(.ARM.Collect$$rtexit$$00000000) refers (Special) to rtexit2.o(.ARM.Collect$$rtexit$$00000003) for __rt_exit_ls
    rtexit.o(.ARM.Collect$$rtexit$$00000000) refers (Special) to rtexit2.o(.ARM.Collect$$rtexit$$00000002) for __rt_exit_prels_1
    rtexit.o(.ARM.exidx) refers (Special) to rtexit2.o(.ARM.Collect$$rtexit$$00000004) for __rt_exit_exit
    rtexit.o(.ARM.exidx) refers (Special) to rtexit2.o(.ARM.Collect$$rtexit$$00000003) for __rt_exit_ls
    rtexit.o(.ARM.exidx) refers (Special) to rtexit2.o(.ARM.Collect$$rtexit$$00000002) for __rt_exit_prels_1
    rtexit.o(.ARM.exidx) refers to rtexit.o(.ARM.Collect$$rtexit$$00000000) for .ARM.Collect$$rtexit$$00000000
    libinit2.o(.ARM.Collect$$libinit$$00000012) refers to libinit2.o(.ARM.Collect$$libinit$$00000011) for .ARM.Collect$$libinit$$00000011
    libinit2.o(.ARM.Collect$$libinit$$00000014) refers to libinit2.o(.ARM.Collect$$libinit$$00000011) for .ARM.Collect$$libinit$$00000011
    libinit2.o(.ARM.Collect$$libinit$$00000016) refers to libinit2.o(.ARM.Collect$$libinit$$00000011) for .ARM.Collect$$libinit$$00000011
    libinit2.o(.ARM.Collect$$libinit$$00000018) refers to libinit2.o(.ARM.Collect$$libinit$$00000011) for .ARM.Collect$$libinit$$00000011
    libinit2.o(.ARM.Collect$$libinit$$0000001A) refers to libinit2.o(.ARM.Collect$$libinit$$00000011) for .ARM.Collect$$libinit$$00000011
    libinit2.o(.ARM.Collect$$libinit$$00000028) refers to argv_veneer.o(.emb_text) for __ARM_argv_veneer
    libinit2.o(.ARM.Collect$$libinit$$00000029) refers to argv_veneer.o(.emb_text) for __ARM_argv_veneer
    retnan.o(x$fpl$retnan) refers (Special) to usenofp.o(x$fpl$usenofp) for __I$use$fp
    retnan.o(x$fpl$retnan) refers to trapv.o(x$fpl$trapveneer) for __fpl_cmpreturn
    rtexit2.o(.ARM.Collect$$rtexit$$00000003) refers to libshutdown.o(.ARM.Collect$$libshutdown$$00000000) for __rt_lib_shutdown
    rtexit2.o(.ARM.Collect$$rtexit$$00000004) refers to sys_exit.o(.text) for _sys_exit
    rtexit2.o(.ARM.exidx) refers to rtexit2.o(.ARM.Collect$$rtexit$$00000001) for .ARM.Collect$$rtexit$$00000001
    rtexit2.o(.ARM.exidx) refers to rtexit2.o(.ARM.Collect$$rtexit$$00000003) for .ARM.Collect$$rtexit$$00000003
    rtexit2.o(.ARM.exidx) refers to rtexit2.o(.ARM.Collect$$rtexit$$00000004) for .ARM.Collect$$rtexit$$00000004
    argv_veneer.o(.emb_text) refers to no_argv.o(.text) for __ARM_get_argv
    trapv.o(x$fpl$trapveneer) refers (Special) to usenofp.o(x$fpl$usenofp) for __I$use$fp
    sys_exit.o(.text) refers (Special) to use_no_semi.o(.text) for __I$use$semihosting
    sys_exit.o(.text) refers (Special) to indicate_semi.o(.text) for __semihosting_library_function
    sys_exit_hlt.o(.text) refers (Special) to use_no_semi.o(.text) for __I$use$semihosting
    sys_exit_hlt.o(.text) refers (Special) to indicate_semi.o(.text) for __semihosting_library_function
    _get_argv_nomalloc.o(.text) refers (Special) to hrguard.o(.text) for __heap_region$guard
    _get_argv_nomalloc.o(.text) refers to defsig_rtmem_outer.o(.text) for __rt_SIGRTMEM
    _get_argv_nomalloc.o(.text) refers to sys_command.o(.text) for _sys_command_string
    libshutdown.o(.ARM.Collect$$libshutdown$$00000000) refers (Special) to libshutdown2.o(.ARM.Collect$$libshutdown$$00000002) for __rt_lib_shutdown_cpp_1
    libshutdown.o(.ARM.Collect$$libshutdown$$00000000) refers (Special) to libshutdown2.o(.ARM.Collect$$libshutdown$$00000007) for __rt_lib_shutdown_fp_trap_1
    libshutdown.o(.ARM.Collect$$libshutdown$$00000000) refers (Special) to libshutdown2.o(.ARM.Collect$$libshutdown$$0000000F) for __rt_lib_shutdown_heap_1
    libshutdown.o(.ARM.Collect$$libshutdown$$00000000) refers (Special) to libshutdown2.o(.ARM.Collect$$libshutdown$$00000010) for __rt_lib_shutdown_return
    libshutdown.o(.ARM.Collect$$libshutdown$$00000000) refers (Special) to libshutdown2.o(.ARM.Collect$$libshutdown$$0000000A) for __rt_lib_shutdown_signal_1
    libshutdown.o(.ARM.Collect$$libshutdown$$00000000) refers (Special) to libshutdown2.o(.ARM.Collect$$libshutdown$$00000004) for __rt_lib_shutdown_stdio_1
    libshutdown.o(.ARM.Collect$$libshutdown$$00000000) refers (Special) to libshutdown2.o(.ARM.Collect$$libshutdown$$0000000C) for __rt_lib_shutdown_user_alloc_1
    sys_command.o(.text) refers (Special) to use_no_semi.o(.text) for __I$use$semihosting
    sys_command.o(.text) refers (Special) to indicate_semi.o(.text) for __semihosting_library_function
    sys_command_hlt.o(.text) refers (Special) to use_no_semi.o(.text) for __I$use$semihosting
    sys_command_hlt.o(.text) refers (Special) to indicate_semi.o(.text) for __semihosting_library_function
    defsig_rtmem_outer.o(.text) refers to defsig_rtmem_inner.o(.text) for __rt_SIGRTMEM_inner
    defsig_rtmem_outer.o(.text) refers to defsig_exit.o(.text) for __sig_exit
    defsig_rtmem_formal.o(.text) refers to rt_raise.o(.text) for __rt_raise
    rt_raise.o(.text) refers to __raise.o(.text) for __raise
    rt_raise.o(.text) refers to sys_exit.o(.text) for _sys_exit
    defsig_exit.o(.text) refers to sys_exit.o(.text) for _sys_exit
    defsig_rtmem_inner.o(.text) refers to defsig_general.o(.text) for __default_signal_display
    __raise.o(.text) refers to defsig.o(CL$$defsig) for __default_signal_handler
    defsig_general.o(.text) refers to sys_wrch.o(.text) for _ttywrch
    sys_wrch.o(.text) refers (Special) to use_no_semi.o(.text) for __I$use$semihosting
    sys_wrch.o(.text) refers (Special) to indicate_semi.o(.text) for __semihosting_library_function
    sys_wrch_hlt.o(.text) refers (Special) to use_no_semi.o(.text) for __I$use$semihosting
    sys_wrch_hlt.o(.text) refers (Special) to indicate_semi.o(.text) for __semihosting_library_function
    defsig.o(CL$$defsig) refers to defsig_rtmem_inner.o(.text) for __rt_SIGRTMEM_inner
    defsig_abrt_inner.o(.text) refers to defsig_general.o(.text) for __default_signal_display
    defsig_fpe_inner.o(.text) refers to defsig_general.o(.text) for __default_signal_display
    defsig_rtred_inner.o(.text) refers to defsig_general.o(.text) for __default_signal_display
    defsig_stak_inner.o(.text) refers to defsig_general.o(.text) for __default_signal_display
    defsig_pvfn_inner.o(.text) refers to defsig_general.o(.text) for __default_signal_display
    defsig_cppl_inner.o(.text) refers to defsig_general.o(.text) for __default_signal_display
    defsig_segv_inner.o(.text) refers to defsig_general.o(.text) for __default_signal_display
    defsig_other.o(.text) refers to defsig_general.o(.text) for __default_signal_display


==============================================================================

Removing Unused input sections from the image.

    Removing principal.o(.text), (0 bytes).
    Removing principal.o(.ARM.exidx.text.main), (8 bytes).
    Removing principal.o(.ARM.use_no_argv), (4 bytes).
    Removing gpio.o(.text), (0 bytes).
    Removing gpio.o(.text.GPIO), (102 bytes).
    Removing gpio.o(.ARM.exidx.text.GPIO), (8 bytes).
    Removing timer.o(.text), (0 bytes).
    Removing timer.o(.text.delay), (22 bytes).
    Removing timer.o(.ARM.exidx.text.delay), (8 bytes).
    Removing timer.o(.text.Timer), (184 bytes).
    Removing timer.o(.ARM.exidx.text.Timer), (8 bytes).
    Removing adc.o(.text), (0 bytes).
    Removing adc.o(.text.ADC), (168 bytes).
    Removing adc.o(.ARM.exidx.text.ADC), (8 bytes).
    Removing mygpio.o(.text), (0 bytes).
    Removing mygpio.o(.ARM.exidx.text.MyGPIO_Init), (8 bytes).
    Removing mygpio.o(.ARM.exidx.text.MyGPIO_Read), (8 bytes).
    Removing mygpio.o(.text.MyGPIO_Set), (24 bytes).
    Removing mygpio.o(.ARM.exidx.text.MyGPIO_Set), (8 bytes).
    Removing mygpio.o(.text.MyGPIO_Reset), (24 bytes).
    Removing mygpio.o(.ARM.exidx.text.MyGPIO_Reset), (8 bytes).
    Removing mygpio.o(.text.MyGPIO_Toggle), (30 bytes).
    Removing mygpio.o(.ARM.exidx.text.MyGPIO_Toggle), (8 bytes).
    Removing mytimer.o(.text), (0 bytes).
    Removing mytimer.o(.ARM.exidx.text.MyTimer_Base_Init), (8 bytes).
    Removing mytimer.o(.ARM.exidx.text.TIM1_UP_IRQHandler), (8 bytes).
    Removing mytimer.o(.ARM.exidx.text.TIM2_IRQHandler), (8 bytes).
    Removing mytimer.o(.ARM.exidx.text.TIM3_IRQHandler), (8 bytes).
    Removing mytimer.o(.ARM.exidx.text.TIM4_IRQHandler), (8 bytes).
    Removing mytimer.o(.text.MyTimer_ActivateIT), (214 bytes).
    Removing mytimer.o(.ARM.exidx.text.MyTimer_ActivateIT), (8 bytes).
    Removing mytimer.o(.text.__NVIC_EnableIRQ), (48 bytes).
    Removing mytimer.o(.ARM.exidx.text.__NVIC_EnableIRQ), (8 bytes).
    Removing mytimer.o(.text.__NVIC_SetPriority), (66 bytes).
    Removing mytimer.o(.ARM.exidx.text.__NVIC_SetPriority), (8 bytes).
    Removing mytimer.o(.text.MyTimer_ActivateIT1), (228 bytes).
    Removing mytimer.o(.ARM.exidx.text.MyTimer_ActivateIT1), (8 bytes).
    Removing mytimer.o(.ARM.exidx.text.MyTimer_PWM), (8 bytes).
    Removing mytimer.o(.ARM.exidx.text.MyTimer_SetDutyCycle), (8 bytes).
    Removing myadc.o(.text), (0 bytes).
    Removing myadc.o(.text.configadc), (118 bytes).
    Removing myadc.o(.ARM.exidx.text.configadc), (8 bytes).
    Removing myadc.o(.text.convert_single), (70 bytes).
    Removing myadc.o(.ARM.exidx.text.convert_single), (8 bytes).
    Removing myadc.o(.text.convert_cont), (78 bytes).
    Removing myadc.o(.ARM.exidx.text.convert_cont), (8 bytes).
    Removing myencoder.o(.text), (0 bytes).
    Removing myencoder.o(.ARM.exidx.text.Encoder_GPIO_Init), (8 bytes).
    Removing myencoder.o(.ARM.exidx.text.Encoder_Timer_Init), (8 bytes).
    Removing myencoder.o(.ARM.exidx.text.MyTimer_Encoder_Read), (8 bytes).
    Removing myencoder.o(.ARM.exidx.text.MyTimer_Encoder_Reset), (8 bytes).
    Removing system_stm32f10x.o(.text), (0 bytes).
    Removing system_stm32f10x.o(.ARM.exidx.text.SystemInit), (8 bytes).
    Removing system_stm32f10x.o(.ARM.exidx.text.SetSysClock), (8 bytes).
    Removing system_stm32f10x.o(.text.SystemCoreClockUpdate), (290 bytes).
    Removing system_stm32f10x.o(.ARM.exidx.text.SystemCoreClockUpdate), (8 bytes).
    Removing system_stm32f10x.o(.ARM.exidx.text.SetSysClockTo72), (8 bytes).
    Removing system_stm32f10x.o(.data.SystemCoreClock), (4 bytes).
    Removing system_stm32f10x.o(.rodata.AHBPrescTable), (16 bytes).
    Removing myspi.o(.rev16_text), (4 bytes).
    Removing myspi.o(.revsh_text), (4 bytes).
    Removing myspi.o(.rrx_text), (6 bytes).

62 unused section(s) (total 1960 bytes) removed from the image.

==============================================================================

Image Symbol Table

    Local Symbols

    Symbol Name                              Value     Ov Type        Size  Object(Section)

    ../clib/angel/boardlib.s                 0x00000000   Number         0  boardinit1.o ABSOLUTE
    ../clib/angel/boardlib.s                 0x00000000   Number         0  boardinit2.o ABSOLUTE
    ../clib/angel/boardlib.s                 0x00000000   Number         0  boardinit3.o ABSOLUTE
    ../clib/angel/boardlib.s                 0x00000000   Number         0  boardshut.o ABSOLUTE
    ../clib/angel/handlers.s                 0x00000000   Number         0  __scatter_copy.o ABSOLUTE
    ../clib/angel/handlers.s                 0x00000000   Number         0  __scatter_zi.o ABSOLUTE
    ../clib/angel/kernel.s                   0x00000000   Number         0  __rtentry.o ABSOLUTE
    ../clib/angel/kernel.s                   0x00000000   Number         0  __rtentry2.o ABSOLUTE
    ../clib/angel/kernel.s                   0x00000000   Number         0  __rtentry4.o ABSOLUTE
    ../clib/angel/kernel.s                   0x00000000   Number         0  rtexit.o ABSOLUTE
    ../clib/angel/kernel.s                   0x00000000   Number         0  rtexit2.o ABSOLUTE
    ../clib/angel/rt.s                       0x00000000   Number         0  rt_raise.o ABSOLUTE
    ../clib/angel/scatter.s                  0x00000000   Number         0  __scatter.o ABSOLUTE
    ../clib/angel/startup.s                  0x00000000   Number         0  __main.o ABSOLUTE
    ../clib/angel/sys.s                      0x00000000   Number         0  sys_stackheap_outer.o ABSOLUTE
    ../clib/angel/sys.s                      0x00000000   Number         0  libspace.o ABSOLUTE
    ../clib/angel/sys.s                      0x00000000   Number         0  use_no_semi.o ABSOLUTE
    ../clib/angel/sys.s                      0x00000000   Number         0  indicate_semi.o ABSOLUTE
    ../clib/angel/sysapp.c                   0x00000000   Number         0  sys_exit.o ABSOLUTE
    ../clib/angel/sysapp.c                   0x00000000   Number         0  sys_exit_hlt.o ABSOLUTE
    ../clib/angel/sysapp.c                   0x00000000   Number         0  sys_command.o ABSOLUTE
    ../clib/angel/sysapp.c                   0x00000000   Number         0  sys_command_hlt.o ABSOLUTE
    ../clib/angel/sysapp.c                   0x00000000   Number         0  sys_wrch.o ABSOLUTE
    ../clib/angel/sysapp.c                   0x00000000   Number         0  sys_wrch_hlt.o ABSOLUTE
    ../clib/armsys.c                         0x00000000   Number         0  argv_veneer.o ABSOLUTE
    ../clib/armsys.c                         0x00000000   Number         0  argv_veneer.o ABSOLUTE
    ../clib/armsys.c                         0x00000000   Number         0  _get_argv_nomalloc.o ABSOLUTE
    ../clib/armsys.c                         0x00000000   Number         0  no_argv.o ABSOLUTE
    ../clib/heapalloc.c                      0x00000000   Number         0  hrguard.o ABSOLUTE
    ../clib/heapaux.c                        0x00000000   Number         0  heapauxi.o ABSOLUTE
    ../clib/libinit.s                        0x00000000   Number         0  libinit.o ABSOLUTE
    ../clib/libinit.s                        0x00000000   Number         0  libinit2.o ABSOLUTE
    ../clib/libinit.s                        0x00000000   Number         0  libshutdown.o ABSOLUTE
    ../clib/libinit.s                        0x00000000   Number         0  libshutdown2.o ABSOLUTE
    ../clib/signal.c                         0x00000000   Number         0  defsig_rtmem_outer.o ABSOLUTE
    ../clib/signal.c                         0x00000000   Number         0  defsig_rtmem_formal.o ABSOLUTE
    ../clib/signal.c                         0x00000000   Number         0  defsig_exit.o ABSOLUTE
    ../clib/signal.c                         0x00000000   Number         0  defsig_rtmem_inner.o ABSOLUTE
    ../clib/signal.c                         0x00000000   Number         0  __raise.o ABSOLUTE
    ../clib/signal.c                         0x00000000   Number         0  defsig_general.o ABSOLUTE
    ../clib/signal.c                         0x00000000   Number         0  defsig_abrt_inner.o ABSOLUTE
    ../clib/signal.c                         0x00000000   Number         0  defsig_fpe_inner.o ABSOLUTE
    ../clib/signal.c                         0x00000000   Number         0  defsig_rtred_inner.o ABSOLUTE
    ../clib/signal.c                         0x00000000   Number         0  defsig_stak_inner.o ABSOLUTE
    ../clib/signal.c                         0x00000000   Number         0  defsig_pvfn_inner.o ABSOLUTE
    ../clib/signal.c                         0x00000000   Number         0  defsig_cppl_inner.o ABSOLUTE
    ../clib/signal.c                         0x00000000   Number         0  defsig_segv_inner.o ABSOLUTE
    ../clib/signal.c                         0x00000000   Number         0  defsig_other.o ABSOLUTE
    ../clib/signal.s                         0x00000000   Number         0  defsig.o ABSOLUTE
    ../clib/stdlib.c                         0x00000000   Number         0  exit.o ABSOLUTE
    ../fplib/d2f.s                           0x00000000   Number         0  d2f.o ABSOLUTE
    ../fplib/daddsub.s                       0x00000000   Number         0  daddsub_clz.o ABSOLUTE
    ../fplib/ddiv.s                          0x00000000   Number         0  ddiv.o ABSOLUTE
    ../fplib/dnaninf.s                       0x00000000   Number         0  dnaninf.o ABSOLUTE
    ../fplib/dretinf.s                       0x00000000   Number         0  dretinf.o ABSOLUTE
    ../fplib/f2d.s                           0x00000000   Number         0  f2d.o ABSOLUTE
    ../fplib/faddsub.s                       0x00000000   Number         0  faddsub_clz.o ABSOLUTE
    ../fplib/fcheck1.s                       0x00000000   Number         0  fcheck1.o ABSOLUTE
    ../fplib/fcmp.s                          0x00000000   Number         0  fcmp.o ABSOLUTE
    ../fplib/fcmpi.s                         0x00000000   Number         0  fcmpi.o ABSOLUTE
    ../fplib/fdiv.s                          0x00000000   Number         0  fdiv.o ABSOLUTE
    ../fplib/feqf.s                          0x00000000   Number         0  feqf.o ABSOLUTE
    ../fplib/fflt.s                          0x00000000   Number         0  fflt_clz.o ABSOLUTE
    ../fplib/fgeqf.s                         0x00000000   Number         0  fgeqf.o ABSOLUTE
    ../fplib/fleqf.s                         0x00000000   Number         0  fleqf.o ABSOLUTE
    ../fplib/fmul.s                          0x00000000   Number         0  fmul.o ABSOLUTE
    ../fplib/fnaninf.s                       0x00000000   Number         0  fnaninf.o ABSOLUTE
    ../fplib/fpinit.s                        0x00000000   Number         0  fpinit.o ABSOLUTE
    ../fplib/fpinit_empty.s                  0x00000000   Number         0  fpinit_empty.o ABSOLUTE
    ../fplib/fretinf.s                       0x00000000   Number         0  fretinf.o ABSOLUTE
    ../fplib/retnan.s                        0x00000000   Number         0  retnan.o ABSOLUTE
    ../fplib/scalbnf.s                       0x00000000   Number         0  scalbnf.o ABSOLUTE
    ../fplib/trapv.s                         0x00000000   Number         0  trapv.o ABSOLUTE
    ../fplib/usenofp.s                       0x00000000   Number         0  usenofp.o ABSOLUTE
    ../mathlib/atanf.c                       0x00000000   Number         0  atanf.o ABSOLUTE
    ../mathlib/fpclassifyf.c                 0x00000000   Number         0  fpclassifyf.o ABSOLUTE
    ../mathlib/funder.c                      0x00000000   Number         0  funder.o ABSOLUTE
    ADC.c                                    0x00000000   Number         0  adc.o ABSOLUTE
    GPIO.c                                   0x00000000   Number         0  gpio.o ABSOLUTE
    MyADC.c                                  0x00000000   Number         0  myadc.o ABSOLUTE
    MyDrivers\MySPI.c                        0x00000000   Number         0  myspi.o ABSOLUTE
    MyDrivers\\MySPI.c                       0x00000000   Number         0  myspi.o ABSOLUTE
    MyEncoder.c                              0x00000000   Number         0  myencoder.o ABSOLUTE
    MyGPIO.c                                 0x00000000   Number         0  mygpio.o ABSOLUTE
    MyTimer.c                                0x00000000   Number         0  mytimer.o ABSOLUTE
    RTE/Device/STM32F103RB/startup_stm32f10x_md.s 0x00000000   Number         0  startup_stm32f10x_md.o ABSOLUTE
    TIMER.c                                  0x00000000   Number         0  timer.o ABSOLUTE
    dc.s                                     0x00000000   Number         0  dc.o ABSOLUTE
    principal.c                              0x00000000   Number         0  principal.o ABSOLUTE
    system_stm32f10x.c                       0x00000000   Number         0  system_stm32f10x.o ABSOLUTE
    RESET                                    0x08000000   Section      236  startup_stm32f10x_md.o(RESET)
    !!!main                                  0x080000ec   Section        8  __main.o(!!!main)
    !!!scatter                               0x080000f4   Section       52  __scatter.o(!!!scatter)
    !!handler_copy                           0x08000128   Section       26  __scatter_copy.o(!!handler_copy)
    !!handler_zi                             0x08000144   Section       28  __scatter_zi.o(!!handler_zi)
    .ARM.Collect$$libinit$$00000000          0x08000160   Section        2  libinit.o(.ARM.Collect$$libinit$$00000000)
    .ARM.Collect$$libinit$$00000002          0x08000162   Section        0  libinit2.o(.ARM.Collect$$libinit$$00000002)
    .ARM.Collect$$libinit$$00000004          0x08000162   Section        0  libinit2.o(.ARM.Collect$$libinit$$00000004)
    .ARM.Collect$$libinit$$00000006          0x08000162   Section        0  libinit2.o(.ARM.Collect$$libinit$$00000006)
    .ARM.Collect$$libinit$$0000000C          0x08000162   Section        0  libinit2.o(.ARM.Collect$$libinit$$0000000C)
    .ARM.Collect$$libinit$$0000000E          0x08000162   Section        0  libinit2.o(.ARM.Collect$$libinit$$0000000E)
    .ARM.Collect$$libinit$$00000010          0x08000162   Section        0  libinit2.o(.ARM.Collect$$libinit$$00000010)
    .ARM.Collect$$libinit$$00000013          0x08000162   Section        0  libinit2.o(.ARM.Collect$$libinit$$00000013)
    .ARM.Collect$$libinit$$00000015          0x08000162   Section        0  libinit2.o(.ARM.Collect$$libinit$$00000015)
    .ARM.Collect$$libinit$$00000017          0x08000162   Section        0  libinit2.o(.ARM.Collect$$libinit$$00000017)
    .ARM.Collect$$libinit$$00000019          0x08000162   Section        0  libinit2.o(.ARM.Collect$$libinit$$00000019)
    .ARM.Collect$$libinit$$0000001B          0x08000162   Section        0  libinit2.o(.ARM.Collect$$libinit$$0000001B)
    .ARM.Collect$$libinit$$0000001D          0x08000162   Section        0  libinit2.o(.ARM.Collect$$libinit$$0000001D)
    .ARM.Collect$$libinit$$0000001F          0x08000162   Section        0  libinit2.o(.ARM.Collect$$libinit$$0000001F)
    .ARM.Collect$$libinit$$00000021          0x08000162   Section        0  libinit2.o(.ARM.Collect$$libinit$$00000021)
    .ARM.Collect$$libinit$$00000023          0x08000162   Section        0  libinit2.o(.ARM.Collect$$libinit$$00000023)
    .ARM.Collect$$libinit$$00000025          0x08000162   Section        0  libinit2.o(.ARM.Collect$$libinit$$00000025)
    .ARM.Collect$$libinit$$00000027          0x08000162   Section        0  libinit2.o(.ARM.Collect$$libinit$$00000027)
    .ARM.Collect$$libinit$$0000002E          0x08000162   Section        0  libinit2.o(.ARM.Collect$$libinit$$0000002E)
    .ARM.Collect$$libinit$$00000030          0x08000162   Section        0  libinit2.o(.ARM.Collect$$libinit$$00000030)
    .ARM.Collect$$libinit$$00000032          0x08000162   Section        0  libinit2.o(.ARM.Collect$$libinit$$00000032)
    .ARM.Collect$$libinit$$00000034          0x08000162   Section        0  libinit2.o(.ARM.Collect$$libinit$$00000034)
    .ARM.Collect$$libinit$$00000035          0x08000162   Section        2  libinit2.o(.ARM.Collect$$libinit$$00000035)
    .ARM.Collect$$libshutdown$$00000000      0x08000164   Section        2  libshutdown.o(.ARM.Collect$$libshutdown$$00000000)
    .ARM.Collect$$libshutdown$$00000002      0x08000166   Section        0  libshutdown2.o(.ARM.Collect$$libshutdown$$00000002)
    .ARM.Collect$$libshutdown$$00000004      0x08000166   Section        0  libshutdown2.o(.ARM.Collect$$libshutdown$$00000004)
    .ARM.Collect$$libshutdown$$00000007      0x08000166   Section        0  libshutdown2.o(.ARM.Collect$$libshutdown$$00000007)
    .ARM.Collect$$libshutdown$$0000000A      0x08000166   Section        0  libshutdown2.o(.ARM.Collect$$libshutdown$$0000000A)
    .ARM.Collect$$libshutdown$$0000000C      0x08000166   Section        0  libshutdown2.o(.ARM.Collect$$libshutdown$$0000000C)
    .ARM.Collect$$libshutdown$$0000000F      0x08000166   Section        0  libshutdown2.o(.ARM.Collect$$libshutdown$$0000000F)
    .ARM.Collect$$libshutdown$$00000010      0x08000166   Section        2  libshutdown2.o(.ARM.Collect$$libshutdown$$00000010)
    .ARM.Collect$$rtentry$$00000000          0x08000168   Section        0  __rtentry.o(.ARM.Collect$$rtentry$$00000000)
    .ARM.Collect$$rtentry$$00000002          0x08000168   Section        0  __rtentry2.o(.ARM.Collect$$rtentry$$00000002)
    .ARM.Collect$$rtentry$$00000004          0x08000168   Section        6  __rtentry4.o(.ARM.Collect$$rtentry$$00000004)
    .ARM.Collect$$rtentry$$00000009          0x0800016e   Section        0  __rtentry2.o(.ARM.Collect$$rtentry$$00000009)
    .ARM.Collect$$rtentry$$0000000A          0x0800016e   Section        4  __rtentry2.o(.ARM.Collect$$rtentry$$0000000A)
    .ARM.Collect$$rtentry$$0000000C          0x08000172   Section        0  __rtentry2.o(.ARM.Collect$$rtentry$$0000000C)
    .ARM.Collect$$rtentry$$0000000D          0x08000172   Section        8  __rtentry2.o(.ARM.Collect$$rtentry$$0000000D)
    .ARM.Collect$$rtexit$$00000000           0x0800017a   Section        2  rtexit.o(.ARM.Collect$$rtexit$$00000000)
    .ARM.Collect$$rtexit$$00000002           0x0800017c   Section        0  rtexit2.o(.ARM.Collect$$rtexit$$00000002)
    .ARM.Collect$$rtexit$$00000003           0x0800017c   Section        4  rtexit2.o(.ARM.Collect$$rtexit$$00000003)
    .ARM.Collect$$rtexit$$00000004           0x08000180   Section        6  rtexit2.o(.ARM.Collect$$rtexit$$00000004)
    .text                                    0x08000188   Section       64  startup_stm32f10x_md.o(.text)
    .text                                    0x080001c8   Section        0  heapauxi.o(.text)
    .text                                    0x080001ce   Section       74  sys_stackheap_outer.o(.text)
    .text                                    0x08000218   Section        0  exit.o(.text)
    .text                                    0x0800022c   Section        8  libspace.o(.text)
    .text                                    0x08000234   Section        0  sys_exit.o(.text)
    .text                                    0x08000240   Section        2  use_no_semi.o(.text)
    .text                                    0x08000242   Section        0  indicate_semi.o(.text)
    [Anonymous Symbol]                       0x08000244   Section        0  myencoder.o(.text.Encoder_GPIO_Init)
    [Anonymous Symbol]                       0x08000284   Section        0  myencoder.o(.text.Encoder_Timer_Init)
    [Anonymous Symbol]                       0x080002f4   Section        0  mygpio.o(.text.MyGPIO_Init)
    [Anonymous Symbol]                       0x08000410   Section        0  mygpio.o(.text.MyGPIO_Read)
    [Anonymous Symbol]                       0x0800043c   Section        0  mytimer.o(.text.MyTimer_Base_Init)
    [Anonymous Symbol]                       0x0800053c   Section        0  myencoder.o(.text.MyTimer_Encoder_Read)
    [Anonymous Symbol]                       0x0800054c   Section        0  myencoder.o(.text.MyTimer_Encoder_Reset)
    [Anonymous Symbol]                       0x08000558   Section        0  mytimer.o(.text.MyTimer_PWM)
    [Anonymous Symbol]                       0x08000634   Section        0  mytimer.o(.text.MyTimer_SetDutyCycle)
    SetSysClock                              0x080006ad   Thumb Code     8  system_stm32f10x.o(.text.SetSysClock)
    [Anonymous Symbol]                       0x080006ac   Section        0  system_stm32f10x.o(.text.SetSysClock)
    SetSysClockTo72                          0x080006b5   Thumb Code   290  system_stm32f10x.o(.text.SetSysClockTo72)
    [Anonymous Symbol]                       0x080006b4   Section        0  system_stm32f10x.o(.text.SetSysClockTo72)
    [Anonymous Symbol]                       0x080007d8   Section        0  system_stm32f10x.o(.text.SystemInit)
    [Anonymous Symbol]                       0x08000840   Section        0  mytimer.o(.text.TIM1_UP_IRQHandler)
    [Anonymous Symbol]                       0x08000870   Section        0  mytimer.o(.text.TIM2_IRQHandler)
    [Anonymous Symbol]                       0x080008a0   Section        0  mytimer.o(.text.TIM3_IRQHandler)
    [Anonymous Symbol]                       0x080008d0   Section        0  mytimer.o(.text.TIM4_IRQHandler)
    [Anonymous Symbol]                       0x08000900   Section        0  principal.o(.text.main)
    i.MySPI_Clear_NSS                        0x08000ba0   Section        0  myspi.o(i.MySPI_Clear_NSS)
    i.MySPI_Init                             0x08000bd0   Section        0  myspi.o(i.MySPI_Init)
    i.MySPI_Read                             0x08000dc4   Section        0  myspi.o(i.MySPI_Read)
    i.MySPI_Send                             0x08000e18   Section        0  myspi.o(i.MySPI_Send)
    i.MySPI_Set_NSS                          0x08000e68   Section        0  myspi.o(i.MySPI_Set_NSS)
    i.__ARM_fpclassifyf                      0x08000e94   Section        0  fpclassifyf.o(i.__ARM_fpclassifyf)
    i.__mathlib_flt_infnan                   0x08000eba   Section        0  funder.o(i.__mathlib_flt_infnan)
    i.__mathlib_flt_underflow                0x08000ec0   Section        0  funder.o(i.__mathlib_flt_underflow)
    i.atanf                                  0x08000ecc   Section        0  atanf.o(i.atanf)
    x$fpl$d2f                                0x08001048   Section       98  d2f.o(x$fpl$d2f)
    x$fpl$dadd                               0x080010ac   Section      336  daddsub_clz.o(x$fpl$dadd)
    _dadd1                                   0x080010bd   Thumb Code     0  daddsub_clz.o(x$fpl$dadd)
    x$fpl$ddiv                               0x080011fc   Section      692  ddiv.o(x$fpl$ddiv)
    ddiv_entry                               0x08001203   Thumb Code     0  ddiv.o(x$fpl$ddiv)
    x$fpl$dnaninf                            0x080014b0   Section      156  dnaninf.o(x$fpl$dnaninf)
    x$fpl$dretinf                            0x0800154c   Section       12  dretinf.o(x$fpl$dretinf)
    x$fpl$dsub                               0x08001558   Section      476  daddsub_clz.o(x$fpl$dsub)
    _dsub1                                   0x08001569   Thumb Code     0  daddsub_clz.o(x$fpl$dsub)
    x$fpl$f2d                                0x08001734   Section       86  f2d.o(x$fpl$f2d)
    x$fpl$fadd                               0x0800178c   Section      196  faddsub_clz.o(x$fpl$fadd)
    _fadd1                                   0x0800179b   Thumb Code     0  faddsub_clz.o(x$fpl$fadd)
    x$fpl$fcheck1                            0x08001850   Section       12  fcheck1.o(x$fpl$fcheck1)
    x$fpl$fcmp                               0x0800185c   Section       84  fcmp.o(x$fpl$fcmp)
    x$fpl$fcmpinf                            0x080018b0   Section       24  fcmpi.o(x$fpl$fcmpinf)
    _fdiv1                                   0x080018c9   Thumb Code     0  fdiv.o(x$fpl$fdiv)
    x$fpl$fdiv                               0x080018c8   Section      388  fdiv.o(x$fpl$fdiv)
    x$fpl$feqf                               0x08001a4c   Section      104  feqf.o(x$fpl$feqf)
    x$fpl$fflt                               0x08001ab4   Section       48  fflt_clz.o(x$fpl$fflt)
    x$fpl$fgeqf                              0x08001ae4   Section      104  fgeqf.o(x$fpl$fgeqf)
    x$fpl$fleqf                              0x08001b4c   Section      104  fleqf.o(x$fpl$fleqf)
    x$fpl$fmul                               0x08001bb4   Section      258  fmul.o(x$fpl$fmul)
    x$fpl$fnaninf                            0x08001cb6   Section      140  fnaninf.o(x$fpl$fnaninf)
    x$fpl$fretinf                            0x08001d42   Section       10  fretinf.o(x$fpl$fretinf)
    x$fpl$fsub                               0x08001d4c   Section      234  faddsub_clz.o(x$fpl$fsub)
    _fsub1                                   0x08001d5b   Thumb Code     0  faddsub_clz.o(x$fpl$fsub)
    x$fpl$retnan                             0x08001e36   Section      100  retnan.o(x$fpl$retnan)
    x$fpl$scalbnf                            0x08001e9a   Section       76  scalbnf.o(x$fpl$scalbnf)
    x$fpl$trapveneer                         0x08001ee6   Section       48  trapv.o(x$fpl$trapveneer)
    x$fpl$usenofp                            0x08001f16   Section        0  usenofp.o(x$fpl$usenofp)
    .data                                    0x20000000   Section        4  myspi.o(.data)
    .bss                                     0x20000008   Section       96  libspace.o(.bss)
    Timer_Callback                           0x20000068   Data           4  mytimer.o(.bss.Timer_Callback)
    [Anonymous Symbol]                       0x20000068   Section        0  mytimer.o(.bss.Timer_Callback)
    Heap_Mem                                 0x20000070   Data         512  startup_stm32f10x_md.o(HEAP)
    HEAP                                     0x20000070   Section      512  startup_stm32f10x_md.o(HEAP)
    Stack_Mem                                0x20000270   Data        1024  startup_stm32f10x_md.o(STACK)
    STACK                                    0x20000270   Section     1024  startup_stm32f10x_md.o(STACK)
    __initial_sp                             0x20000670   Data           0  startup_stm32f10x_md.o(STACK)

    Global Symbols

    Symbol Name                              Value     Ov Type        Size  Object(Section)

    BuildAttributes$$THM_ISAv4$P$D$K$B$S$PE$A:L22UL41UL21$X:L11$S22US41US21$IEEE1$IW$~IW$USESV6$~STKCKD$USESV7$~SHL$OTIME$ROPI$IEEEX$EBA8$UX$STANDARDLIB$REQ8$PRES8$EABIv2 0x00000000   Number         0  anon$$obj.o ABSOLUTE
    __fp_init_empty                          0x00000000   Number         0  fpinit_empty.o ABSOLUTE
    __ARM_exceptions_init                     - Undefined Weak Reference
    __alloca_initialize                       - Undefined Weak Reference
    __arm_preinit_                            - Undefined Weak Reference
    __arm_relocate_pie_                       - Undefined Weak Reference
    __cpp_initialize__aeabi_                  - Undefined Weak Reference
    __cxa_finalize                            - Undefined Weak Reference
    __rt_locale                               - Undefined Weak Reference
    __sigvec_lookup                           - Undefined Weak Reference
    _atexit_init                              - Undefined Weak Reference
    _call_atexit_fns                          - Undefined Weak Reference
    _clock_init                               - Undefined Weak Reference
    _fp_trap_init                             - Undefined Weak Reference
    _fp_trap_shutdown                         - Undefined Weak Reference
    _get_lc_collate                           - Undefined Weak Reference
    _get_lc_ctype                             - Undefined Weak Reference
    _get_lc_monetary                          - Undefined Weak Reference
    _get_lc_numeric                           - Undefined Weak Reference
    _get_lc_time                              - Undefined Weak Reference
    _getenv_init                              - Undefined Weak Reference
    _handle_redirection                       - Undefined Weak Reference
    _init_alloc                               - Undefined Weak Reference
    _init_user_alloc                          - Undefined Weak Reference
    _initio                                   - Undefined Weak Reference
    _rand_init                                - Undefined Weak Reference
    _signal_finish                            - Undefined Weak Reference
    _signal_init                              - Undefined Weak Reference
    _terminate_alloc                          - Undefined Weak Reference
    _terminate_user_alloc                     - Undefined Weak Reference
    _terminateio                              - Undefined Weak Reference
    __Vectors_Size                           0x000000ec   Number         0  startup_stm32f10x_md.o ABSOLUTE
    __Vectors                                0x08000000   Data           4  startup_stm32f10x_md.o(RESET)
    __Vectors_End                            0x080000ec   Data           0  startup_stm32f10x_md.o(RESET)
    __main                                   0x080000ed   Thumb Code     8  __main.o(!!!main)
    __scatterload                            0x080000f5   Thumb Code     0  __scatter.o(!!!scatter)
    __scatterload_rt2                        0x080000f5   Thumb Code    44  __scatter.o(!!!scatter)
    __scatterload_rt2_thumb_only             0x080000f5   Thumb Code     0  __scatter.o(!!!scatter)
    __scatterload_null                       0x08000103   Thumb Code     0  __scatter.o(!!!scatter)
    __scatterload_copy                       0x08000129   Thumb Code    26  __scatter_copy.o(!!handler_copy)
    __scatterload_zeroinit                   0x08000145   Thumb Code    28  __scatter_zi.o(!!handler_zi)
    __rt_lib_init                            0x08000161   Thumb Code     0  libinit.o(.ARM.Collect$$libinit$$00000000)
    __rt_lib_init_alloca_1                   0x08000163   Thumb Code     0  libinit2.o(.ARM.Collect$$libinit$$00000030)
    __rt_lib_init_argv_1                     0x08000163   Thumb Code     0  libinit2.o(.ARM.Collect$$libinit$$0000002E)
    __rt_lib_init_atexit_1                   0x08000163   Thumb Code     0  libinit2.o(.ARM.Collect$$libinit$$0000001D)
    __rt_lib_init_clock_1                    0x08000163   Thumb Code     0  libinit2.o(.ARM.Collect$$libinit$$00000023)
    __rt_lib_init_cpp_1                      0x08000163   Thumb Code     0  libinit2.o(.ARM.Collect$$libinit$$00000034)
    __rt_lib_init_exceptions_1               0x08000163   Thumb Code     0  libinit2.o(.ARM.Collect$$libinit$$00000032)
    __rt_lib_init_fp_1                       0x08000163   Thumb Code     0  libinit2.o(.ARM.Collect$$libinit$$00000002)
    __rt_lib_init_fp_trap_1                  0x08000163   Thumb Code     0  libinit2.o(.ARM.Collect$$libinit$$00000021)
    __rt_lib_init_getenv_1                   0x08000163   Thumb Code     0  libinit2.o(.ARM.Collect$$libinit$$00000025)
    __rt_lib_init_heap_1                     0x08000163   Thumb Code     0  libinit2.o(.ARM.Collect$$libinit$$0000000C)
    __rt_lib_init_lc_collate_1               0x08000163   Thumb Code     0  libinit2.o(.ARM.Collect$$libinit$$00000013)
    __rt_lib_init_lc_ctype_1                 0x08000163   Thumb Code     0  libinit2.o(.ARM.Collect$$libinit$$00000015)
    __rt_lib_init_lc_monetary_1              0x08000163   Thumb Code     0  libinit2.o(.ARM.Collect$$libinit$$00000017)
    __rt_lib_init_lc_numeric_1               0x08000163   Thumb Code     0  libinit2.o(.ARM.Collect$$libinit$$00000019)
    __rt_lib_init_lc_time_1                  0x08000163   Thumb Code     0  libinit2.o(.ARM.Collect$$libinit$$0000001B)
    __rt_lib_init_preinit_1                  0x08000163   Thumb Code     0  libinit2.o(.ARM.Collect$$libinit$$00000006)
    __rt_lib_init_rand_1                     0x08000163   Thumb Code     0  libinit2.o(.ARM.Collect$$libinit$$00000010)
    __rt_lib_init_relocate_pie_1             0x08000163   Thumb Code     0  libinit2.o(.ARM.Collect$$libinit$$00000004)
    __rt_lib_init_return                     0x08000163   Thumb Code     0  libinit2.o(.ARM.Collect$$libinit$$00000035)
    __rt_lib_init_signal_1                   0x08000163   Thumb Code     0  libinit2.o(.ARM.Collect$$libinit$$0000001F)
    __rt_lib_init_stdio_1                    0x08000163   Thumb Code     0  libinit2.o(.ARM.Collect$$libinit$$00000027)
    __rt_lib_init_user_alloc_1               0x08000163   Thumb Code     0  libinit2.o(.ARM.Collect$$libinit$$0000000E)
    __rt_lib_shutdown                        0x08000165   Thumb Code     0  libshutdown.o(.ARM.Collect$$libshutdown$$00000000)
    __rt_lib_shutdown_cpp_1                  0x08000167   Thumb Code     0  libshutdown2.o(.ARM.Collect$$libshutdown$$00000002)
    __rt_lib_shutdown_fp_trap_1              0x08000167   Thumb Code     0  libshutdown2.o(.ARM.Collect$$libshutdown$$00000007)
    __rt_lib_shutdown_heap_1                 0x08000167   Thumb Code     0  libshutdown2.o(.ARM.Collect$$libshutdown$$0000000F)
    __rt_lib_shutdown_return                 0x08000167   Thumb Code     0  libshutdown2.o(.ARM.Collect$$libshutdown$$00000010)
    __rt_lib_shutdown_signal_1               0x08000167   Thumb Code     0  libshutdown2.o(.ARM.Collect$$libshutdown$$0000000A)
    __rt_lib_shutdown_stdio_1                0x08000167   Thumb Code     0  libshutdown2.o(.ARM.Collect$$libshutdown$$00000004)
    __rt_lib_shutdown_user_alloc_1           0x08000167   Thumb Code     0  libshutdown2.o(.ARM.Collect$$libshutdown$$0000000C)
    __rt_entry                               0x08000169   Thumb Code     0  __rtentry.o(.ARM.Collect$$rtentry$$00000000)
    __rt_entry_presh_1                       0x08000169   Thumb Code     0  __rtentry2.o(.ARM.Collect$$rtentry$$00000002)
    __rt_entry_sh                            0x08000169   Thumb Code     0  __rtentry4.o(.ARM.Collect$$rtentry$$00000004)
    __rt_entry_li                            0x0800016f   Thumb Code     0  __rtentry2.o(.ARM.Collect$$rtentry$$0000000A)
    __rt_entry_postsh_1                      0x0800016f   Thumb Code     0  __rtentry2.o(.ARM.Collect$$rtentry$$00000009)
    __rt_entry_main                          0x08000173   Thumb Code     0  __rtentry2.o(.ARM.Collect$$rtentry$$0000000D)
    __rt_entry_postli_1                      0x08000173   Thumb Code     0  __rtentry2.o(.ARM.Collect$$rtentry$$0000000C)
    __rt_exit                                0x0800017b   Thumb Code     0  rtexit.o(.ARM.Collect$$rtexit$$00000000)
    __rt_exit_ls                             0x0800017d   Thumb Code     0  rtexit2.o(.ARM.Collect$$rtexit$$00000003)
    __rt_exit_prels_1                        0x0800017d   Thumb Code     0  rtexit2.o(.ARM.Collect$$rtexit$$00000002)
    __rt_exit_exit                           0x08000181   Thumb Code     0  rtexit2.o(.ARM.Collect$$rtexit$$00000004)
    Reset_Handler                            0x08000189   Thumb Code     8  startup_stm32f10x_md.o(.text)
    NMI_Handler                              0x08000191   Thumb Code     2  startup_stm32f10x_md.o(.text)
    HardFault_Handler                        0x08000193   Thumb Code     2  startup_stm32f10x_md.o(.text)
    MemManage_Handler                        0x08000195   Thumb Code     2  startup_stm32f10x_md.o(.text)
    BusFault_Handler                         0x08000197   Thumb Code     2  startup_stm32f10x_md.o(.text)
    UsageFault_Handler                       0x08000199   Thumb Code     2  startup_stm32f10x_md.o(.text)
    SVC_Handler                              0x0800019b   Thumb Code     2  startup_stm32f10x_md.o(.text)
    DebugMon_Handler                         0x0800019d   Thumb Code     2  startup_stm32f10x_md.o(.text)
    PendSV_Handler                           0x0800019f   Thumb Code     2  startup_stm32f10x_md.o(.text)
    SysTick_Handler                          0x080001a1   Thumb Code     2  startup_stm32f10x_md.o(.text)
    ADC1_2_IRQHandler                        0x080001a3   Thumb Code     0  startup_stm32f10x_md.o(.text)
    CAN1_RX1_IRQHandler                      0x080001a3   Thumb Code     0  startup_stm32f10x_md.o(.text)
    CAN1_SCE_IRQHandler                      0x080001a3   Thumb Code     0  startup_stm32f10x_md.o(.text)
    DMA1_Channel1_IRQHandler                 0x080001a3   Thumb Code     0  startup_stm32f10x_md.o(.text)
    DMA1_Channel2_IRQHandler                 0x080001a3   Thumb Code     0  startup_stm32f10x_md.o(.text)
    DMA1_Channel3_IRQHandler                 0x080001a3   Thumb Code     0  startup_stm32f10x_md.o(.text)
    DMA1_Channel4_IRQHandler                 0x080001a3   Thumb Code     0  startup_stm32f10x_md.o(.text)
    DMA1_Channel5_IRQHandler                 0x080001a3   Thumb Code     0  startup_stm32f10x_md.o(.text)
    DMA1_Channel6_IRQHandler                 0x080001a3   Thumb Code     0  startup_stm32f10x_md.o(.text)
    DMA1_Channel7_IRQHandler                 0x080001a3   Thumb Code     0  startup_stm32f10x_md.o(.text)
    EXTI0_IRQHandler                         0x080001a3   Thumb Code     0  startup_stm32f10x_md.o(.text)
    EXTI15_10_IRQHandler                     0x080001a3   Thumb Code     0  startup_stm32f10x_md.o(.text)
    EXTI1_IRQHandler                         0x080001a3   Thumb Code     0  startup_stm32f10x_md.o(.text)
    EXTI2_IRQHandler                         0x080001a3   Thumb Code     0  startup_stm32f10x_md.o(.text)
    EXTI3_IRQHandler                         0x080001a3   Thumb Code     0  startup_stm32f10x_md.o(.text)
    EXTI4_IRQHandler                         0x080001a3   Thumb Code     0  startup_stm32f10x_md.o(.text)
    EXTI9_5_IRQHandler                       0x080001a3   Thumb Code     0  startup_stm32f10x_md.o(.text)
    FLASH_IRQHandler                         0x080001a3   Thumb Code     0  startup_stm32f10x_md.o(.text)
    I2C1_ER_IRQHandler                       0x080001a3   Thumb Code     0  startup_stm32f10x_md.o(.text)
    I2C1_EV_IRQHandler                       0x080001a3   Thumb Code     0  startup_stm32f10x_md.o(.text)
    I2C2_ER_IRQHandler                       0x080001a3   Thumb Code     0  startup_stm32f10x_md.o(.text)
    I2C2_EV_IRQHandler                       0x080001a3   Thumb Code     0  startup_stm32f10x_md.o(.text)
    PVD_IRQHandler                           0x080001a3   Thumb Code     0  startup_stm32f10x_md.o(.text)
    RCC_IRQHandler                           0x080001a3   Thumb Code     0  startup_stm32f10x_md.o(.text)
    RTCAlarm_IRQHandler                      0x080001a3   Thumb Code     0  startup_stm32f10x_md.o(.text)
    RTC_IRQHandler                           0x080001a3   Thumb Code     0  startup_stm32f10x_md.o(.text)
    SPI1_IRQHandler                          0x080001a3   Thumb Code     0  startup_stm32f10x_md.o(.text)
    SPI2_IRQHandler                          0x080001a3   Thumb Code     0  startup_stm32f10x_md.o(.text)
    TAMPER_IRQHandler                        0x080001a3   Thumb Code     0  startup_stm32f10x_md.o(.text)
    TIM1_BRK_IRQHandler                      0x080001a3   Thumb Code     0  startup_stm32f10x_md.o(.text)
    TIM1_CC_IRQHandler                       0x080001a3   Thumb Code     0  startup_stm32f10x_md.o(.text)
    TIM1_TRG_COM_IRQHandler                  0x080001a3   Thumb Code     0  startup_stm32f10x_md.o(.text)
    USART1_IRQHandler                        0x080001a3   Thumb Code     0  startup_stm32f10x_md.o(.text)
    USART2_IRQHandler                        0x080001a3   Thumb Code     0  startup_stm32f10x_md.o(.text)
    USART3_IRQHandler                        0x080001a3   Thumb Code     0  startup_stm32f10x_md.o(.text)
    USBWakeUp_IRQHandler                     0x080001a3   Thumb Code     0  startup_stm32f10x_md.o(.text)
    USB_HP_CAN1_TX_IRQHandler                0x080001a3   Thumb Code     0  startup_stm32f10x_md.o(.text)
    USB_LP_CAN1_RX0_IRQHandler               0x080001a3   Thumb Code     0  startup_stm32f10x_md.o(.text)
    WWDG_IRQHandler                          0x080001a3   Thumb Code     0  startup_stm32f10x_md.o(.text)
    __user_initial_stackheap                 0x080001a5   Thumb Code     0  startup_stm32f10x_md.o(.text)
    __use_two_region_memory                  0x080001c9   Thumb Code     2  heapauxi.o(.text)
    __rt_heap_escrow$2region                 0x080001cb   Thumb Code     2  heapauxi.o(.text)
    __rt_heap_expand$2region                 0x080001cd   Thumb Code     2  heapauxi.o(.text)
    __user_setup_stackheap                   0x080001cf   Thumb Code    74  sys_stackheap_outer.o(.text)
    exit                                     0x08000219   Thumb Code    18  exit.o(.text)
    __user_libspace                          0x0800022d   Thumb Code     8  libspace.o(.text)
    __user_perproc_libspace                  0x0800022d   Thumb Code     0  libspace.o(.text)
    __user_perthread_libspace                0x0800022d   Thumb Code     0  libspace.o(.text)
    _sys_exit                                0x08000235   Thumb Code     8  sys_exit.o(.text)
    __I$use$semihosting                      0x08000241   Thumb Code     0  use_no_semi.o(.text)
    __use_no_semihosting_swi                 0x08000241   Thumb Code     2  use_no_semi.o(.text)
    __semihosting_library_function           0x08000243   Thumb Code     0  indicate_semi.o(.text)
    Encoder_GPIO_Init                        0x08000245   Thumb Code    62  myencoder.o(.text.Encoder_GPIO_Init)
    Encoder_Timer_Init                       0x08000285   Thumb Code   112  myencoder.o(.text.Encoder_Timer_Init)
    MyGPIO_Init                              0x080002f5   Thumb Code   284  mygpio.o(.text.MyGPIO_Init)
    MyGPIO_Read                              0x08000411   Thumb Code    42  mygpio.o(.text.MyGPIO_Read)
    MyTimer_Base_Init                        0x0800043d   Thumb Code   254  mytimer.o(.text.MyTimer_Base_Init)
    MyTimer_Encoder_Read                     0x0800053d   Thumb Code    14  myencoder.o(.text.MyTimer_Encoder_Read)
    MyTimer_Encoder_Reset                    0x0800054d   Thumb Code    12  myencoder.o(.text.MyTimer_Encoder_Reset)
    MyTimer_PWM                              0x08000559   Thumb Code   220  mytimer.o(.text.MyTimer_PWM)
    MyTimer_SetDutyCycle                     0x08000635   Thumb Code   118  mytimer.o(.text.MyTimer_SetDutyCycle)
    SystemInit                               0x080007d9   Thumb Code   102  system_stm32f10x.o(.text.SystemInit)
    TIM1_UP_IRQHandler                       0x08000841   Thumb Code    48  mytimer.o(.text.TIM1_UP_IRQHandler)
    TIM2_IRQHandler                          0x08000871   Thumb Code    46  mytimer.o(.text.TIM2_IRQHandler)
    TIM3_IRQHandler                          0x080008a1   Thumb Code    48  mytimer.o(.text.TIM3_IRQHandler)
    TIM4_IRQHandler                          0x080008d1   Thumb Code    48  mytimer.o(.text.TIM4_IRQHandler)
    main                                     0x08000901   Thumb Code   670  principal.o(.text.main)
    MySPI_Clear_NSS                          0x08000ba1   Thumb Code    30  myspi.o(i.MySPI_Clear_NSS)
    MySPI_Init                               0x08000bd1   Thumb Code   480  myspi.o(i.MySPI_Init)
    MySPI_Read                               0x08000dc5   Thumb Code    70  myspi.o(i.MySPI_Read)
    MySPI_Send                               0x08000e19   Thumb Code    68  myspi.o(i.MySPI_Send)
    MySPI_Set_NSS                            0x08000e69   Thumb Code    28  myspi.o(i.MySPI_Set_NSS)
    __ARM_fpclassifyf                        0x08000e95   Thumb Code    38  fpclassifyf.o(i.__ARM_fpclassifyf)
    __mathlib_flt_infnan                     0x08000ebb   Thumb Code     6  funder.o(i.__mathlib_flt_infnan)
    __mathlib_flt_underflow                  0x08000ec1   Thumb Code    10  funder.o(i.__mathlib_flt_underflow)
    atanf                                    0x08000ecd   Thumb Code   324  atanf.o(i.atanf)
    __aeabi_d2f                              0x08001049   Thumb Code     0  d2f.o(x$fpl$d2f)
    _d2f                                     0x08001049   Thumb Code    98  d2f.o(x$fpl$d2f)
    __aeabi_dadd                             0x080010ad   Thumb Code     0  daddsub_clz.o(x$fpl$dadd)
    _dadd                                    0x080010ad   Thumb Code   332  daddsub_clz.o(x$fpl$dadd)
    __aeabi_ddiv                             0x080011fd   Thumb Code     0  ddiv.o(x$fpl$ddiv)
    _ddiv                                    0x080011fd   Thumb Code   556  ddiv.o(x$fpl$ddiv)
    __fpl_dnaninf                            0x080014b1   Thumb Code   156  dnaninf.o(x$fpl$dnaninf)
    __fpl_dretinf                            0x0800154d   Thumb Code    12  dretinf.o(x$fpl$dretinf)
    __aeabi_dsub                             0x08001559   Thumb Code     0  daddsub_clz.o(x$fpl$dsub)
    _dsub                                    0x08001559   Thumb Code   472  daddsub_clz.o(x$fpl$dsub)
    __aeabi_f2d                              0x08001735   Thumb Code     0  f2d.o(x$fpl$f2d)
    _f2d                                     0x08001735   Thumb Code    86  f2d.o(x$fpl$f2d)
    __aeabi_fadd                             0x0800178d   Thumb Code     0  faddsub_clz.o(x$fpl$fadd)
    _fadd                                    0x0800178d   Thumb Code   196  faddsub_clz.o(x$fpl$fadd)
    __fpl_fcheck_NaN1                        0x08001851   Thumb Code     6  fcheck1.o(x$fpl$fcheck1)
    __aeabi_fcmpeq                           0x0800185d   Thumb Code     0  fcmp.o(x$fpl$fcmp)
    _feq                                     0x0800185d   Thumb Code    14  fcmp.o(x$fpl$fcmp)
    _fneq                                    0x0800186b   Thumb Code    14  fcmp.o(x$fpl$fcmp)
    __aeabi_fcmpgt                           0x08001879   Thumb Code     0  fcmp.o(x$fpl$fcmp)
    _fgr                                     0x08001879   Thumb Code    14  fcmp.o(x$fpl$fcmp)
    __aeabi_fcmpge                           0x08001887   Thumb Code     0  fcmp.o(x$fpl$fcmp)
    _fgeq                                    0x08001887   Thumb Code    14  fcmp.o(x$fpl$fcmp)
    __aeabi_fcmple                           0x08001895   Thumb Code     0  fcmp.o(x$fpl$fcmp)
    _fleq                                    0x08001895   Thumb Code    14  fcmp.o(x$fpl$fcmp)
    __aeabi_fcmplt                           0x080018a3   Thumb Code     0  fcmp.o(x$fpl$fcmp)
    _fls                                     0x080018a3   Thumb Code    14  fcmp.o(x$fpl$fcmp)
    __fpl_fcmp_Inf                           0x080018b1   Thumb Code    24  fcmpi.o(x$fpl$fcmpinf)
    __aeabi_fdiv                             0x080018c9   Thumb Code     0  fdiv.o(x$fpl$fdiv)
    _fdiv                                    0x080018c9   Thumb Code   384  fdiv.o(x$fpl$fdiv)
    __aeabi_cfcmpeq                          0x08001a4d   Thumb Code     0  feqf.o(x$fpl$feqf)
    _fcmpeq                                  0x08001a4d   Thumb Code   104  feqf.o(x$fpl$feqf)
    __aeabi_i2f                              0x08001ab5   Thumb Code     0  fflt_clz.o(x$fpl$fflt)
    _fflt                                    0x08001ab5   Thumb Code    48  fflt_clz.o(x$fpl$fflt)
    _fcmpge                                  0x08001ae5   Thumb Code   104  fgeqf.o(x$fpl$fgeqf)
    __aeabi_cfcmple                          0x08001b4d   Thumb Code     0  fleqf.o(x$fpl$fleqf)
    _fcmple                                  0x08001b4d   Thumb Code   104  fleqf.o(x$fpl$fleqf)
    __fpl_fcmple_InfNaN                      0x08001b9f   Thumb Code     0  fleqf.o(x$fpl$fleqf)
    __aeabi_fmul                             0x08001bb5   Thumb Code     0  fmul.o(x$fpl$fmul)
    _fmul                                    0x08001bb5   Thumb Code   258  fmul.o(x$fpl$fmul)
    __fpl_fnaninf                            0x08001cb7   Thumb Code   140  fnaninf.o(x$fpl$fnaninf)
    __fpl_fretinf                            0x08001d43   Thumb Code    10  fretinf.o(x$fpl$fretinf)
    __aeabi_fsub                             0x08001d4d   Thumb Code     0  faddsub_clz.o(x$fpl$fsub)
    _fsub                                    0x08001d4d   Thumb Code   234  faddsub_clz.o(x$fpl$fsub)
    __fpl_return_NaN                         0x08001e37   Thumb Code   100  retnan.o(x$fpl$retnan)
    __ARM_scalbnf                            0x08001e9b   Thumb Code    76  scalbnf.o(x$fpl$scalbnf)
    __fpl_cmpreturn                          0x08001ee7   Thumb Code    48  trapv.o(x$fpl$trapveneer)
    __I$use$fp                               0x08001f16   Number         0  usenofp.o(x$fpl$usenofp)
    Region$$Table$$Base                      0x08001f18   Number         0  anon$$obj.o(Region$$Table)
    Region$$Table$$Limit                     0x08001f38   Number         0  anon$$obj.o(Region$$Table)
    ActiveSPI                                0x20000000   Data           4  myspi.o(.data)
    __libspace_start                         0x20000008   Data          96  libspace.o(.bss)
    __temporary_stack_top$libspace           0x20000068   Data           0  libspace.o(.bss)



==============================================================================

Memory Map of the image

  Image Entry point : 0x08000189

  Load Region LR_1 (Base: 0x08000000, Size: 0x00001f3c, Max: 0xffffffff, ABSOLUTE)

    Execution Region ER_RO (Exec base: 0x08000000, Load base: 0x08000000, Size: 0x00001f38, Max: 0xffffffff, ABSOLUTE)

    Exec Addr    Load Addr    Size         Type   Attr      Idx    E Section Name        Object

    0x08000000   0x08000000   0x000000ec   Data   RO          114    RESET               startup_stm32f10x_md.o
    0x080000ec   0x080000ec   0x00000008   Code   RO          159  * !!!main             c_w.l(__main.o)
    0x080000f4   0x080000f4   0x00000034   Code   RO          403    !!!scatter          c_w.l(__scatter.o)
    0x08000128   0x08000128   0x0000001a   Code   RO          405    !!handler_copy      c_w.l(__scatter_copy.o)
    0x08000142   0x08000142   0x00000002   PAD
    0x08000144   0x08000144   0x0000001c   Code   RO          407    !!handler_zi        c_w.l(__scatter_zi.o)
    0x08000160   0x08000160   0x00000002   Code   RO          259    .ARM.Collect$$libinit$$00000000  c_w.l(libinit.o)
    0x08000162   0x08000162   0x00000000   Code   RO          268    .ARM.Collect$$libinit$$00000002  c_w.l(libinit2.o)
    0x08000162   0x08000162   0x00000000   Code   RO          270    .ARM.Collect$$libinit$$00000004  c_w.l(libinit2.o)
    0x08000162   0x08000162   0x00000000   Code   RO          272    .ARM.Collect$$libinit$$00000006  c_w.l(libinit2.o)
    0x08000162   0x08000162   0x00000000   Code   RO          275    .ARM.Collect$$libinit$$0000000C  c_w.l(libinit2.o)
    0x08000162   0x08000162   0x00000000   Code   RO          277    .ARM.Collect$$libinit$$0000000E  c_w.l(libinit2.o)
    0x08000162   0x08000162   0x00000000   Code   RO          279    .ARM.Collect$$libinit$$00000010  c_w.l(libinit2.o)
    0x08000162   0x08000162   0x00000000   Code   RO          282    .ARM.Collect$$libinit$$00000013  c_w.l(libinit2.o)
    0x08000162   0x08000162   0x00000000   Code   RO          284    .ARM.Collect$$libinit$$00000015  c_w.l(libinit2.o)
    0x08000162   0x08000162   0x00000000   Code   RO          286    .ARM.Collect$$libinit$$00000017  c_w.l(libinit2.o)
    0x08000162   0x08000162   0x00000000   Code   RO          288    .ARM.Collect$$libinit$$00000019  c_w.l(libinit2.o)
    0x08000162   0x08000162   0x00000000   Code   RO          290    .ARM.Collect$$libinit$$0000001B  c_w.l(libinit2.o)
    0x08000162   0x08000162   0x00000000   Code   RO          292    .ARM.Collect$$libinit$$0000001D  c_w.l(libinit2.o)
    0x08000162   0x08000162   0x00000000   Code   RO          294    .ARM.Collect$$libinit$$0000001F  c_w.l(libinit2.o)
    0x08000162   0x08000162   0x00000000   Code   RO          296    .ARM.Collect$$libinit$$00000021  c_w.l(libinit2.o)
    0x08000162   0x08000162   0x00000000   Code   RO          298    .ARM.Collect$$libinit$$00000023  c_w.l(libinit2.o)
    0x08000162   0x08000162   0x00000000   Code   RO          300    .ARM.Collect$$libinit$$00000025  c_w.l(libinit2.o)
    0x08000162   0x08000162   0x00000000   Code   RO          302    .ARM.Collect$$libinit$$00000027  c_w.l(libinit2.o)
    0x08000162   0x08000162   0x00000000   Code   RO          306    .ARM.Collect$$libinit$$0000002E  c_w.l(libinit2.o)
    0x08000162   0x08000162   0x00000000   Code   RO          308    .ARM.Collect$$libinit$$00000030  c_w.l(libinit2.o)
    0x08000162   0x08000162   0x00000000   Code   RO          310    .ARM.Collect$$libinit$$00000032  c_w.l(libinit2.o)
    0x08000162   0x08000162   0x00000000   Code   RO          312    .ARM.Collect$$libinit$$00000034  c_w.l(libinit2.o)
    0x08000162   0x08000162   0x00000002   Code   RO          313    .ARM.Collect$$libinit$$00000035  c_w.l(libinit2.o)
    0x08000164   0x08000164   0x00000002   Code   RO          339    .ARM.Collect$$libshutdown$$00000000  c_w.l(libshutdown.o)
    0x08000166   0x08000166   0x00000000   Code   RO          354    .ARM.Collect$$libshutdown$$00000002  c_w.l(libshutdown2.o)
    0x08000166   0x08000166   0x00000000   Code   RO          356    .ARM.Collect$$libshutdown$$00000004  c_w.l(libshutdown2.o)
    0x08000166   0x08000166   0x00000000   Code   RO          359    .ARM.Collect$$libshutdown$$00000007  c_w.l(libshutdown2.o)
    0x08000166   0x08000166   0x00000000   Code   RO          362    .ARM.Collect$$libshutdown$$0000000A  c_w.l(libshutdown2.o)
    0x08000166   0x08000166   0x00000000   Code   RO          364    .ARM.Collect$$libshutdown$$0000000C  c_w.l(libshutdown2.o)
    0x08000166   0x08000166   0x00000000   Code   RO          367    .ARM.Collect$$libshutdown$$0000000F  c_w.l(libshutdown2.o)
    0x08000166   0x08000166   0x00000002   Code   RO          368    .ARM.Collect$$libshutdown$$00000010  c_w.l(libshutdown2.o)
    0x08000168   0x08000168   0x00000000   Code   RO          199    .ARM.Collect$$rtentry$$00000000  c_w.l(__rtentry.o)
    0x08000168   0x08000168   0x00000000   Code   RO          232    .ARM.Collect$$rtentry$$00000002  c_w.l(__rtentry2.o)
    0x08000168   0x08000168   0x00000006   Code   RO          244    .ARM.Collect$$rtentry$$00000004  c_w.l(__rtentry4.o)
    0x0800016e   0x0800016e   0x00000000   Code   RO          234    .ARM.Collect$$rtentry$$00000009  c_w.l(__rtentry2.o)
    0x0800016e   0x0800016e   0x00000004   Code   RO          235    .ARM.Collect$$rtentry$$0000000A  c_w.l(__rtentry2.o)
    0x08000172   0x08000172   0x00000000   Code   RO          237    .ARM.Collect$$rtentry$$0000000C  c_w.l(__rtentry2.o)
    0x08000172   0x08000172   0x00000008   Code   RO          238    .ARM.Collect$$rtentry$$0000000D  c_w.l(__rtentry2.o)
    0x0800017a   0x0800017a   0x00000002   Code   RO          265    .ARM.Collect$$rtexit$$00000000  c_w.l(rtexit.o)
    0x0800017c   0x0800017c   0x00000000   Code   RO          317    .ARM.Collect$$rtexit$$00000002  c_w.l(rtexit2.o)
    0x0800017c   0x0800017c   0x00000004   Code   RO          318    .ARM.Collect$$rtexit$$00000003  c_w.l(rtexit2.o)
    0x08000180   0x08000180   0x00000006   Code   RO          319    .ARM.Collect$$rtexit$$00000004  c_w.l(rtexit2.o)
    0x08000186   0x08000186   0x00000002   PAD
    0x08000188   0x08000188   0x00000040   Code   RO          115  * .text               startup_stm32f10x_md.o
    0x080001c8   0x080001c8   0x00000006   Code   RO          157    .text               c_w.l(heapauxi.o)
    0x080001ce   0x080001ce   0x0000004a   Code   RO          250    .text               c_w.l(sys_stackheap_outer.o)
    0x08000218   0x08000218   0x00000012   Code   RO          252    .text               c_w.l(exit.o)
    0x0800022a   0x0800022a   0x00000002   PAD
    0x0800022c   0x0800022c   0x00000008   Code   RO          262    .text               c_w.l(libspace.o)
    0x08000234   0x08000234   0x0000000c   Code   RO          329    .text               c_w.l(sys_exit.o)
    0x08000240   0x08000240   0x00000002   Code   RO          344    .text               c_w.l(use_no_semi.o)
    0x08000242   0x08000242   0x00000000   Code   RO          346    .text               c_w.l(indicate_semi.o)
    0x08000242   0x08000242   0x00000002   PAD
    0x08000244   0x08000244   0x0000003e   Code   RO           98    .text.Encoder_GPIO_Init  myencoder.o
    0x08000282   0x08000282   0x00000002   PAD
    0x08000284   0x08000284   0x00000070   Code   RO          100    .text.Encoder_Timer_Init  myencoder.o
    0x080002f4   0x080002f4   0x0000011c   Code   RO           38    .text.MyGPIO_Init   mygpio.o
    0x08000410   0x08000410   0x0000002a   Code   RO           40    .text.MyGPIO_Read   mygpio.o
    0x0800043a   0x0800043a   0x00000002   PAD
    0x0800043c   0x0800043c   0x000000fe   Code   RO           55    .text.MyTimer_Base_Init  mytimer.o
    0x0800053a   0x0800053a   0x00000002   PAD
    0x0800053c   0x0800053c   0x0000000e   Code   RO          102    .text.MyTimer_Encoder_Read  myencoder.o
    0x0800054a   0x0800054a   0x00000002   PAD
    0x0800054c   0x0800054c   0x0000000c   Code   RO          104    .text.MyTimer_Encoder_Reset  myencoder.o
    0x08000558   0x08000558   0x000000dc   Code   RO           73    .text.MyTimer_PWM   mytimer.o
    0x08000634   0x08000634   0x00000076   Code   RO           75    .text.MyTimer_SetDutyCycle  mytimer.o
    0x080006aa   0x080006aa   0x00000002   PAD
    0x080006ac   0x080006ac   0x00000008   Code   RO          124    .text.SetSysClock   system_stm32f10x.o
    0x080006b4   0x080006b4   0x00000122   Code   RO          128    .text.SetSysClockTo72  system_stm32f10x.o
    0x080007d6   0x080007d6   0x00000002   PAD
    0x080007d8   0x080007d8   0x00000066   Code   RO          122    .text.SystemInit    system_stm32f10x.o
    0x0800083e   0x0800083e   0x00000002   PAD
    0x08000840   0x08000840   0x00000030   Code   RO           57    .text.TIM1_UP_IRQHandler  mytimer.o
    0x08000870   0x08000870   0x0000002e   Code   RO           59    .text.TIM2_IRQHandler  mytimer.o
    0x0800089e   0x0800089e   0x00000002   PAD
    0x080008a0   0x080008a0   0x00000030   Code   RO           61    .text.TIM3_IRQHandler  mytimer.o
    0x080008d0   0x080008d0   0x00000030   Code   RO           63    .text.TIM4_IRQHandler  mytimer.o
    0x08000900   0x08000900   0x0000029e   Code   RO            2    .text.main          principal.o
    0x08000b9e   0x08000b9e   0x00000002   PAD
    0x08000ba0   0x08000ba0   0x00000030   Code   RO          141    i.MySPI_Clear_NSS   Lib_Com_Periph_2022.lib(myspi.o)
    0x08000bd0   0x08000bd0   0x000001f4   Code   RO          142    i.MySPI_Init        Lib_Com_Periph_2022.lib(myspi.o)
    0x08000dc4   0x08000dc4   0x00000054   Code   RO          143    i.MySPI_Read        Lib_Com_Periph_2022.lib(myspi.o)
    0x08000e18   0x08000e18   0x00000050   Code   RO          144    i.MySPI_Send        Lib_Com_Periph_2022.lib(myspi.o)
    0x08000e68   0x08000e68   0x0000002c   Code   RO          145    i.MySPI_Set_NSS     Lib_Com_Periph_2022.lib(myspi.o)
    0x08000e94   0x08000e94   0x00000026   Code   RO          215    i.__ARM_fpclassifyf  m_ws.l(fpclassifyf.o)
    0x08000eba   0x08000eba   0x00000006   Code   RO          218    i.__mathlib_flt_infnan  m_ws.l(funder.o)
    0x08000ec0   0x08000ec0   0x0000000a   Code   RO          223    i.__mathlib_flt_underflow  m_ws.l(funder.o)
    0x08000eca   0x08000eca   0x00000002   PAD
    0x08000ecc   0x08000ecc   0x0000017c   Code   RO          196    i.atanf             m_ws.l(atanf.o)
    0x08001048   0x08001048   0x00000062   Code   RO          161    x$fpl$d2f           fz_ws.l(d2f.o)
    0x080010aa   0x080010aa   0x00000002   PAD
    0x080010ac   0x080010ac   0x00000150   Code   RO          163    x$fpl$dadd          fz_ws.l(daddsub_clz.o)
    0x080011fc   0x080011fc   0x000002b4   Code   RO          170    x$fpl$ddiv          fz_ws.l(ddiv.o)
    0x080014b0   0x080014b0   0x0000009c   Code   RO          200    x$fpl$dnaninf       fz_ws.l(dnaninf.o)
    0x0800154c   0x0800154c   0x0000000c   Code   RO          202    x$fpl$dretinf       fz_ws.l(dretinf.o)
    0x08001558   0x08001558   0x000001dc   Code   RO          165    x$fpl$dsub          fz_ws.l(daddsub_clz.o)
    0x08001734   0x08001734   0x00000056   Code   RO          173    x$fpl$f2d           fz_ws.l(f2d.o)
    0x0800178a   0x0800178a   0x00000002   PAD
    0x0800178c   0x0800178c   0x000000c4   Code   RO          175    x$fpl$fadd          fz_ws.l(faddsub_clz.o)
    0x08001850   0x08001850   0x0000000c   Code   RO          260    x$fpl$fcheck1       fz_ws.l(fcheck1.o)
    0x0800185c   0x0800185c   0x00000054   Code   RO          181    x$fpl$fcmp          fz_ws.l(fcmp.o)
    0x080018b0   0x080018b0   0x00000018   Code   RO          246    x$fpl$fcmpinf       fz_ws.l(fcmpi.o)
    0x080018c8   0x080018c8   0x00000184   Code   RO          184    x$fpl$fdiv          fz_ws.l(fdiv.o)
    0x08001a4c   0x08001a4c   0x00000068   Code   RO          204    x$fpl$feqf          fz_ws.l(feqf.o)
    0x08001ab4   0x08001ab4   0x00000030   Code   RO          188    x$fpl$fflt          fz_ws.l(fflt_clz.o)
    0x08001ae4   0x08001ae4   0x00000068   Code   RO          206    x$fpl$fgeqf         fz_ws.l(fgeqf.o)
    0x08001b4c   0x08001b4c   0x00000068   Code   RO          208    x$fpl$fleqf         fz_ws.l(fleqf.o)
    0x08001bb4   0x08001bb4   0x00000102   Code   RO          193    x$fpl$fmul          fz_ws.l(fmul.o)
    0x08001cb6   0x08001cb6   0x0000008c   Code   RO          210    x$fpl$fnaninf       fz_ws.l(fnaninf.o)
    0x08001d42   0x08001d42   0x0000000a   Code   RO          212    x$fpl$fretinf       fz_ws.l(fretinf.o)
    0x08001d4c   0x08001d4c   0x000000ea   Code   RO          177    x$fpl$fsub          fz_ws.l(faddsub_clz.o)
    0x08001e36   0x08001e36   0x00000064   Code   RO          314    x$fpl$retnan        fz_ws.l(retnan.o)
    0x08001e9a   0x08001e9a   0x0000004c   Code   RO          248    x$fpl$scalbnf       fz_ws.l(scalbnf.o)
    0x08001ee6   0x08001ee6   0x00000030   Code   RO          327    x$fpl$trapveneer    fz_ws.l(trapv.o)
    0x08001f16   0x08001f16   0x00000000   Code   RO          214    x$fpl$usenofp       fz_ws.l(usenofp.o)
    0x08001f16   0x08001f16   0x00000002   PAD
    0x08001f18   0x08001f18   0x00000020   Data   RO          402    Region$$Table       anon$$obj.o


    Execution Region ER_RW (Exec base: 0x20000000, Load base: 0x08001f38, Size: 0x00000004, Max: 0xffffffff, ABSOLUTE)

    Exec Addr    Load Addr    Size         Type   Attr      Idx    E Section Name        Object

    0x20000000   0x08001f38   0x00000004   Data   RW          146    .data               Lib_Com_Periph_2022.lib(myspi.o)


    Execution Region ER_ZI (Exec base: 0x20000008, Load base: 0x08001f3c, Size: 0x00000668, Max: 0xffffffff, ABSOLUTE)

    Exec Addr    Load Addr    Size         Type   Attr      Idx    E Section Name        Object

    0x20000008        -       0x00000060   Zero   RW          263    .bss                c_w.l(libspace.o)
    0x20000068        -       0x00000004   Zero   RW           77    .bss.Timer_Callback  mytimer.o
    0x2000006c   0x08001f3c   0x00000004   PAD
    0x20000070        -       0x00000200   Zero   RW          113    HEAP                startup_stm32f10x_md.o
    0x20000270        -       0x00000400   Zero   RW          112    STACK               startup_stm32f10x_md.o


==============================================================================

Image component sizes


      Code (inc. data)   RO Data    RW Data    ZI Data      Debug   Object Name

       200          0          0          0          0       2536   myencoder.o
       326          0          0          0          0       2053   mygpio.o
       782          0          0          0          4       6197   mytimer.o
       670          0          0          0          0       3204   principal.o
        64         26        236          0       1536        892   startup_stm32f10x_md.o
       400          0          0          0          0       2917   system_stm32f10x.o

    ----------------------------------------------------------------------
      2460         26        268          0       1544      17799   Object Totals
         0          0         32          0          0          0   (incl. Generated)
        18          0          0          0          4          0   (incl. Padding)

    ----------------------------------------------------------------------

      Code (inc. data)   RO Data    RW Data    ZI Data      Debug   Library Member Name

       756         80          0          4          0        348   myspi.o
         8          0          0          0          0         68   __main.o
         0          0          0          0          0          0   __rtentry.o
        12          0          0          0          0          0   __rtentry2.o
         6          0          0          0          0          0   __rtentry4.o
        52          8          0          0          0          0   __scatter.o
        26          0          0          0          0          0   __scatter_copy.o
        28          0          0          0          0          0   __scatter_zi.o
        18          0          0          0          0         80   exit.o
         6          0          0          0          0        152   heapauxi.o
         0          0          0          0          0          0   indicate_semi.o
         2          0          0          0          0          0   libinit.o
         2          0          0          0          0          0   libinit2.o
         2          0          0          0          0          0   libshutdown.o
         2          0          0          0          0          0   libshutdown2.o
         8          4          0          0         96         68   libspace.o
         2          0          0          0          0          0   rtexit.o
        10          0          0          0          0          0   rtexit2.o
        12          4          0          0          0         68   sys_exit.o
        74          0          0          0          0         80   sys_stackheap_outer.o
         2          0          0          0          0         68   use_no_semi.o
        98          4          0          0          0         92   d2f.o
       812         16          0          0          0        296   daddsub_clz.o
       692        140          0          0          0        216   ddiv.o
       156          4          0          0          0         92   dnaninf.o
        12          0          0          0          0         68   dretinf.o
        86          4          0          0          0         84   f2d.o
       430          8          0          0          0        168   faddsub_clz.o
        12          4          0          0          0         68   fcheck1.o
        84          0          0          0          0        196   fcmp.o
        24          0          0          0          0         68   fcmpi.o
       388         76          0          0          0         96   fdiv.o
       104          4          0          0          0         84   feqf.o
        48          0          0          0          0         68   fflt_clz.o
       104          4          0          0          0         84   fgeqf.o
       104          4          0          0          0         84   fleqf.o
       258          4          0          0          0         84   fmul.o
       140          4          0          0          0         84   fnaninf.o
        10          0          0          0          0         68   fretinf.o
       100          0          0          0          0         68   retnan.o
        76          0          0          0          0         68   scalbnf.o
        48          0          0          0          0         68   trapv.o
         0          0          0          0          0          0   usenofp.o
       380         56          0          0          0        108   atanf.o
        38          0          0          0          0         68   fpclassifyf.o
        16          0          0          0          0        136   funder.o

    ----------------------------------------------------------------------
      5264        428          0          4         96       3448   Library Totals
        16          0          0          0          0          0   (incl. Padding)

    ----------------------------------------------------------------------

      Code (inc. data)   RO Data    RW Data    ZI Data      Debug   Library Name

       756         80          0          4          0        348   Lib_Com_Periph_2022.lib
       272         16          0          0         96        584   c_w.l
      3786        276          0          0          0       2204   fz_ws.l
       434         56          0          0          0        312   m_ws.l

    ----------------------------------------------------------------------
      5264        428          0          4         96       3448   Library Totals

    ----------------------------------------------------------------------

==============================================================================


      Code (inc. data)   RO Data    RW Data    ZI Data      Debug   

      7724        454        268          4       1640      19499   Grand Totals
      7724        454        268          4       1640      19499   ELF Image Totals
      7724        454        268          4          0          0   ROM Totals

==============================================================================

    Total RO  Size (Code + RO Data)                 7992 (   7.80kB)
    Total RW  Size (RW Data + ZI Data)              1644 (   1.61kB)
    Total ROM Size (Code + RO Data + RW Data)       7996 (   7.81kB)

==============================================================================

